###############################################################################
#
# IAR ELF Linker V8.40.1.212/W32 for ARM                  09/Mar/2021  23:31:47
# Copyright 2007-2019 IAR Systems AB.
#
#    Output file  =
#        C:\Users\Yesoooof\Documents\GitHub\Team-20-Sensor-Suite\Firmware\On-chip
#        App\onchipsdk-master\projects\iar\SensorSuiteOAP\Debug\Exe\SensorSuiteOAP.out
#    Map file     =
#        C:\Users\Yesoooof\Documents\GitHub\Team-20-Sensor-Suite\Firmware\On-chip
#        App\onchipsdk-master\projects\iar\SensorSuiteOAP\Debug\List\SensorSuiteOAP.map
#    Command line =
#        -f C:\Users\Yesoooof\AppData\Local\Temp\EW9A53.tmp
#        ("C:\Users\Yesoooof\Documents\GitHub\Team-20-Sensor-Suite\Firmware\On-chip
#        App\onchipsdk-master\projects\iar\SensorSuiteOAP\Debug\Obj\cli_task.o"
#        "C:\Users\Yesoooof\Documents\GitHub\Team-20-Sensor-Suite\Firmware\On-chip
#        App\onchipsdk-master\projects\iar\SensorSuiteOAP\Debug\Obj\dnm_local.o"
#        "C:\Users\Yesoooof\Documents\GitHub\Team-20-Sensor-Suite\Firmware\On-chip
#        App\onchipsdk-master\projects\iar\SensorSuiteOAP\Debug\Obj\dnm_rate_ctrl.o"
#        "C:\Users\Yesoooof\Documents\GitHub\Team-20-Sensor-Suite\Firmware\On-chip
#        App\onchipsdk-master\projects\iar\SensorSuiteOAP\Debug\Obj\dnm_service.o"
#        "C:\Users\Yesoooof\Documents\GitHub\Team-20-Sensor-Suite\Firmware\On-chip
#        App\onchipsdk-master\projects\iar\SensorSuiteOAP\Debug\Obj\dnm_ucli.o"
#        "C:\Users\Yesoooof\Documents\GitHub\Team-20-Sensor-Suite\Firmware\On-chip
#        App\onchipsdk-master\src\lib\libip_stack.a"
#        "C:\Users\Yesoooof\Documents\GitHub\Team-20-Sensor-Suite\Firmware\On-chip
#        App\onchipsdk-master\src\lib\libucos_full.a"
#        "C:\Users\Yesoooof\Documents\GitHub\Team-20-Sensor-Suite\Firmware\On-chip
#        App\onchipsdk-master\projects\iar\SensorSuiteOAP\Debug\Obj\loc_task.o"
#        "C:\Users\Yesoooof\Documents\GitHub\Team-20-Sensor-Suite\Firmware\On-chip
#        App\onchipsdk-master\projects\iar\SensorSuiteOAP\Debug\Obj\SensorSuite_app.o"
#        --no_out_extension -o
#        "C:\Users\Yesoooof\Documents\GitHub\Team-20-Sensor-Suite\Firmware\On-chip
#        App\onchipsdk-master\projects\iar\SensorSuiteOAP\Debug\Exe\SensorSuiteOAP.out"
#        --redirect _Printf=_PrintfFullNoMb --redirect _Scanf=_ScanfFullNoMb
#        --config_def use_loader=1 --map
#        "C:\Users\Yesoooof\Documents\GitHub\Team-20-Sensor-Suite\Firmware\On-chip
#        App\onchipsdk-master\projects\iar\SensorSuiteOAP\Debug\List\SensorSuiteOAP.map"
#        --config "C:\Program Files (x86)\IAR Systems\Embedded Workbench
#        8.3\arm\config\linker\Linear\DustNetworks\Eterna.icf" --entry
#        __reset_handler --vfe --text_out locale)
#
###############################################################################

*******************************************************************************
*** MESSAGES
***

Warning[Lt010]: Inconsistent enum container size
            cli_task.o and 1 other objects uses smallest possible
            dnm_local.o and 217 other objects, some of them in libip_stack.a
                      uses word size


*******************************************************************************
*** RUNTIME MODEL ATTRIBUTES
***

CppFlavor       = *
__SystemLibrary = DLib
__dlib_version  = 6


*******************************************************************************
*** HEAP SELECTION
***

The basic heap was selected because no calls to memory allocation
functions were found in the application outside of system library
functions, and there are calls to deallocation functions in the
application.


*******************************************************************************
*** PLACEMENT SUMMARY
***

"P1":  place in [from 0x4'1020 to 0x7'ffff] { ro section .intvec };
"P3":  place in [from 0x4'1020 to 0x7'ffff] { ro };
"A0":  place at start of [from 0x4'1020 to 0x7'ffff] { section .reset_start };
"A1":  place at start of [from 0x4'1000 to 0x4'101f] {
          section .kernel_exe_hdr };
"P4":  place in [from 0xc'8000 to 0xc'9fff] { section .code_ram };
"A2":  place at end of [from 0x2000'0000 to 0x2000'ffff] { section .heap_end };
define block CSTACK with size = 2K, alignment = 4 { };
define block SRAM_D
   with fixed order {
      section .ram_vectors, block CSTACK, rw, section .heap_start };
"P5":  place in [from 0x2000'0000 to 0x2000'ffff] { block SRAM_D };
do not initialize { section .noinit };
do not initialize { section .ram_vectors };
initialize by copy with packing = copy, complex ranges { rw };
initialize by copy with packing = copy, complex ranges { section .code_ram };

No sections matched the following patterns:

  section .fuse  in "P2"


  Section                 Kind         Address      Size  Object
  -------                 ----         -------      ----  ------
"A1":                                               0x20
  .kernel_exe_hdr         const       0x4'1000      0x20  SensorSuite_app.o [1]
                                    - 0x4'1020      0x20

"A0":                                               0x10
  .reset_start            ro code     0x4'1020      0x10  reset.obj [3]
                                    - 0x4'1030      0x10

"P1|P3":                                        0x2'e3ac
  .text                   ro code     0x4'1030    0x2984  radio.obj [3]
  .text                   ro code     0x4'39b4     0x134  assert.obj [3]
  .text                   ro code     0x4'3ae8     0x894  timer_sched.obj [3]
  .text                   ro code     0x4'437c     0x49c  k_cli.obj [3]
  .text                   ro code     0x4'4818     0x10c  mem.obj [3]
  .text                   ro code     0x4'4924       0x6  ABImemclr.o [6]
  .text                   ro code     0x4'492a      0x22  cmd_paramPwrCostInfo.obj [3]
  .text                   ro code     0x4'494c     0x2cc  dma.obj [3]
  .text                   ro code     0x4'4c18      0x30  ioconfig.obj [3]
  .text                   ro code     0x4'4c48     0x1aa  nvic.obj [3]
  .text                   ro code     0x4'4df2      0x1a  xsnprout.o [2]
  .text                   ro code     0x4'4e0c       0x6  ABImemclr4.o [6]
  .rodata                 const       0x4'4e12       0x2  os_dbg.obj [4]
  CODE                    ro code     0x4'4e14      0xa0  os_cpu_a.obj [4]
  .text                   ro code     0x4'4eb4     0x860  clkcomp.obj [3]
  .text                   ro code     0x4'5714     0x5b8  dn_os_tmr.obj [3]
  .text                   ro code     0x4'5ccc     0x55c  adc_controller.obj [3]
  .text                   ro code     0x4'6228     0x198  flash_info.obj [3]
  .text                   ro code     0x4'63c0     0x274  I64DivMod.o [6]
  .text                   ro code     0x4'6634     0x3a0  kernel_monitor.obj [3]
  .text                   ro code     0x4'69d4      0x34  fuse_table.obj [3]
  .text                   ro code     0x4'6a08     0x6a8  uart.obj [3]
  .text                   ro code     0x4'70b0      0xa8  kernel.obj [3]
  .text                   ro code     0x4'7158      0x44  snprintf.o [2]
  .text                   ro code     0x4'719c     0x244  llog.obj [3]
  .text                   ro code     0x4'73e0     0x380  uartc.obj [3]
  .text                   ro code     0x4'7760      0x3c  vsnprint.o [2]
  .text                   ro code     0x4'779c    0x1500  ucos_ii.obj [4]
  .text                   ro code     0x4'8c9c      0x70  strncpy.o [6]
  .text                   ro code     0x4'8d0c      0xe4  ext_bus.obj [3]
  .text                   ro code     0x4'8df0     0x2d8  uart_cli.obj [3]
  .text                   ro code     0x4'90c8      0x8e  ring.obj [3]
  .rodata                 const       0x4'9156       0x2  os_dbg.obj [4]
  .text                   ro code     0x4'9158     0x20c  main.obj [3]
  .text                   ro code     0x4'9364       0x4  mem_drv.obj [3]
  .text                   ro code     0x4'9368      0x36  strlen.o [6]
  .rodata                 const       0x4'939e       0x2  os_dbg.obj [4]
  .text                   ro code     0x4'93a0      0x12  strcmp.o [6]
  .rodata                 const       0x4'93b2       0x2  os_dbg.obj [4]
  .text                   ro code     0x4'93b4     0x6ec  dn_channel.obj [3]
  .text                   ro code     0x4'9aa0      0x66  ABImemset.o [6]
  .rodata                 const       0x4'9b06       0x2  os_dbg.obj [4]
  .text                   ro code     0x4'9b08      0xa6  ABImemcpy.o [6]
  .rodata                 const       0x4'9bae       0x2  os_dbg.obj [4]
  .text                   ro code     0x4'9bb0      0x3a  ABImemset48.o [6]
  .rodata                 const       0x4'9bea       0x2  os_dbg.obj [4]
  .text                   ro code     0x4'9bec     0x8bc  mac.obj [3]
  .text                   ro code     0x4'a4a8     0x2f0  netpll.obj [3]
  .text                   ro code     0x4'a798     0x290  timer.obj [3]
  .text                   ro code     0x4'aa28     0x4a4  adc_drv.obj [3]
  .text                   ro code     0x4'aecc     0x374  utils.obj [3]
  .text                   ro code     0x4'b240      0x44  hw_dbg.obj [3]
  .text                   ro code     0x4'b284     0x64c  pmu.obj [3]
  .text                   ro code     0x4'b8d0      0xb4  block_op.obj [3]
  .text                   ro code     0x4'b984       0x2  I64DivZer.o [6]
  .rodata                 const       0x4'b986       0x2  os_dbg.obj [4]
  .text                   ro code     0x4'b988     0x1b8  security_drv_selftest.obj [3]
  .text                   ro code     0x4'bb40     0xf64  fs_utils.obj [3]
  .text                   ro code     0x4'caa4      0x12  pps_clk.obj [3]
  .rodata                 const       0x4'cab6       0x2  os_dbg.obj [4]
  .text                   ro code     0x4'cab8     0xc68  radio_drv.obj [3]
  .text                   ro code     0x4'd720     0x12c  mote.obj [3]
  .text                   ro code     0x4'd84c     0x378  SensorSuite_app.o [1]
  .text                   ro code     0x4'dbc4       0x2  nucleus.obj [3]
  .rodata                 const       0x4'dbc6       0x2  os_dbg.obj [4]
  .text                   ro code     0x4'dbc8      0xa2  random2.obj [3]
  .rodata                 const       0x4'dc6a       0x2  os_dbg.obj [4]
  .text                   ro code     0x4'dc6c     0x278  dn_time.obj [3]
  .text                   ro code     0x4'dee4     0x518  uart_drv.obj [3]
  .text                   ro code     0x4'e3fc     0x31c  gpio_drv.obj [3]
  .text                   ro code     0x4'e718     0x118  wd.obj [3]
  .text                   ro code     0x4'e830     0x3dc  flash_drv.obj [3]
  .text                   ro code     0x4'ec0c     0x440  security_drv.obj [3]
  .text                   ro code     0x4'f04c      0xb8  bops_drv.obj [3]
  .text                   ro code     0x4'f104     0xfaa  xprintffull_nomb.o [2]
  .rodata                 const       0x5'00ae       0x2  os_dbg.obj [4]
  .text                   ro code     0x5'00b0      0x1e  U64Shr.o [6]
  .rodata                 const       0x5'00ce       0x2  os_dbg.obj [4]
  Veneer                  ro code     0x5'00d0       0x8  - Linker created -
  .text                   ro code     0x5'00d8     0x25c  flash.obj [3]
  .text                   ro code     0x5'0334     0x10c  hwinfo_drv.obj [3]
  .text                   ro code     0x5'0440      0x9c  os_cpu_c.obj [4]
  .text                   ro code     0x5'04dc       0x2  os_dbg.obj [4]
  .rodata                 const       0x5'04de       0x2  os_dbg.obj [4]
  .text                   ro code     0x5'04e0     0x1f4  cal_struct.obj [3]
  .text                   ro code     0x5'06d4      0x44  pwm32k.obj [3]
  .text                   ro code     0x5'0718      0x5c  charge.obj [3]
  .text                   ro code     0x5'0774     0x590  aes_hw.obj [3]
  .text                   ro code     0x5'0d04      0x58  mpu.obj [3]
  .text                   ro code     0x5'0d5c      0xde  memtest.obj [3]
  .text                   ro code     0x5'0e3a      0x9a  ext_bus_mem.obj [3]
  .text                   ro code     0x5'0ed4      0xb0  mac_pk.obj [3]
  .text                   ro code     0x5'0f84     0x998  mac_join.obj [3]
  .text                   ro code     0x5'191c     0x9e8  lmac.obj [3]
  .text                   ro code     0x5'2304     0x4b6  mac_frame.obj [3]
  .rodata                 const       0x5'27ba       0x2  os_dbg.obj [4]
  .text                   ro code     0x5'27bc     0x5bc  mac_link.obj [3]
  .text                   ro code     0x5'2d78     0x574  mac_neighb.obj [3]
  .text                   ro code     0x5'32ec     0x120  mac_graph.obj [3]
  .text                   ro code     0x5'340c     0x124  mac_dscv.obj [3]
  .text                   ro code     0x5'3530     0x154  mac_duplicate.obj [3]
  .text                   ro code     0x5'3684       0x6  mac_ap_parents.obj [3]
  .rodata                 const       0x5'368a       0x2  os_dbg.obj [4]
  .text                   ro code     0x5'368c     0xc20  mac_api.obj [3]
  .text                   ro code     0x5'42ac      0xda  membuf.obj [3]
  .text                   ro code     0x5'4386     0x112  arr.obj [3]
  .text                   ro code     0x5'4498     0x3ec  lmac_linkseq_util.obj [3]
  .text                   ro code     0x5'4884     0x228  mac_proc_adv.obj [3]
  .text                   ro code     0x5'4aac      0xda  ilist.obj [3]
  .text                   ro code     0x5'4b86      0x6c  llist.obj [3]
  .rodata                 const       0x5'4bf2       0x2  os_dbg.obj [4]
  .text                   ro code     0x5'4bf4      0x68  memcmp.o [6]
  .text                   ro code     0x5'4c5c      0x28  strncmp.o [2]
  .text                   ro code     0x5'4c84     0x268  fcs.obj [3]
  .text                   ro code     0x5'4eec     0x244  dnm_cli.obj [3]
  .text                   ro code     0x5'5130     0x1cc  dev_info.obj [3]
  .text                   ro code     0x5'52fc     0x41c  blink.obj [3]
  .text                   ro code     0x5'5718     0x994  join.obj [3]
  .text                   ro code     0x5'60ac     0x180  time_info.obj [3]
  .text                   ro code     0x5'622c     0x830  mote_cli.obj [3]
  .text                   ro code     0x5'6a5c     0x59c  mote_monitor.obj [3]
  .text                   ro code     0x5'6ff8     0x374  socket.obj [3]
  .text                   ro code     0x5'736c      0xd8  transport_util.obj [3]
  .text                   ro code     0x5'7444     0x768  security.obj [3]
  .text                   ro code     0x5'7bac     0x1b0  route.obj [3]
  .text                   ro code     0x5'7d5c     0x214  service.obj [3]
  .text                   ro code     0x5'7f70      0x38  net_util.obj [3]
  .text                   ro code     0x5'7fa8      0x4c  net_cfg.obj [3]
  .text                   ro code     0x5'7ff4      0xcc  net_pk.obj [3]
  .text                   ro code     0x5'80c0     0x110  net_queue.obj [3]
  .text                   ro code     0x5'81d0     0x934  net_mac.obj [3]
  .text                   ro code     0x5'8b04     0x8b4  loc_intf.obj [3]
  .text                   ro code     0x5'93b8     0x1c0  event.obj [3]
  .text                   ro code     0x5'9578      0xa4  alarms.obj [3]
  .text                   ro code     0x5'961c     0x758  report.obj [3]
  .text                   ro code     0x5'9d74       0x6  rel_notif.obj [3]
  .rodata                 const       0x5'9d7a       0x2  os_dbg.obj [4]
  .text                   ro code     0x5'9d7c     0x60c  dn_system.obj [3]
  .text                   ro code     0x5'a388     0x4f8  dnm_cli_util.obj [3]
  .text                   ro code     0x5'a880     0x230  cli_task.o [1]
  .text                   ro code     0x5'aab0     0x39c  loc_task.o [1]
  .text                   ro code     0x5'ae4c     0x480  dnm_local.o [1]
  .text                   ro code     0x5'b2cc     0x264  dnm_ucli.o [1]
  .text                   ro code     0x5'b530     0x120  settime.obj [3]
  .text                   ro code     0x5'b650       0xe  ext_clk.obj [3]
  .text                   ro code     0x5'b65e       0x4  int_clk.obj [3]
  .rodata                 const       0x5'b662       0x2  os_dbg.obj [4]
  .text                   ro code     0x5'b664      0x84  gpio.obj [3]
  .text                   ro code     0x5'b6e8      0x6c  gpio_radio_inhibit.obj [3]
  .text                   ro code     0x5'b754       0xc  flash_drv_par.obj [3]
  .text                   ro code     0x5'b760      0x16  strchr.o [6]
  .rodata                 const       0x5'b776       0x2  os_dbg.obj [4]
  .text                   ro code     0x5'b778      0x40  xfail_s.o [2]
  .text                   ro code     0x5'b7b8      0x58  memchr.o [6]
  .text                   ro code     0x5'b810      0x70  frexp.o [5]
  .text                   ro code     0x5'b880      0x2e  DblCmpLe.o [5]
  .rodata                 const       0x5'b8ae       0x2  os_dbg.obj [4]
  .text                   ro code     0x5'b8b0      0x2e  DblCmpGe.o [5]
  .rodata                 const       0x5'b8de       0x2  os_dbg.obj [4]
  .text                   ro code     0x5'b8e0     0x13a  ldexp.o [5]
  .rodata                 const       0x5'ba1a       0x2  os_dbg.obj [4]
  .text                   ro code     0x5'ba1c      0x3a  DblToS32.o [5]
  .rodata                 const       0x5'ba56       0x2  os_dbg.obj [4]
  .text                   ro code     0x5'ba58      0x22  S32ToDbl.o [5]
  .rodata                 const       0x5'ba7a       0x2  os_dbg.obj [4]
  .text                   ro code     0x5'ba7c      0xe2  DblSub.o [5]
  .rodata                 const       0x5'bb5e       0x2  os_dbg.obj [4]
  .text                   ro code     0x5'bb60     0x246  DblDiv.o [5]
  .rodata                 const       0x5'bda6       0x2  os_dbg.obj [4]
  .text                   ro code     0x5'bda8      0x28  DblToU32.o [5]
  .text                   ro code     0x5'bdd0      0x1a  U32ToDbl.o [5]
  .rodata                 const       0x5'bdea       0x2  os_dbg.obj [4]
  .text                   ro code     0x5'bdec     0x1a2  DblMul.o [5]
  .text                   ro code     0x5'bf8e      0x10  flash_charge.obj [3]
  .rodata                 const       0x5'bf9e       0x2  os_dbg.obj [4]
  .text                   ro code     0x5'bfa0       0x8  os_hooks.obj [3]
  .text                   ro code     0x5'bfa8      0x60  cpu_charge.obj [3]
  .text                   ro code     0x5'c008     0x344  mac_net.obj [3]
  .text                   ro code     0x5'c34c     0x10c  mac_asn.obj [3]
  .text                   ro code     0x5'c458      0x5c  mac_aux.obj [3]
  .text                   ro code     0x5'c4b4     0x10c  mac_conn.obj [3]
  .text                   ro code     0x5'c5c0     0x66c  tengine.obj [3]
  .text                   ro code     0x5'cc2c      0xdc  lmac_notif.obj [3]
  .text                   ro code     0x5'cd08      0xac  lmac_pk.obj [3]
  .text                   ro code     0x5'cdb4     0x77c  lmac_linkseq.obj [3]
  .text                   ro code     0x5'd530     0x23c  lmac_adv.obj [3]
  .text                   ro code     0x5'd76c    0x1994  tengine_sched.obj [3]
  .text                   ro code     0x5'f100      0xfc  mac_lmacintf.obj [3]
  .text                   ro code     0x5'f1fc     0xab0  tengine_header.obj [3]
  .text                   ro code     0x5'fcac     0x126  ilist16.obj [3]
  .rodata                 const       0x5'fdd2       0x2  os_dbg.obj [4]
  .text                   ro code     0x5'fdd4      0x22  I64Shl.o [6]
  .rodata                 const       0x5'fdf6       0x2  os_dbg.obj [4]
  .text                   ro code     0x5'fdf8     0x5e4  ip_cfg.obj [3]
  .text                   ro code     0x6'03dc     0x768  mac_intf.obj [3]
  .text                   ro code     0x6'0b44     0x7dc  config.obj [3]
  .text                   ro code     0x6'1320       0xa  loc_ap.obj [3]
  .rodata                 const       0x6'132a       0x2  os_dbg.obj [4]
  .text                   ro code     0x6'132c     0x928  net_cli.obj [3]
  .text                   ro code     0x6'1c54    0x1780  pktrace.obj [3]
  .text                   ro code     0x6'33d4     0x54c  net.obj [3]
  .text                   ro code     0x6'3920      0x90  security_cntr.obj [3]
  .text                   ro code     0x6'39b0     0x528  notif.obj [3]
  .text                   ro code     0x6'3ed8      0xac  rlock.obj [3]
  .text                   ro code     0x6'3f84     0x29c  mesh.obj [3]
  .text                   ro code     0x6'4220     0x150  cmd_local.obj [3]
  .text                   ro code     0x6'4370      0x48  ip_util.obj [3]
  .text                   ro code     0x6'43b8       0x6  abort.o [2]
  .rodata                 const       0x6'43be       0x2  os_dbg.obj [4]
  .text                   ro code     0x6'43c0     0x16a  DblAdd.o [5]
  .rodata                 const       0x6'452a       0x2  os_dbg.obj [4]
  .text                   ro code     0x6'452c     0x648  tengine_pk.obj [3]
  .text                   ro code     0x6'4b74      0xfc  tengine_charge.obj [3]
  .text                   ro code     0x6'4c70     0x740  fs_api.obj [3]
  .text                   ro code     0x6'53b0     0x150  iar_Stoulx.o [2]
  .text                   ro code     0x6'5500     0x77c  radio_utils.obj [3]
  .text                   ro code     0x6'5c7c      0x40  bsearch.o [2]
  .text                   ro code     0x6'5cbc      0x28  strncat.o [2]
  .text                   ro code     0x6'5ce4      0x22  trace_utils.obj [3]
  .rodata                 const       0x6'5d06       0x2  os_dbg.obj [4]
  .text                   ro code     0x6'5d08     0x224  transport.obj [3]
  .text                   ro code     0x6'5f2c     0x2e4  ip.obj [3]
  .text                   ro code     0x6'6210     0x1c0  udp.obj [3]
  .text                   ro code     0x6'63d0       0x6  addrmap.obj [3]
  .rodata                 const       0x6'63d6       0x2  os_dbg.obj [4]
  .text                   ro code     0x6'63d8       0xc  os_dn_utils.obj [3]
  .text                   ro code     0x6'63e4     0x360  cmd.obj [3]
  .text                   ro code     0x6'6744       0xc  XXexit.o [6]
  .text                   ro code     0x6'6750     0xffc  cmd_otap.obj [3]
  .text                   ro code     0x6'774c     0x120  lzss.obj [3]
  .text                   ro code     0x6'786c     0xca0  lmac_macintf.obj [3]
  .text                   ro code     0x6'850c     0x5e8  one_wire.obj [3]
  .text                   ro code     0x6'8af4     0x560  net_cli_fs.obj [3]
  .text                   ro code     0x6'9054     0x558  spi_drv.obj [3]
  .text                   ro code     0x6'95ac     0x3f8  spi_master.obj [3]
  .text                   ro code     0x6'99a4     0x448  onewire_drv.obj [3]
  .text                   ro code     0x6'9dec     0x3e4  uart_raw.obj [3]
  .text                   ro code     0x6'a1d0     0x34c  cmd_net.obj [3]
  .text                   ro code     0x6'a51c     0x344  uart_raw_drv.obj [3]
  .rodata                 const       0x6'a860     0x2f8  pktrace.obj [3]
  .text                   ro code     0x6'ab58     0x2d4  i2c_drv.obj [3]
  .text                   ro code     0x6'ae2c     0x21c  i2c.obj [3]
  .text                   ro code     0x6'b048     0x270  cmd_locRadioTest.obj [3]
  .text                   ro code     0x6'b2b8     0x25c  cmd_param.obj [3]
  .text                   ro code     0x6'b514     0x220  cmd_paramPwrSrc.obj [3]
  .rodata                 const       0x6'b734     0x1fc  mote_cli.obj [3]
  .text                   ro code     0x6'b930     0x180  pwm.obj [3]
  .rodata                 const       0x6'bab0     0x174  utils.obj [3]
  .text                   ro code     0x6'bc24     0x174  lptimer.obj [3]
  .rodata                 const       0x6'bd98     0x138  mac_api.obj [3]
  .rodata                 const       0x6'bed0     0x120  ip_cfg.obj [3]
  .text                   ro code     0x6'bff0     0x118  cmd_paramTime.obj [3]
  Initializer bytes       const       0x6'c108      0xf4  <for rw-1>
  .text                   ro code     0x6'c1fc       0xc  cstartup_M.o [6]
  .text                   ro code     0x6'c208      0x1e  cmain.o [6]
  .text                   ro code     0x6'c226       0x4  low_level_init.o [2]
  .rodata                 const       0x6'c22a       0x2  os_dbg.obj [4]
  .text                   ro code     0x6'c22c      0x28  data_init.o [6]
  .text                   ro code     0x6'c254       0x4  exit.o [2]
  .text                   ro code     0x6'c258       0xa  cexit.o [6]
  .rodata                 const       0x6'c262       0x2  os_dbg.obj [4]
  .text                   ro code     0x6'c264      0xcc  cli_drv.obj [3]
  .text                   ro code     0x6'c330      0xc0  fault_c.obj [3]
  .text                   ro code     0x6'c3f0      0xb8  lptimer_drv.obj [3]
  .text                   ro code     0x6'c4a8      0xae  cmd_paramCharge.obj [3]
  .text                   ro code     0x6'c556      0xa6  cmd_paramAppInfo.obj [3]
  .text                   ro code     0x6'c5fc      0xa0  cmd_paramTxPwr.obj [3]
  .text                   ro code     0x6'c69c      0x7e  cmd_netReadLink.obj [3]
  .text                   ro code     0x6'c71a      0x7c  cmd_netReadLinkExt.obj [3]
  .rodata                 const       0x6'c796       0x2  os_dbg.obj [4]
  .text                   ro code     0x6'c798      0x7c  cmd_locSearch.obj [3]
  .text                   ro code     0x6'c814      0x76  cmd_paramMoteInfo.obj [3]
  .text                   ro code     0x6'c88a      0x6e  cmd_netAddMulLink.obj [3]
  .text                   ro code     0x6'c8f8      0x6e  cmd_netReadSession.obj [3]
  .text                   ro code     0x6'c966      0x6e  cmd_paramEventMask.obj [3]
  .text                   ro code     0x6'c9d4      0x6c  temp_drv.obj [3]
  .text                   ro code     0x6'ca40      0x6a  cmd_paramJoinDC.obj [3]
  .text                   ro code     0x6'caaa      0x68  cmd_netDelMulLink.obj [3]
  .text                   ro code     0x6'cb12      0x68  cmd_paramMoteStatus.obj [3]
  .text                   ro code     0x6'cb7a      0x64  cmd_netReqSvc.obj [3]
  .text                   ro code     0x6'cbde      0x64  cmd_netReadFrame.obj [3]
  .text                   ro code     0x6'cc42      0x64  cmd_locGetSvcInfo.obj [3]
  .text                   ro code     0x6'cca6      0x62  cmd_locSvcReq.obj [3]
  .text                   ro code     0x6'cd08      0x60  cmd_paramShortAddr.obj [3]
  .text                   ro code     0x6'cd68      0x5c  cmd_paramHrTimer.obj [3]
  .text                   ro code     0x6'cdc4      0x5a  cmd_paramSizeInfoExt.obj [3]
  .rodata                 const       0x6'ce1e       0x2  os_dbg.obj [4]
  .text                   ro code     0x6'ce20      0x58  cmd_netSetAdvTime.obj [3]
  .text                   ro code     0x6'ce78      0x56  cmd_paramMacAddr.obj [3]
  .rodata                 const       0x6'cece       0x2  os_dbg.obj [4]
  .text                   ro code     0x6'ced0      0x54  cmd_netActivate.obj [3]
  .text                   ro code     0x6'cf24      0x54  cmd_paramNetId.obj [3]
  .text                   ro code     0x6'cf78      0x52  cmd_paramSizeInfo.obj [3]
  .rodata                 const       0x6'cfca       0x2  os_dbg.obj [4]
  .rodata                 const       0x6'cfcc      0x50  mote.obj [3]
  .rodata                 const       0x6'd01c      0x50  iar_Stoulx.o [2]
  .text                   ro code     0x6'd06c      0x50  cmd_netAddLink.obj [3]
  .text                   ro code     0x6'd0bc      0x50  cmd_paramAntGain.obj [3]
  .text                   ro code     0x6'd10c      0x50  cmd_paramChannels.obj [3]
  .text                   ro code     0x6'd15c      0x4e  cmd_paramAutoJoin.obj [3]
  .text                   ro code     0x6'd1aa      0x4e  cmd_paramEuCompliantMode.obj [3]
  .text                   ro code     0x6'd1f8      0x4e  cmd_paramMobility.obj [3]
  .text                   ro code     0x6'd246      0x4e  cmd_paramOtapLockout.obj [3]
  .text                   ro code     0x6'd294      0x4e  cmd_paramRoutingMode.obj [3]
  .text                   ro code     0x6'd2e2      0x4c  cmd_netAssignSvc.obj [3]
  .text                   ro code     0x6'd32e      0x4c  cmd_paramIP6Addr.obj [3]
  .text                   ro code     0x6'd37a      0x4a  cmd_netDelLink.obj [3]
  .text                   ro code     0x6'd3c4      0x46  cmd_paramCCAMode.obj [3]
  .text                   ro code     0x6'd40a      0x46  cmd_paramNetInfo.obj [3]
  .text                   ro code     0x6'd450      0x46  cmd_locReadSocket.obj [3]
  .text                   ro code     0x6'd496      0x44  cmd_locBlinkPayload.obj [3]
  .text                   ro code     0x6'd4da      0x40  cmd_paramAdvGraph.obj [3]
  .text                   ro code     0x6'd51a      0x40  cmd_zeroize.obj [3]
  .text                   ro code     0x6'd55a      0x3a  cmd_paramEntropy.obj [3]
  .text                   ro code     0x6'd594      0x38  cmd_netEchoReq.obj [3]
  .text                   ro code     0x6'd5cc      0x38  cmd_paramPathAlarm.obj [3]
  .text                   ro code     0x6'd604      0x38  cmd_locBindSocket.obj [3]
  .text                   ro code     0x6'd63c      0x38  copy_init3.obj [3]
  .text                   ro code     0x6'd674      0x36  pwm_drv.obj [3]
  .text                   ro code     0x6'd6aa      0x36  cmd_netAddFrame.obj [3]
  .text                   ro code     0x6'd6e0      0x36  cmd_netChgSizeFrame.obj [3]
  .text                   ro code     0x6'd716      0x34  cmd_locOpenSocket.obj [3]
  .rodata                 const       0x6'd74a       0x2  os_dbg.obj [4]
  .text                   ro code     0x6'd74c      0x34  zero_init3.obj [3]
  .text                   ro code     0x6'd780      0x32  cmd_moteDisconnect.obj [3]
  .text                   ro code     0x6'd7b2      0x32  cmd_netPromoteApm.obj [3]
  .rodata                 const       0x6'd7e4      0x30  radio.obj [3]
  .text                   ro code     0x6'd814      0x30  cmd_locJoin.obj [3]
  .text                   ro code     0x6'd844      0x30  cmd_locStopSearch.obj [3]
  .text                   ro code     0x6'd874      0x2a  cmd_paramMacMicKey.obj [3]
  .text                   ro code     0x6'd89e      0x2a  cmd_locCloseSocket.obj [3]
  .rodata                 const       0x6'd8c8      0x28  loc_task.o [1]
  .text                   ro code     0x6'd8f0      0x28  cmd_netReadGraphRt.obj [3]
  .text                   ro code     0x6'd918      0x26  charge_drv.obj [3]
  .text                   ro code     0x6'd93e      0x26  randhw_drv.obj [3]
  .text                   ro code     0x6'd964      0x26  cmd_netAddConn.obj [3]
  .text                   ro code     0x6'd98a      0x26  cmd_netAddGraphRoute.obj [3]
  .text                   ro code     0x6'd9b0      0x26  cmd_netDelConn.obj [3]
  .text                   ro code     0x6'd9d6      0x24  cmd_netDelGraphRoute.obj [3]
  .text                   ro code     0x6'd9fa      0x24  cmd_netDelSession.obj [3]
  .text                   ro code     0x6'da1e      0x24  cmd_netSetNbrProp.obj [3]
  .text                   ro code     0x6'da42      0x22  cmd_paramAdvKey.obj [3]
  .text                   ro code     0x6'da64      0x22  cmd_paramJoinKey.obj [3]
  .text                   ro code     0x6'da86      0x22  cmd_locWriteGpsStatus.obj [3]
  .text                   ro code     0x6'daa8       0x4  ap.obj [3]
  .iar.init_table         const       0x6'daac      0x58  - Linker created -
  .rodata                 const       0x6'db04      0x20  net_cli_fs.obj [3]
  .text                   ro code     0x6'db24      0x20  cmd_paramLog.obj [3]
  .text                   ro code     0x6'db44      0x1e  cmd_netCtrlFrame.obj [3]
  .text                   ro code     0x6'db62      0x1e  cmd_locLowPwrSleep.obj [3]
  .intvec                 const       0x6'db80      0x1c  startup_iar.obj [3]
  .text                   ro code     0x6'db9c      0x1a  cmd_netDelFrame.obj [3]
  .text                   ro code     0x6'dbb6      0x1a  cmd_moteReset.obj [3]
  .text                   ro code     0x6'dbd0      0x18  cmd_netAddSession.obj [3]
  .text                   ro code     0x6'dbe8      0x18  cmd_netReadClkSrcStatus.obj [3]
  .text                   ro code     0x6'dc00      0x18  cmd_netRefreshAdv.obj [3]
  .text                   ro code     0x6'dc18      0x16  cmd_locClearNv.obj [3]
  .text                   ro code     0x6'dc2e      0x10  flashinfo_drv.obj [3]
  .rodata                 const       0x6'dc3e       0x2  os_dbg.obj [4]
  .rodata                 const       0x6'dc40       0x8  xprintffull_nomb.o [2]
  .rodata                 const       0x6'dc48       0x4  os_dbg.obj [4]
  .text                   ro code     0x6'dc4c       0x2  startup_iar.obj [3]
  .rodata                 const       0x6'dc4e       0x0  copy_init3.obj [3]
  Initializer bytes       const       0x6'dc50    0x178c  <for P4>
                                    - 0x6'f3dc  0x2'e3ac

"P4":                                             0x178c
  P4                                  0xc'8000    0x178c  <Init block>
    .code_ram             inited      0xc'8000    0x12d4  radio.obj [3]
    .code_ram             inited      0xc'92d4     0x23c  fault_c.obj [3]
    .code_ram             inited      0xc'9510      0x18  timer_sched.obj [3]
    .code_ram             inited      0xc'9528     0x1e2  dma.obj [3]
    .code_ram             inited      0xc'970c      0x38  fault_a.obj [3]
    .code_ram             inited      0xc'9744      0x2e  nvic.obj [3]
    .code_ram             inited      0xc'9774      0x14  main.obj [3]
    .code_ram             inited      0xc'9788       0x4  os_hooks.obj [3]
                                    - 0xc'978c    0x178c

"P5":                                             0xa5b4
  SRAM_D                           0x2000'0000    0xa5b4  <Block>
    .ram_vectors          uninit   0x2000'0000     0x100  startup_iar.obj [3]
    CSTACK                         0x2000'0100     0x800  <Block>
      CSTACK              uninit   0x2000'0100     0x800  <Block tail>
    rw-1                           0x2000'0900      0xf4  <Init block>
      .data               inited   0x2000'0900      0x10  dnm_ucli.o [1]
      .data               inited   0x2000'0910       0x8  llog.obj [3]
      .data               inited   0x2000'0918      0x70  pwm.obj [3]
      .data               inited   0x2000'0988       0xc  dnm_cli.obj [3]
      .data               inited   0x2000'0994      0x28  cmd_otap.obj [3]
      .data               inited   0x2000'09bc      0x20  net_cli_fs.obj [3]
      .textrw             inited   0x2000'09dc      0x18  flash.obj [3]
    .bss                  zero     0x2000'09f8      0x20  kernel_monitor.obj [3]
    .bss                  zero     0x2000'0a18      0xa0  radio_drv.obj [3]
    .bss                  zero     0x2000'0ab8      0x30  dn_time.obj [3]
    .bss                  zero     0x2000'0ae8     0x428  timer.obj [3]
    .bss                  zero     0x2000'0f10     0x290  lmac_linkseq.obj [3]
    .bss                  zero     0x2000'11a0     0x170  tengine.obj [3]
    .bss                  zero     0x2000'1310     0x33c  cli_task.o [1]
    .bss                  zero     0x2000'164c     0x1b0  dnm_local.o [1]
    .bss                  zero     0x2000'17fc     0x89c  loc_task.o [1]
    .bss                  zero     0x2000'2098     0x804  SensorSuite_app.o [1]
    .bss                  zero     0x2000'289c      0x38  ucos_ii.obj [4]
    .bss                  zero     0x2000'28d4     0xeec  ucos_ii.obj [4]
    .bss                  zero     0x2000'37c0      0x70  ucos_ii.obj [4]
    .bss                  zero     0x2000'3830     0x100  ucos_ii.obj [4]
    .bss                  zero     0x2000'3930       0x4  ucos_ii.obj [4]
    .bss                  zero     0x2000'3934     0x180  ucos_ii.obj [4]
    .bss                  zero     0x2000'3ab4      0xf0  ucos_ii.obj [4]
    .bss                  zero     0x2000'3ba4       0x4  ucos_ii.obj [4]
    .bss                  zero     0x2000'3ba8       0x4  ucos_ii.obj [4]
    .bss                  zero     0x2000'3bac       0x4  ucos_ii.obj [4]
    .bss                  zero     0x2000'3bb0     0x334  ucos_ii.obj [4]
    .bss                  zero     0x2000'3ee4       0x4  ucos_ii.obj [4]
    .bss                  zero     0x2000'3ee8     0x400  ucos_ii.obj [4]
    .bss                  zero     0x2000'42e8       0xc  ucos_ii.obj [4]
    .bss                  zero     0x2000'42f4      0x40  assert.obj [3]
    .bss                  zero     0x2000'4334     0x540  dn_channel.obj [3]
    .bss                  zero     0x2000'4874       0x4  dn_os_tmr.obj [3]
    .bss                  zero     0x2000'4878       0x8  dn_os_tmr.obj [3]
    .bss                  zero     0x2000'4880       0xc  hw_dbg.obj [3]
    .bss                  zero     0x2000'488c     0x188  k_cli.obj [3]
    .bss                  zero     0x2000'4a14     0x308  kernel_monitor.obj [3]
    .bss                  zero     0x2000'4d1c      0x80  kernel_monitor.obj [3]
    .bss                  zero     0x2000'4d9c     0x394  radio.obj [3]
    .bss                  zero     0x2000'5130       0x8  radio.obj [3]
    .bss                  zero     0x2000'5138     0x4cc  radio.obj [3]
    .bss                  zero     0x2000'5604       0x8  radio.obj [3]
    .bss                  zero     0x2000'560c      0x70  timer_sched.obj [3]
    .bss                  zero     0x2000'567c      0x58  uart.obj [3]
    .bss                  zero     0x2000'56d4      0xa8  uartc.obj [3]
    .bss                  zero     0x2000'577c       0x4  bops_drv.obj [3]
    .bss                  zero     0x2000'5780      0x40  adc_drv.obj [3]
    .bss                  zero     0x2000'57c0       0x8  cli_drv.obj [3]
    .bss                  zero     0x2000'57c8      0x10  gpio_drv.obj [3]
    .bss                  zero     0x2000'57d8       0x8  hwinfo_drv.obj [3]
    .bss                  zero     0x2000'57e0      0x18  i2c_drv.obj [3]
    .bss                  zero     0x2000'57f8      0x10  onewire_drv.obj [3]
    .bss                  zero     0x2000'5808      0x18  spi_drv.obj [3]
    .bss                  zero     0x2000'5820     0x550  uart_drv.obj [3]
    .bss                  zero     0x2000'5d70     0x520  uart_raw_drv.obj [3]
    .bss                  zero     0x2000'6290       0x8  alarms.obj [3]
    .bss                  zero     0x2000'6298      0x14  blink.obj [3]
    .bss                  zero     0x2000'62ac      0x18  dev_info.obj [3]
    .bss                  zero     0x2000'62c4       0xc  event.obj [3]
    .bss                  zero     0x2000'62d0     0x628  loc_intf.obj [3]
    .bss                  zero     0x2000'68f8     0x5b8  mote_monitor.obj [3]
    .bss                  zero     0x2000'6eb0      0x18  net_cfg.obj [3]
    .bss                  zero     0x2000'6ec8      0x1c  join.obj [3]
    .bss                  zero     0x2000'6ee4     0x598  net_mac.obj [3]
    .bss                  zero     0x2000'747c       0xc  net_mac.obj [3]
    .bss                  zero     0x2000'7488     0x590  net_pk.obj [3]
    .bss                  zero     0x2000'7a18      0x10  net_queue.obj [3]
    .bss                  zero     0x2000'7a28       0xc  net_util.obj [3]
    .bss                  zero     0x2000'7a34      0x19  report.obj [3]
    .bss                  zero     0x2000'7a4d       0x2  assert.obj [3]
    .bss                  zero     0x2000'7a4f       0x1  dnm_ucli.o [1]
    .bss                  zero     0x2000'7a50      0x18  route.obj [3]
    .bss                  zero     0x2000'7a68      0x6c  security.obj [3]
    .bss                  zero     0x2000'7ad4      0x30  service.obj [3]
    .bss                  zero     0x2000'7b04      0x1c  time_info.obj [3]
    .bss                  zero     0x2000'7b20      0x1c  transport_util.obj [3]
    .bss                  zero     0x2000'7b3c      0x48  socket.obj [3]
    .bss                  zero     0x2000'7b84       0x4  block_op.obj [3]
    .bss                  zero     0x2000'7b88       0x8  main.obj [3]
    .bss                  zero     0x2000'7b90     0x120  uart_cli.obj [3]
    .bss                  zero     0x2000'7cb0      0x3c  clkcomp.obj [3]
    .bss                  zero     0x2000'7cec       0xc  flash_drv.obj [3]
    .bss                  zero     0x2000'7cf8     0x940  mac.obj [3]
    .bss                  zero     0x2000'8638       0x4  random2.obj [3]
    .bss                  zero     0x2000'863c      0xb8  security_drv.obj [3]
    .bss                  zero     0x2000'86f4      0x44  wd.obj [3]
    .bss                  zero     0x2000'8738       0xc  pmu.obj [3]
    .bss                  zero     0x2000'8744      0x10  flash.obj [3]
    .bss                  zero     0x2000'8754      0x10  cpu_charge.obj [3]
    .bss                  zero     0x2000'8764      0x2c  adc_controller.obj [3]
    .bss                  zero     0x2000'8790      0x10  adc_controller.obj [3]
    .bss                  zero     0x2000'87a0      0x60  cal_struct.obj [3]
    .bss                  zero     0x2000'8800      0x40  dma.obj [3]
    .bss                  zero     0x2000'8840      0x24  mem.obj [3]
    .bss                  zero     0x2000'8864       0xc  charge.obj [3]
    .bss                  zero     0x2000'8870      0x20  i2c.obj [3]
    .bss                  zero     0x2000'8890       0x8  lptimer.obj [3]
    .bss                  zero     0x2000'8898       0x8  one_wire.obj [3]
    .bss                  zero     0x2000'88a0      0x18  spi_master.obj [3]
    .bss                  zero     0x2000'88b8       0xc  spi_master.obj [3]
    .bss                  zero     0x2000'88c4      0x14  spi_master.obj [3]
    .bss                  zero     0x2000'88d8      0xa4  uart_raw.obj [3]
    .bss                  zero     0x2000'897c      0x1c  cmd_otap.obj [3]
    .bss                  zero     0x2000'8998       0x4  cmd.obj [3]
    .bss                  zero     0x2000'899c       0x8  ip_cfg.obj [3]
    .bss                  zero     0x2000'89a4       0x8  ip_cfg.obj [3]
    .bss                  zero     0x2000'89ac      0x14  net_cli.obj [3]
    .bss                  zero     0x2000'89c0      0x84  net_cli.obj [3]
    .bss                  zero     0x2000'8a44      0xb0  aes_hw.obj [3]
    .bss                  zero     0x2000'8af4      0x34  netpll.obj [3]
    .bss                  zero     0x2000'8b28     0x888  fs_api.obj [3]
    .bss                  zero     0x2000'93b0      0x68  lmac.obj [3]
    .bss                  zero     0x2000'9418       0x8  lmac_linkseq_util.obj [3]
    .bss                  zero     0x2000'9420     0x3c0  mac_frame.obj [3]
    .bss                  zero     0x2000'97e0      0x40  mac_graph.obj [3]
    .bss                  zero     0x2000'9820     0x148  mac_info.obj [3]
    .bss                  zero     0x2000'9968      0x20  mac_dscv.obj [3]
    .bss                  zero     0x2000'9988      0x38  mac_duplicate.obj [3]
    .bss                  zero     0x2000'99c0       0x8  mac_link.obj [3]
    .bss                  zero     0x2000'99c8       0xc  mac_proc_adv.obj [3]
    .bss                  zero     0x2000'99d4       0x8  mac_join.obj [3]
    .bss                  zero     0x2000'99dc      0x14  mac_net.obj [3]
    .bss                  zero     0x2000'99f0     0x958  mac_pk.obj [3]
    .bss                  zero     0x2000'a348       0x8  cmd_locRadioTest.obj [3]
    .bss                  zero     0x2000'a350      0x34  radio_utils.obj [3]
    .bss                  zero     0x2000'a384       0x4  lmac_adv.obj [3]
    .bss                  zero     0x2000'a388     0x108  lmac_notif.obj [3]
    .bss                  zero     0x2000'a490      0x34  lmac_pk.obj [3]
    .bss                  zero     0x2000'a4c4      0x80  tengine.obj [3]
    .bss                  zero     0x2000'a544      0x1c  tengine.obj [3]
    .bss                  zero     0x2000'a560      0x1c  tengine.obj [3]
    .bss                  zero     0x2000'a57c       0x4  xfail_s.o [2]
    .bss                  zero     0x2000'a580       0x2  ucos_ii.obj [4]
    .bss                  zero     0x2000'a582       0x2  ucos_ii.obj [4]
    .bss                  zero     0x2000'a584       0x2  os_cpu_c.obj [4]
    .bss                  zero     0x2000'a586       0x2  cmd_netEchoReq.obj [3]
    .bss                  zero     0x2000'a588       0x2  net.obj [3]
    .bss                  zero     0x2000'a58a       0x2  notif.obj [3]
    .bss                  zero     0x2000'a58c       0x2  mac_link.obj [3]
    .bss                  zero     0x2000'a58e       0x2  transport.obj [3]
    .bss                  zero     0x2000'a590       0x1  SensorSuite_app.o [1]
    .bss                  zero     0x2000'a591       0x1  mote.obj [3]
    .bss                  zero     0x2000'a592       0x1  flash_info.obj [3]
    .bss                  zero     0x2000'a593       0x1  kernel.obj [3]
    .bss                  zero     0x2000'a594       0x1  clkcomp.obj [3]
    .bss                  zero     0x2000'a595       0x1  gpio_radio_inhibit.obj [3]
    .bss                  zero     0x2000'a596       0x1  dnm_cli.obj [3]
    .bss                  zero     0x2000'a597       0x1  lmac.obj [3]
    .bss                  zero     0x2000'a598       0x1  lmac_linkseq_util.obj [3]
    .bss                  zero     0x2000'a599       0x2  mac_dscv.obj [3]
    .coderam_heap_end              0x2000'a59c       0x4  <Block>
      .coderam_heap_end   zero     0x2000'a59c       0x1  mem.obj [3]
    .coderam_heap_start            0x2000'a5a0       0x4  <Block>
      .coderam_heap_start
                          zero     0x2000'a5a0       0x1  mem.obj [3]
    .noinit               uninit   0x2000'a5a4       0xc  hw_dbg.obj [3]
    .heap_start                    0x2000'a5b0       0x4  <Block>
      .heap_start         zero     0x2000'a5b0       0x1  mem.obj [3]
                                 - 0x2000'a5b4    0xa5b4

"A2":                                                0x4
  .heap_end                        0x2000'fffc       0x4  <Block>
    .heap_end             zero     0x2000'fffc       0x1  mem.obj [3]
                                 - 0x2001'0000       0x4

Unused ranges:

         From           To      Size
         ----           --      ----
     0x6'f3dc     0x7'ffff  0x1'0c24
     0xc'978c     0xc'9fff     0x874
  0x2000'a5b4  0x2000'fffb    0x5a48


*******************************************************************************
*** INIT TABLE
***

          Address      Size
          -------      ----
Zero (__iar_zero_init3)
    5 destination ranges, total size 0x9ba7:
          0x2000'09f8  0x9ba3
          0x2000'a59c     0x1
          0x2000'a5a0     0x1
          0x2000'a5b0     0x1
          0x2000'fffc     0x1

Copy (__iar_copy_init3)
    1 source range, total size 0xf4:
             0x6'c108    0xf4
    1 destination range, total size 0xf4:
          0x2000'0900    0xf4

Copy (__iar_copy_init3)
    1 source range, total size 0x178c:
             0x6'dc50  0x178c
    1 destination range, total size 0x178c:
             0xc'8000  0x178c



*******************************************************************************
*** MODULE SUMMARY
***

    Module                        ro code  rw code  ro data  rw data
    ------                        -------  -------  -------  -------
command line/config:
    ----------------------------------------------------------------
    Total:

C:\Users\Yesoooof\Documents\GitHub\Team-20-Sensor-Suite\Firmware\On-chip App\onchipsdk-master\projects\iar\SensorSuiteOAP\Debug\Obj: [1]
    SensorSuite_app.o                 888                32    2'053
    cli_task.o                        560                        828
    dnm_local.o                     1'152                        432
    dnm_ucli.o                        612                16       17
    loc_task.o                        924                40    2'204
    ----------------------------------------------------------------
    Total:                          4'136                88    5'534

dl7M_tln.a: [2]
    abort.o                             6
    bsearch.o                          64
    exit.o                              4
    iar_Stoulx.o                      336                80
    low_level_init.o                    4
    snprintf.o                         68
    strncat.o                          40
    strncmp.o                          40
    vsnprint.o                         60
    xfail_s.o                          64                          4
    xprintffull_nomb.o              4'010                 8
    xsnprout.o                         26
    ----------------------------------------------------------------
    Total:                          4'722                88        4

libip_stack.a: [3]
    adc_controller.obj              1'372                         60
    adc_drv.obj                     1'188                         64
    addrmap.obj                         6
    aes_hw.obj                      1'424                        176
    alarms.obj                        164                          8
    ap.obj                              4
    arr.obj                           274
    assert.obj                        308                         66
    blink.obj                       1'052                         20
    block_op.obj                      180                          4
    bops_drv.obj                      184                          4
    cal_struct.obj                    500                         96
    charge.obj                         92                         12
    charge_drv.obj                     38
    cli_drv.obj                       204                          8
    clkcomp.obj                     2'144                         61
    cmd.obj                           864                          4
    cmd_locBindSocket.obj              56
    cmd_locBlinkPayload.obj            68
    cmd_locClearNv.obj                 22
    cmd_locCloseSocket.obj             42
    cmd_locGetSvcInfo.obj             100
    cmd_locJoin.obj                    48
    cmd_locLowPwrSleep.obj             30
    cmd_locOpenSocket.obj              52
    cmd_locRadioTest.obj              624                          8
    cmd_locReadSocket.obj              70
    cmd_locSearch.obj                 124
    cmd_locStopSearch.obj              48
    cmd_locSvcReq.obj                  98
    cmd_locWriteGpsStatus.obj          34
    cmd_local.obj                     336
    cmd_moteDisconnect.obj             50
    cmd_moteReset.obj                  26
    cmd_net.obj                       844
    cmd_netActivate.obj                84
    cmd_netAddConn.obj                 38
    cmd_netAddFrame.obj                54
    cmd_netAddGraphRoute.obj           38
    cmd_netAddLink.obj                 80
    cmd_netAddMulLink.obj             110
    cmd_netAddSession.obj              24
    cmd_netAssignSvc.obj               76
    cmd_netChgSizeFrame.obj            54
    cmd_netCtrlFrame.obj               30
    cmd_netDelConn.obj                 38
    cmd_netDelFrame.obj                26
    cmd_netDelGraphRoute.obj           36
    cmd_netDelLink.obj                 74
    cmd_netDelMulLink.obj             104
    cmd_netDelSession.obj              36
    cmd_netEchoReq.obj                 56                          2
    cmd_netPromoteApm.obj              50
    cmd_netReadClkSrcStatus.obj        24
    cmd_netReadFrame.obj              100
    cmd_netReadGraphRt.obj             40
    cmd_netReadLink.obj               126
    cmd_netReadLinkExt.obj            124
    cmd_netReadSession.obj            110
    cmd_netRefreshAdv.obj              24
    cmd_netReqSvc.obj                 100
    cmd_netSetAdvTime.obj              88
    cmd_netSetNbrProp.obj              36
    cmd_otap.obj                    4'092                40       68
    cmd_param.obj                     604
    cmd_paramAdvGraph.obj              64
    cmd_paramAdvKey.obj                34
    cmd_paramAntGain.obj               80
    cmd_paramAppInfo.obj              166
    cmd_paramAutoJoin.obj              78
    cmd_paramCCAMode.obj               70
    cmd_paramChannels.obj              80
    cmd_paramCharge.obj               174
    cmd_paramEntropy.obj               58
    cmd_paramEuCompliantMode.obj       78
    cmd_paramEventMask.obj            110
    cmd_paramHrTimer.obj               92
    cmd_paramIP6Addr.obj               76
    cmd_paramJoinDC.obj               106
    cmd_paramJoinKey.obj               34
    cmd_paramLog.obj                   32
    cmd_paramMacAddr.obj               86
    cmd_paramMacMicKey.obj             42
    cmd_paramMobility.obj              78
    cmd_paramMoteInfo.obj             118
    cmd_paramMoteStatus.obj           104
    cmd_paramNetId.obj                 84
    cmd_paramNetInfo.obj               70
    cmd_paramOtapLockout.obj           78
    cmd_paramPathAlarm.obj             56
    cmd_paramPwrCostInfo.obj           34
    cmd_paramPwrSrc.obj               544
    cmd_paramRoutingMode.obj           78
    cmd_paramShortAddr.obj             96
    cmd_paramSizeInfo.obj              82
    cmd_paramSizeInfoExt.obj           90
    cmd_paramTime.obj                 280
    cmd_paramTxPwr.obj                160
    cmd_zeroize.obj                    64
    config.obj                      2'012
    copy_init3.obj                     56
    cpu_charge.obj                     96                         16
    dev_info.obj                      460                         24
    dma.obj                           716      482      482       64
    dn_channel.obj                  1'772                      1'344
    dn_os_tmr.obj                   1'464                         12
    dn_system.obj                   1'548
    dn_time.obj                       632                         48
    dnm_cli.obj                       580                12       13
    dnm_cli_util.obj                1'272
    event.obj                         448                         12
    ext_bus.obj                       228
    ext_bus_mem.obj                   154
    ext_clk.obj                        14
    fault_a.obj                                 56       58
    fault_c.obj                       192      572      572
    fcs.obj                           616
    flash.obj                         604       24       24       16
    flash_charge.obj                   16
    flash_drv.obj                     988                         12
    flash_drv_par.obj                  12
    flash_info.obj                    408                          1
    flashinfo_drv.obj                  16
    fs_api.obj                      1'856                      2'184
    fs_utils.obj                    3'940
    fuse_table.obj                     52
    gpio.obj                          132
    gpio_drv.obj                      796                         16
    gpio_radio_inhibit.obj            108                          1
    hw_dbg.obj                         68                         24
    hwinfo_drv.obj                    268                          8
    i2c.obj                           540                         32
    i2c_drv.obj                       724                         24
    ilist.obj                         218
    ilist16.obj                       294
    int_clk.obj                         4
    ioconfig.obj                       48
    ip.obj                            740
    ip_cfg.obj                      1'508               288       16
    ip_util.obj                        72
    join.obj                        2'452                         28
    k_cli.obj                       1'180                        392
    kernel.obj                        168                          1
    kernel_monitor.obj                928                        936
    llist.obj                         108
    llog.obj                          580                 8        8
    lmac.obj                        2'536                        105
    lmac_adv.obj                      572                          4
    lmac_linkseq.obj                1'916                        656
    lmac_linkseq_util.obj           1'004                          9
    lmac_macintf.obj                3'232
    lmac_notif.obj                    220                        264
    lmac_pk.obj                       172                         52
    loc_ap.obj                         10
    loc_intf.obj                    2'228                      1'576
    lptimer.obj                       372                          8
    lptimer_drv.obj                   184
    lzss.obj                          288
    mac.obj                         2'236                      2'368
    mac_ap_parents.obj                  6
    mac_api.obj                     3'104               312
    mac_asn.obj                       268
    mac_aux.obj                        92
    mac_conn.obj                      268
    mac_dscv.obj                      292                         34
    mac_duplicate.obj                 340                         56
    mac_frame.obj                   1'206                        960
    mac_graph.obj                     288                         64
    mac_info.obj                                                 328
    mac_intf.obj                    1'896
    mac_join.obj                    2'456                          8
    mac_link.obj                    1'468                         10
    mac_lmacintf.obj                  252
    mac_neighb.obj                  1'396
    mac_net.obj                       836                         20
    mac_pk.obj                        176                      2'392
    mac_proc_adv.obj                  552                         12
    main.obj                          524       20       22        8
    mem.obj                           268                         40
    mem_drv.obj                         4
    membuf.obj                        218
    memtest.obj                       222
    mesh.obj                          668
    mote.obj                          300                80        1
    mote_cli.obj                    2'096               508
    mote_monitor.obj                1'436                      1'464
    mpu.obj                            88
    net.obj                         1'356                          2
    net_cfg.obj                        76                         24
    net_cli.obj                     2'344                        152
    net_cli_fs.obj                  1'376                64       32
    net_mac.obj                     2'356                      1'444
    net_pk.obj                        204                      1'424
    net_queue.obj                     272                         16
    net_util.obj                       56                         12
    netpll.obj                        752                         52
    notif.obj                       1'320                          2
    nucleus.obj                         2
    nvic.obj                          426       46       46
    one_wire.obj                    1'512                          8
    onewire_drv.obj                 1'096                         16
    os_dn_utils.obj                    12
    os_hooks.obj                        8        4        4
    pktrace.obj                     6'016               760
    pmu.obj                         1'612                         12
    pps_clk.obj                        18
    pwm.obj                           384               112      112
    pwm32k.obj                         68
    pwm_drv.obj                        54
    radio.obj                      10'628    4'820    4'868    2'160
    radio_drv.obj                   3'176                        160
    radio_utils.obj                 1'916                         52
    randhw_drv.obj                     38
    random2.obj                       162                          4
    rel_notif.obj                       6
    report.obj                      1'880                         25
    reset.obj                          16
    ring.obj                          142
    rlock.obj                         172
    route.obj                         432                         24
    security.obj                    1'896                        108
    security_cntr.obj                 144
    security_drv.obj                1'088                        184
    security_drv_selftest.obj         440
    service.obj                       532                         48
    settime.obj                       288
    socket.obj                        884                         72
    spi_drv.obj                     1'368                         24
    spi_master.obj                  1'016                         56
    startup_iar.obj                     2                28      256
    temp_drv.obj                      108
    tengine.obj                     1'644                        552
    tengine_charge.obj                252
    tengine_header.obj              2'736
    tengine_pk.obj                  1'608
    tengine_sched.obj               6'548
    time_info.obj                     384                         28
    timer.obj                         656                      1'064
    timer_sched.obj                 2'196       24       24      112
    trace_utils.obj                    34
    transport.obj                     548                          2
    transport_util.obj                216                         28
    uart.obj                        1'704                         88
    uart_cli.obj                      728                        288
    uart_drv.obj                    1'304                      1'360
    uart_raw.obj                      996                        164
    uart_raw_drv.obj                  836                      1'312
    uartc.obj                         896                        168
    udp.obj                           448
    utils.obj                         884               372
    wd.obj                            280                         68
    zero_init3.obj                     52
    ----------------------------------------------------------------
    Total:                        162'004    6'048    8'684   28'047

libucos_full.a: [4]
    os_cpu_a.obj                      160
    os_cpu_c.obj                      156                          2
    os_dbg.obj                          2                92
    ucos_ii.obj                     5'376                      6'748
    ----------------------------------------------------------------
    Total:                          5'694                92    6'750

m7M_tl.a: [5]
    DblAdd.o                          362
    DblCmpGe.o                         46
    DblCmpLe.o                         46
    DblDiv.o                          582
    DblMul.o                          418
    DblSub.o                          226
    DblToS32.o                         58
    DblToU32.o                         40
    S32ToDbl.o                         34
    U32ToDbl.o                         26
    frexp.o                           112
    ldexp.o                           314
    ----------------------------------------------------------------
    Total:                          2'264

rt7M_tl.a: [6]
    ABImemclr.o                         6
    ABImemclr4.o                        6
    ABImemcpy.o                       166
    ABImemset.o                       102
    ABImemset48.o                      58
    I64DivMod.o                       628
    I64DivZer.o                         2
    I64Shl.o                           34
    U64Shr.o                           30
    XXexit.o                           12
    cexit.o                            10
    cmain.o                            30
    cstartup_M.o                       12
    data_init.o                        40
    memchr.o                           88
    memcmp.o                          104
    strchr.o                           22
    strcmp.o                           18
    strlen.o                           54
    strncpy.o                         112
    ----------------------------------------------------------------
    Total:                          1'534

    Gaps                                         4                 4
    Linker created                      8                90    2'048
--------------------------------------------------------------------
    Grand Total:                  180'362    6'052    9'042   42'387


*******************************************************************************
*** ENTRY LIST
***

Entry                       Address   Size  Type      Object
-----                       -------   ----  ----      ------
.coderam_heap_end$$Base
                        0x2000'a59c          --   Gb  - Linker created -
.coderam_heap_end$$Limit
                        0x2000'a5a0          --   Gb  - Linker created -
.coderam_heap_start$$Base
                        0x2000'a5a0          --   Gb  - Linker created -
.coderam_heap_start$$Limit
                        0x2000'a5a4          --   Gb  - Linker created -
.heap_end$$Base         0x2000'fffc          --   Gb  - Linker created -
.heap_end$$Limit        0x2001'0000          --   Gb  - Linker created -
.heap_start$$Base       0x2000'a5b0          --   Gb  - Linker created -
.heap_start$$Limit      0x2000'a5b4          --   Gb  - Linker created -
.iar.init_table$$Base      0x6'daac          --   Gb  - Linker created -
.iar.init_table$$Limit     0x6'db04          --   Gb  - Linker created -
?main                      0x6'c209         Code  Gb  cmain.o [6]
App_TCBInitHook            0x5'bfa5    0x2  Code  Gb  os_hooks.obj [3]
App_TaskCreateHook         0x5'bfa7    0x2  Code  Gb  os_hooks.obj [3]
App_TaskIdleHook           0xc'9789    0x4  Code  Gb  os_hooks.obj [3]
App_TaskSwHook             0x5'bfa1    0x4  Code  Gb  os_hooks.obj [3]
BSPACE                     0x4'4814    0x4  Data  Lc  k_cli.obj [3]
CRLF                       0x4'4810    0x2  Data  Lc  k_cli.obj [3]
CSTACK$$Base            0x2000'0100          --   Gb  - Linker created -
CSTACK$$Limit           0x2000'0900          --   Gb  - Linker created -
DN_BCAST_LONG_ADDR         0x6'd004    0x8  Data  Gb  mote.obj [3]
DN_IPV6_LOCALHOST_ADDR     0x6'cfec   0x10  Data  Gb  mote.obj [3]
DN_MGR_IPV6_MULTICAST_ADDR
                           0x6'cfdc   0x10  Data  Gb  mote.obj [3]
DN_MGR_LONG_ADDR           0x6'cffc    0x8  Data  Gb  mote.obj [3]
DN_MOTE_IPV6_BCAST_ADDR
                           0x6'cfcc   0x10  Data  Gb  mote.obj [3]
DN_ZERO_ASN                0x6'd014    0x8  Data  Gb  mote.obj [3]
DN_ZERO_LONG_ADDR          0x6'd00c    0x8  Data  Gb  mote.obj [3]
IntDefaultHandler          0x6'dc4d    0x2  Code  Lc  startup_iar.obj [3]
JOIN_RSSI_THR_5850         0x5'4aa0    0xc  Data  Gb  mac_proc_adv.obj [3]
Joined                  0x2000'a590    0x1  Data  Gb  SensorSuite_app.o [1]
LOW_LEVEL_WAIT_FOR_EVENT
                           0x4'4de5    0xe  Code  Gb  nvic.obj [3]
MOTE_CLI_COMMANDS          0x5'693c   0xb0  Data  Lc  mote_cli.obj [3]
MOTE_CLI_SHOWSUBCMD        0x5'69ec   0x70  Data  Lc  mote_cli.obj [3]
OSCtxSw                    0x4'4e3f         Code  Gb  os_cpu_a.obj [4]
OSCtxSwCtr              0x2000'28ac    0x4  Data  Gb  ucos_ii.obj [4]
OSDataSize                 0x6'dc3e    0x2  Data  Gb  os_dbg.obj [4]
OSDebugEn                  0x4'4e12    0x2  Data  Gb  os_dbg.obj [4]
OSDebugInit                0x5'04dd    0x2  Code  Gb  os_dbg.obj [4]
OSEndiannessTest           0x6'dc48    0x4  Data  Gb  os_dbg.obj [4]
OSEventEn                  0x4'93b2    0x2  Data  Gb  os_dbg.obj [4]
OSEventFreeList         0x2000'28b0    0x4  Data  Gb  ucos_ii.obj [4]
OSEventMax                 0x4'9156    0x2  Data  Gb  os_dbg.obj [4]
OSEventNameSize            0x4'939e    0x2  Data  Gb  os_dbg.obj [4]
OSEventPendMulti           0x4'779d  0x214  Code  Gb  ucos_ii.obj [4]
OSEventSize                0x4'9b06    0x2  Data  Gb  os_dbg.obj [4]
OSEventTbl              0x2000'28d4  0x6e0  Data  Gb  ucos_ii.obj [4]
OSEventTblSize             0x4'9bae    0x2  Data  Gb  os_dbg.obj [4]
OSFlagCreate               0x4'7fb3   0x4a  Code  Gb  ucos_ii.obj [4]
OSFlagEn                   0x4'9bea    0x2  Data  Gb  os_dbg.obj [4]
OSFlagFreeList          0x2000'28b4    0x4  Data  Gb  ucos_ii.obj [4]
OSFlagGrpSize              0x4'b986    0x2  Data  Gb  os_dbg.obj [4]
OSFlagMax                  0x4'dc6a    0x2  Data  Gb  os_dbg.obj [4]
OSFlagNameSize             0x5'00ae    0x2  Data  Gb  os_dbg.obj [4]
OSFlagNodeSize             0x4'cab6    0x2  Data  Gb  os_dbg.obj [4]
OSFlagPend                 0x4'8001  0x126  Code  Gb  ucos_ii.obj [4]
OSFlagPost                 0x4'812d   0xac  Code  Gb  ucos_ii.obj [4]
OSFlagTbl               0x2000'37c0   0x70  Data  Gb  ucos_ii.obj [4]
OSFlagWidth                0x4'dbc6    0x2  Data  Gb  os_dbg.obj [4]
OSGetCurPrio               0x6'63d9    0xc  Code  Gb  os_dn_utils.obj [3]
OSIdleCtr               0x2000'28b8    0x4  Data  Gb  ucos_ii.obj [4]
OSInit                     0x4'79b1  0x130  Code  Gb  ucos_ii.obj [4]
OSInitHookBegin            0x5'0441    0x8  Code  Gb  os_cpu_c.obj [4]
OSInitHookEnd              0x5'0449    0x2  Code  Gb  os_cpu_c.obj [4]
OSIntCtxSw                 0x4'4e47         Code  Gb  os_cpu_a.obj [4]
OSIntEnter                 0x4'7af1   0x28  Code  Gb  ucos_ii.obj [4]
OSIntExit                  0x4'7b19   0x6c  Code  Gb  ucos_ii.obj [4]
OSIntNesting            0x2000'289c    0x1  Data  Gb  ucos_ii.obj [4]
OSLockNesting           0x2000'289d    0x1  Data  Gb  ucos_ii.obj [4]
OSLowestPrio               0x5'00ce    0x2  Data  Gb  os_dbg.obj [4]
OSMboxEn                   0x5'04de    0x2  Data  Gb  os_dbg.obj [4]
OSMemCreate                0x4'8335   0x72  Code  Gb  ucos_ii.obj [4]
OSMemEn                    0x5'27ba    0x2  Data  Gb  os_dbg.obj [4]
OSMemFreeList           0x2000'3930    0x4  Data  Gb  ucos_ii.obj [4]
OSMemGet                   0x4'83a7   0x36  Code  Gb  ucos_ii.obj [4]
OSMemMax                   0x5'368a    0x2  Data  Gb  os_dbg.obj [4]
OSMemNameSize              0x5'4bf2    0x2  Data  Gb  os_dbg.obj [4]
OSMemPut                   0x4'83dd   0x34  Code  Gb  ucos_ii.obj [4]
OSMemQuery                 0x4'8411   0x3a  Code  Gb  ucos_ii.obj [4]
OSMemSize                  0x5'9d7a    0x2  Data  Gb  os_dbg.obj [4]
OSMemTbl                0x2000'3934  0x180  Data  Gb  ucos_ii.obj [4]
OSMemTblSize               0x5'b662    0x2  Data  Gb  os_dbg.obj [4]
OSMutexEn                  0x5'b776    0x2  Data  Gb  os_dbg.obj [4]
OSPrioCur               0x2000'289e    0x1  Data  Gb  ucos_ii.obj [4]
OSPrioHighRdy           0x2000'289f    0x1  Data  Gb  ucos_ii.obj [4]
OSPtrSize                  0x5'b8ae    0x2  Data  Gb  os_dbg.obj [4]
OSQCreate                  0x4'84c9   0x74  Code  Gb  ucos_ii.obj [4]
OSQDel                     0x4'8543   0xc2  Code  Gb  ucos_ii.obj [4]
OSQEn                      0x5'b8de    0x2  Data  Gb  os_dbg.obj [4]
OSQFreeList             0x2000'28cc    0x4  Data  Gb  ucos_ii.obj [4]
OSQMax                     0x5'ba1a    0x2  Data  Gb  os_dbg.obj [4]
OSQPend                    0x4'860b   0xe4  Code  Gb  ucos_ii.obj [4]
OSQPost                    0x4'86f5   0x6a  Code  Gb  ucos_ii.obj [4]
OSQQuery                   0x4'8769   0x64  Code  Gb  ucos_ii.obj [4]
OSQSize                    0x5'ba56    0x2  Data  Gb  os_dbg.obj [4]
OSQTbl                  0x2000'3ab4   0xf0  Data  Gb  ucos_ii.obj [4]
OSRdyGrp                0x2000'28a0    0x1  Data  Gb  ucos_ii.obj [4]
OSRdyTbl                0x2000'28a4    0x8  Data  Gb  ucos_ii.obj [4]
OSRdyTblSize               0x5'ba7a    0x2  Data  Gb  os_dbg.obj [4]
OSRunning               0x2000'28a1    0x1  Data  Gb  ucos_ii.obj [4]
OSSemAccept                0x4'882b   0x2a  Code  Gb  ucos_ii.obj [4]
OSSemCreate                0x4'8855   0x3e  Code  Gb  ucos_ii.obj [4]
OSSemDel                   0x4'8893   0xae  Code  Gb  ucos_ii.obj [4]
OSSemEn                    0x5'bb5e    0x2  Data  Gb  os_dbg.obj [4]
OSSemPend                  0x4'894b   0xc6  Code  Gb  ucos_ii.obj [4]
OSSemPost                  0x4'8a19   0x5c  Code  Gb  ucos_ii.obj [4]
OSSemQuery                 0x4'8a75   0x52  Code  Gb  ucos_ii.obj [4]
OSSemSet                   0x4'8ac7   0x40  Code  Gb  ucos_ii.obj [4]
OSStart                    0x4'7b85   0x28  Code  Gb  ucos_ii.obj [4]
OSStartHighRdy             0x4'4e23         Code  Gb  os_cpu_a.obj [4]
OSStkWidth                 0x5'bda6    0x2  Data  Gb  os_dbg.obj [4]
OSTCBCur                0x2000'28bc    0x4  Data  Gb  ucos_ii.obj [4]
OSTCBFreeList           0x2000'28c0    0x4  Data  Gb  ucos_ii.obj [4]
OSTCBHighRdy            0x2000'28c4    0x4  Data  Gb  ucos_ii.obj [4]
OSTCBInitHook              0x5'04d3    0x4  Code  Gb  os_cpu_c.obj [4]
OSTCBList               0x2000'28c8    0x4  Data  Gb  ucos_ii.obj [4]
OSTCBPrioTbl            0x2000'3830  0x100  Data  Gb  ucos_ii.obj [4]
OSTCBPrioTblMax            0x6'c796    0x2  Data  Gb  os_dbg.obj [4]
OSTCBSize                  0x6'ce1e    0x2  Data  Gb  os_dbg.obj [4]
OSTCBTbl                0x2000'2fb4  0x70c  Data  Gb  ucos_ii.obj [4]
OSTaskCreateEn             0x5'bdea    0x2  Data  Gb  os_dbg.obj [4]
OSTaskCreateExt            0x4'8b07   0x96  Code  Gb  ucos_ii.obj [4]
OSTaskCreateExtEn          0x5'bf9e    0x2  Data  Gb  os_dbg.obj [4]
OSTaskCreateHook           0x5'044b    0x4  Code  Gb  os_cpu_c.obj [4]
OSTaskCtr               0x2000'28a2    0x1  Data  Gb  ucos_ii.obj [4]
OSTaskDelEn                0x5'fdd2    0x2  Data  Gb  os_dbg.obj [4]
OSTaskIdleHook             0x5'044f    0x4  Code  Gb  os_cpu_c.obj [4]
OSTaskIdleStk           0x2000'36c0  0x100  Data  Gb  ucos_ii.obj [4]
OSTaskIdleStkSize          0x5'fdf6    0x2  Data  Gb  os_dbg.obj [4]
OSTaskMax                  0x6'43be    0x2  Data  Gb  os_dbg.obj [4]
OSTaskNameSet              0x4'8bad   0x58  Code  Gb  ucos_ii.obj [4]
OSTaskNameSize             0x6'452a    0x2  Data  Gb  os_dbg.obj [4]
OSTaskProfileEn            0x6'132a    0x2  Data  Gb  os_dbg.obj [4]
OSTaskStatEn               0x6'5d06    0x2  Data  Gb  os_dbg.obj [4]
OSTaskStatStkChkEn         0x6'c22a    0x2  Data  Gb  os_dbg.obj [4]
OSTaskStatStkSize          0x6'63d6    0x2  Data  Gb  os_dbg.obj [4]
OSTaskStkChk               0x4'8c09   0x72  Code  Gb  ucos_ii.obj [4]
OSTaskStkInit              0x5'0453   0x7c  Code  Gb  os_cpu_c.obj [4]
OSTaskSwHook               0x5'04cf    0x4  Code  Gb  os_cpu_c.obj [4]
OSTaskSwHookEn             0x6'c262    0x2  Data  Gb  os_dbg.obj [4]
OSTicksPerSec              0x6'cece    0x2  Data  Gb  os_dbg.obj [4]
OSTime                  0x2000'28d0    0x4  Data  Gb  ucos_ii.obj [4]
OSTimeDly                  0x4'5abb   0x24  Code  Gb  dn_os_tmr.obj [3]
OSTimeGet                  0x4'5adf   0x1a  Code  Gb  dn_os_tmr.obj [3]
OSTimeTickHookEn           0x6'cfca    0x2  Data  Gb  os_dbg.obj [4]
OSTmrCreate                0x4'5715   0x9a  Code  Gb  dn_os_tmr.obj [3]
OSTmrCtr                0x2000'a584    0x2  Data  Lc  os_cpu_c.obj [4]
OSTmrDel                   0x4'57b1   0x52  Code  Gb  dn_os_tmr.obj [3]
OSTmrDnStartUsec           0x4'586d   0x66  Code  Gb  dn_os_tmr.obj [3]
OSTmrFree               0x2000'a580    0x2  Data  Gb  ucos_ii.obj [4]
OSTmrFreeList           0x2000'3ee4    0x4  Data  Gb  ucos_ii.obj [4]
OSTmrMaxNumb            0x2000'4874    0x4  Data  Gb  dn_os_tmr.obj [3]
OSTmrSem                0x2000'3ba8    0x4  Data  Gb  ucos_ii.obj [4]
OSTmrSemSignal          0x2000'3bac    0x4  Data  Gb  ucos_ii.obj [4]
OSTmrStart                 0x4'5803   0x6a  Code  Gb  dn_os_tmr.obj [3]
OSTmrStop                  0x4'58d3   0x30  Code  Gb  dn_os_tmr.obj [3]
OSTmrTaskStk            0x2000'3ee8  0x400  Data  Gb  ucos_ii.obj [4]
OSTmrTbl                0x2000'3bb0  0x334  Data  Gb  ucos_ii.obj [4]
OSTmrTime               0x2000'3ba4    0x4  Data  Gb  ucos_ii.obj [4]
OSTmrUsed               0x2000'a582    0x2  Data  Gb  ucos_ii.obj [4]
OSTmrWheelTbl           0x2000'42e8    0xc  Data  Gb  ucos_ii.obj [4]
OSTmr_Free                 0x4'5903   0x3a  Code  Lc  dn_os_tmr.obj [3]
OSTmr_Init                 0x4'593d   0xd0  Code  Gb  dn_os_tmr.obj [3]
OSTmr_Task                 0x4'5a21   0x9a  Code  Lc  dn_os_tmr.obj [3]
OSUnMapTbl                 0x4'7da8  0x100  Data  Gb  ucos_ii.obj [4]
OSVersionNbr               0x6'd74a    0x2  Data  Gb  os_dbg.obj [4]
OS_CPU_PendSVHandler       0x4'4e4f         Code  Gb  os_cpu_a.obj [4]
OS_CPU_SR_Restore          0x4'4e1d         Code  Gb  os_cpu_a.obj [4]
OS_CPU_SR_Save             0x4'4e15         Code  Gb  os_cpu_a.obj [4]
OS_EventTaskRdy            0x4'7bad   0x72  Code  Gb  ucos_ii.obj [4]
OS_EventTaskRemove         0x4'7cd9   0x1e  Code  Gb  ucos_ii.obj [4]
OS_EventTaskRemoveMulti
                           0x4'7cf7   0x2c  Code  Gb  ucos_ii.obj [4]
OS_EventTaskWait           0x4'7c1f   0x50  Code  Gb  ucos_ii.obj [4]
OS_EventTaskWaitMulti      0x4'7c6f   0x64  Code  Gb  ucos_ii.obj [4]
OS_EventWaitListInit       0x4'7d23    0xc  Code  Gb  ucos_ii.obj [4]
OS_FlagBlock               0x4'81df   0x74  Code  Lc  ucos_ii.obj [4]
OS_FlagInit                0x4'8253   0x46  Code  Gb  ucos_ii.obj [4]
OS_FlagTaskRdy             0x4'8299   0x62  Code  Lc  ucos_ii.obj [4]
OS_FlagUnlink              0x4'82fb   0x22  Code  Gb  ucos_ii.obj [4]
OS_MemClr                  0x4'7d2f    0xa  Code  Gb  ucos_ii.obj [4]
OS_MemInit                 0x4'844b   0x76  Code  Gb  ucos_ii.obj [4]
OS_QInit                   0x4'87d5   0x56  Code  Gb  ucos_ii.obj [4]
OS_Sched                   0x4'7d39   0x4a  Code  Gb  ucos_ii.obj [4]
OS_SchedNew                0x4'7d8b   0x1a  Code  Lc  ucos_ii.obj [4]
OS_TCBInit                 0x4'7ec3   0xe8  Code  Gb  ucos_ii.obj [4]
OS_TaskIdle                0x4'7ea9   0x1a  Code  Gb  ucos_ii.obj [4]
OS_TaskStkClr              0x4'8c7b   0x14  Code  Gb  ucos_ii.obj [4]
OTAP_KEY                   0x6'773c   0x10  Data  Gb  cmd_otap.obj [3]
Region$$Table$$Base        0x6'daac          --   Gb  - Linker created -
Region$$Table$$Limit       0x6'db04          --   Gb  - Linker created -
SB                         0x6'dc4e         Data  Gb  copy_init3.obj [3]
SRAM_D$$Base            0x2000'0000          --   Gb  - Linker created -
SRAM_D$$Limit           0x2000'a5b4          --   Gb  - Linker created -
TEST_CALC_MIC              0x4'bb3c    0x4  Data  Gb  security_drv_selftest.obj [3]
TEST_KEY                   0x4'bafc   0x10  Data  Gb  security_drv_selftest.obj [3]
TEST_NONCE                 0x4'bb0c   0x10  Data  Gb  security_drv_selftest.obj [3]
TEST_PACKET_IN             0x4'bb1c   0x10  Data  Gb  security_drv_selftest.obj [3]
TEST_PACKET_OUT            0x4'bb2c   0x10  Data  Gb  security_drv_selftest.obj [3]
WAIT_FOR_EVENT             0xc'9765    0xe  Code  Gb  nvic.obj [3]
WAIT_FOR_INTERRUPT         0xc'9745   0x20  Code  Gb  nvic.obj [3]
_LitobFullNoMb             0x4'fea9  0x10a  Code  Lc  xprintffull_nomb.o [2]
_PrintfFullNoMb            0x4'f105  0xd80  Code  Gb  xprintffull_nomb.o [2]
_PutcharFullNoMb           0x5'0019   0x20  Code  Lc  xprintffull_nomb.o [2]
_PutcharsFullNoMb          0x5'0039   0x2e  Code  Lc  xprintffull_nomb.o [2]
_SNProut                   0x4'4df3   0x1a  Code  Gb  xsnprout.o [2]
__aeabi_cdcmple            0x5'b881         Code  Gb  DblCmpLe.o [5]
__aeabi_cdrcmple           0x5'b8b1         Code  Gb  DblCmpGe.o [5]
__aeabi_d2iz               0x5'ba1d         Code  Gb  DblToS32.o [5]
__aeabi_d2uiz              0x5'bda9         Code  Gb  DblToU32.o [5]
[...]
teng_handleSlotDone        0x5'e64d  0x42a  Code  Gb  tengine_sched.obj [3]
teng_handleSlotEvent       0x5'e3d1  0x252  Code  Gb  tengine_sched.obj [3]
teng_initMisc              0x5'c5e9  0x10e  Code  Gb  tengine.obj [3]
teng_isAckDisconnack       0x5'fc27    0x4  Code  Gb  tengine_header.obj [3]
teng_isDestAddrLong        0x5'fbfb   0x12  Code  Gb  tengine_header.obj [3]
teng_isKeepAliveSlot       0x5'ec13   0x12  Code  Gb  tengine_sched.obj [3]
teng_isLinkNoPF            0x5'fc1d    0xa  Code  Gb  tengine_header.obj [3]
teng_isNbrDisconnecting
                           0x5'fc2b    0x4  Code  Gb  tengine_header.obj [3]
teng_isPkToForward         0x5'f8c7   0x84  Code  Gb  tengine_header.obj [3]
teng_isRxBcastPk           0x5'fbb5   0x20  Code  Gb  tengine_header.obj [3]
teng_isSkyworks            0x5'cbaf    0x4  Code  Gb  tengine.obj [3]
teng_isSrcAddrLong         0x5'fc0d   0x10  Code  Gb  tengine_header.obj [3]
teng_isTengRunning         0x5'c7bd   0x1e  Code  Gb  tengine.obj [3]
teng_isTimeAdjValid        0x5'fc2f   0x14  Code  Gb  tengine_header.obj [3]
teng_isTofSlot             0x5'ec25    0xc  Code  Gb  tengine_sched.obj [3]
teng_isTxGapOK             0x5'd8fb   0x4a  Code  Gb  tengine_sched.obj [3]
teng_isUModule             0x5'cbab    0x4  Code  Gb  tengine.obj [3]
teng_longPwrUpCutoff       0x5'e369   0x46  Code  Gb  tengine_sched.obj [3]
teng_prepareNonce          0x6'4837   0x40  Code  Gb  tengine_pk.obj [3]
teng_processTimingUpdate
                           0x5'ebad   0x66  Code  Gb  tengine_sched.obj [3]
teng_pushBufAvail          0x6'4aa1   0x3c  Code  Gb  tengine_pk.obj [3]
teng_pushReschedNotif      0x6'4aeb   0x38  Code  Gb  tengine_pk.obj [3]
teng_pushRxNotif           0x6'498b   0x64  Code  Gb  tengine_pk.obj [3]
teng_pushRxPk              0x6'4901   0x8a  Code  Gb  tengine_pk.obj [3]
teng_pushTxNotif           0x6'49ef   0xb2  Code  Gb  tengine_pk.obj [3]
teng_queueNewTxPackets     0x6'452d   0x5c  Code  Gb  tengine_pk.obj [3]
teng_removePacketsFromQueue
                           0x5'cb81   0x2a  Code  Gb  tengine.obj [3]
teng_reschedule            0x5'd8b7   0x44  Code  Gb  tengine_sched.obj [3]
teng_resetCurWindowTxBytes
                           0x5'f005    0x6  Code  Gb  tengine_sched.obj [3]
teng_saveEvDbgInfo         0x5'ef61   0x46  Code  Gb  tengine_sched.obj [3]
teng_schedIdleTx           0x5'e28d   0x4a  Code  Gb  tengine_sched.obj [3]
teng_schedRadioEvent       0x5'e183   0x7e  Code  Gb  tengine_sched.obj [3]
teng_scheduleNextOperation
                           0x5'd945  0x2c2  Code  Gb  tengine_sched.obj [3]
teng_sendDscvDone          0x5'fc69    0x2  Code  Gb  tengine_header.obj [3]
teng_sendSwIsr             0x5'c839    0xe  Code  Gb  tengine.obj [3]
teng_setAckFlag            0x5'fbe9   0x12  Code  Gb  tengine_header.obj [3]
teng_setChargeMode         0x5'cc1d    0x4  Code  Gb  tengine.obj [3]
teng_setParentOffset       0x5'c8e9   0x66  Code  Gb  tengine.obj [3]
teng_setSrcInNonce         0x6'4877   0x34  Code  Gb  tengine_pk.obj [3]
teng_shortPwrUpCutoff      0x5'e31b   0x48  Code  Gb  tengine_sched.obj [3]
teng_skipTxUpdateStats     0x5'efb1   0x4c  Code  Gb  tengine_sched.obj [3]
teng_startTengine          0x5'c783   0x18  Code  Gb  tengine.obj [3]
teng_stop                  0x5'caaf   0x4e  Code  Gb  tengine.obj [3]
teng_stopRxMIC             0x6'48ef   0x12  Code  Gb  tengine_pk.obj [3]
teng_stopTengine           0x5'c79b   0x22  Code  Gb  tengine.obj [3]
teng_subticksToTicksQ7     0x5'c981   0x18  Code  Gb  tengine.obj [3]
teng_updateAdv             0x5'f853   0x3a  Code  Gb  tengine_header.obj [3]
teng_updateBBTxFailureStats
                           0x5'f03d   0x26  Code  Gb  tengine_sched.obj [3]
teng_updateGraphQueue      0x5'c847   0xa2  Code  Gb  tengine.obj [3]
teng_updateMaxQCnt         0x6'4731   0x1c  Code  Gb  tengine_pk.obj [3]
teng_updateRxBcastNbr      0x5'ec5d   0x6c  Code  Gb  tengine_sched.obj [3]
teng_updateTxBcastNbr      0x5'ec31   0x26  Code  Gb  tengine_sched.obj [3]
teng_updateTxFailureStats
                           0x5'f017   0x26  Code  Gb  tengine_sched.obj [3]
teng_verifyMIC             0x6'48ab   0x44  Code  Gb  tengine_pk.obj [3]
teng_waitForFullHdr        0x5'fc6b   0x2c  Code  Gb  tengine_header.obj [3]
teng_waitOcfsmIdle         0x5'eec5   0x3e  Code  Gb  tengine_sched.obj [3]
teng_wakeReschedule        0x5'cb65   0x12  Code  Gb  tengine.obj [3]
teng_wasPacketAcked        0x5'fbd5    0xc  Code  Gb  tengine_header.obj [3]
teng_writeTengCmd          0x5'c999   0x86  Code  Gb  tengine.obj [3]
tengine_charge_reportRadioRx
                           0x6'4be5   0x5c  Code  Gb  tengine_charge.obj [3]
tengine_charge_reportRadioTx
                           0x6'4b75   0x70  Code  Gb  tengine_charge.obj [3]
tengine_init               0x5'c6f7   0x8c  Code  Gb  tengine.obj [3]
tengine_preInit            0x5'c5c1   0x28  Code  Gb  tengine.obj [3]
time_close                 0x4'dc75    0x4  Code  Gb  dn_time.obj [3]
time_info_checkTimeNotifRetry
                           0x5'61b9   0x50  Code  Gb  time_info.obj [3]
time_info_init             0x5'60ad    0x8  Code  Gb  time_info.obj [3]
time_info_procTimePinNotif
                           0x5'60b5  0x104  Code  Gb  time_info.obj [3]
time_info_v             0x2000'7b04   0x1c  Data  Gb  time_info.obj [3]
time_init                  0x4'dc6d    0x4  Code  Gb  dn_time.obj [3]
time_ioctl                 0x4'dc79  0x10a  Code  Gb  dn_time.obj [3]
time_open                  0x4'dc71    0x4  Code  Gb  dn_time.obj [3]
time_setUTCTime            0x5'b531  0x112  Code  Gb  settime.obj [3]
timepinEvent_p             0x4'de2d   0xae  Code  Lc  dn_time.obj [3]
timerCallback_p            0x6'59e9   0xf8  Code  Lc  radio_utils.obj [3]
timer_delay                0x4'a8cd   0x60  Code  Gb  timer.obj [3]
timer_delayCallback        0x4'a8b3   0x1a  Code  Gb  timer.obj [3]
timer_delete               0x4'a975   0x68  Code  Gb  timer.obj [3]
timer_eventTimer1          0x4'a92d   0x48  Code  Gb  timer.obj [3]
timer_init                 0x4'a799   0x46  Code  Gb  timer.obj [3]
timer_scheduleNext         0x4'a859   0x30  Code  Lc  timer.obj [3]
timer_setFreqError         0x4'a9dd   0x16  Code  Gb  timer.obj [3]
timer_setFreqErrorNet      0x4'aa03    0x8  Code  Gb  timer.obj [3]
timer_setFreqErrorNetClrTemp
                           0x4'a9f3    0xa  Code  Gb  timer.obj [3]
timer_setTimer             0x4'a7df   0x7a  Code  Gb  timer.obj [3]
timer_v                 0x2000'0ae8  0x428  Data  Gb  timer.obj [3]
tlv_readArray              0x6'0b45   0x5c  Code  Gb  config.obj [3]
tlv_readList               0x6'0ba1   0x5c  Code  Gb  config.obj [3]
tlv_writeArray             0x6'0bfd   0xb6  Code  Gb  config.obj [3]
tmrCallback_p              0x4'd56d    0x2  Code  Lc  radio_drv.obj [3]
tmr_ActiveSlotISR          0x4'4001    0xa  Code  Lc  timer_sched.obj [3]
tmr_AsnGenISR              0x4'400d    0x8  Code  Lc  timer_sched.obj [3]
tmr_AsnOverflowISR         0x4'4041   0x12  Code  Lc  timer_sched.obj [3]
tmr_LowPowerISR            0x4'407d   0x3e  Code  Lc  timer_sched.obj [3]
tmr_PreslotISR             0x4'4021    0xa  Code  Lc  timer_sched.obj [3]
tmr_SysTimeOverflowISR     0x4'402d   0x12  Code  Lc  timer_sched.obj [3]
tmr_TimePinISR             0x4'40f9   0x58  Code  Lc  timer_sched.obj [3]
tmr_Timer1ISR              0x4'4055   0x14  Code  Lc  timer_sched.obj [3]
tmr_Timer2ISR              0x4'4069   0x14  Code  Lc  timer_sched.obj [3]
tmr_Timer8ISR              0x4'40bd   0x34  Code  Lc  timer_sched.obj [3]
tmr_decrementAsn           0x4'4285   0x18  Code  Gb  timer_sched.obj [3]
tmr_enableActiveSlotEvent
                           0x4'3eab   0x1a  Code  Gb  timer_sched.obj [3]
tmr_enableAsnCapture       0x4'3f09   0x1a  Code  Gb  timer_sched.obj [3]
tmr_enableAsnEvent         0x4'3e89   0x1a  Code  Gb  timer_sched.obj [3]
tmr_enableDeltaSigma       0x4'3eef   0x1a  Code  Gb  timer_sched.obj [3]
tmr_enablePreslotEvent     0x4'3e6f   0x1a  Code  Gb  timer_sched.obj [3]
tmr_enableSlotAccum        0x4'3e49   0x26  Code  Gb  timer_sched.obj [3]
tmr_enableWatchdog         0x4'3fc5   0x1e  Code  Gb  timer_sched.obj [3]
tmr_feedWatchdog           0xc'9511   0x18  Code  Gb  timer_sched.obj [3]
tmr_getAsn                 0x4'3d01   0x30  Code  Gb  timer_sched.obj [3]
tmr_getAsn32               0x4'42fb   0x20  Code  Gb  timer_sched.obj [3]
tmr_getAsn64               0x4'3ddd   0x2a  Code  Gb  timer_sched.obj [3]
tmr_getAsnOffset           0x4'3d31   0xac  Code  Gb  timer_sched.obj [3]
tmr_getCapturedAsn         0x4'4151  0x134  Code  Gb  timer_sched.obj [3]
tmr_getSlotOffset          0x4'3e1f    0x8  Code  Gb  timer_sched.obj [3]
tmr_getSlotTimeAcc         0x4'3e17    0x8  Code  Gb  timer_sched.obj [3]
tmr_getSlotWidth           0x4'3e0f    0x8  Code  Gb  timer_sched.obj [3]
tmr_getSysTimeCtr          0x4'3c3d    0x8  Code  Gb  timer_sched.obj [3]
tmr_getSysTimeCtr64        0x4'3c45   0x14  Code  Gb  timer_sched.obj [3]
tmr_incrAsnByInt8          0x4'42e7   0x14  Code  Gb  timer_sched.obj [3]
tmr_init                   0x4'3ae9   0x8e  Code  Gb  timer_sched.obj [3]
tmr_initTimer16            0x4'3f29   0x42  Code  Gb  timer_sched.obj [3]
tmr_isrCallback            0x4'3feb   0x14  Code  Lc  timer_sched.obj [3]
tmr_lpWaitTick             0x4'3c6f   0x20  Code  Gb  timer_sched.obj [3]
tmr_registerCallback       0x4'3c23   0x1a  Code  Gb  timer_sched.obj [3]
tmr_resetAsnAndChanCtr     0x4'429d   0x4a  Code  Gb  timer_sched.obj [3]
tmr_setAsnEvent            0x4'3ea3    0x8  Code  Gb  timer_sched.obj [3]
tmr_setChannelCtr          0x4'3fe3    0x8  Code  Gb  timer_sched.obj [3]
tmr_setFreqError           0x4'3ec5   0x22  Code  Gb  timer_sched.obj [3]
tmr_setParentOffset        0x4'3e27   0x22  Code  Gb  timer_sched.obj [3]
tmr_setSlotWidth           0x4'3e07    0x8  Code  Gb  timer_sched.obj [3]
tmr_setSysTimer1Delta      0x4'3c8f   0x26  Code  Gb  timer_sched.obj [3]
tmr_setWatchdogPeriod      0x4'3fa7   0x1e  Code  Gb  timer_sched.obj [3]
tmr_startTimer16PWM        0x4'3f6b   0x1c  Code  Gb  timer_sched.obj [3]
tmr_stopTimer16            0x4'3f91   0x16  Code  Gb  timer_sched.obj [3]
tmr_syncAsn                0x4'3cb5   0x4c  Code  Gb  timer_sched.obj [3]
tmr_timenPinInit           0x4'3b77   0xac  Code  Gb  timer_sched.obj [3]
tmr_v                   0x2000'560c   0x70  Data  Gb  timer_sched.obj [3]
tmr_waitTick               0x4'3c59   0x16  Code  Gb  timer_sched.obj [3]
traceFlagMap               0x5'68bc   0x80  Data  Lc  mote_cli.obj [3]
transp_allocSession        0x5'73d7   0x52  Code  Gb  transport_util.obj [3]
transp_composeHdr          0x6'5ecd   0x52  Code  Gb  transport.obj [3]
transp_findSession         0x5'739f   0x38  Code  Gb  transport_util.obj [3]
transp_init                0x5'736d   0x32  Code  Gb  transport_util.obj [3]
transp_parseHdr            0x6'5e91   0x3c  Code  Gb  transport.obj [3]
transp_pkCopy              0x5'742d    0x4  Code  Gb  transport_util.obj [3]
transp_rxProc              0x6'5d09   0xe0  Code  Gb  transport.obj [3]
transp_stats            0x2000'a58e    0x2  Data  Gb  transport.obj [3]
transp_txProc              0x6'5ded   0xa4  Code  Gb  transport.obj [3]
transp_v                0x2000'7b20   0x1c  Data  Gb  transport_util.obj [3]
tune20Mhz_p                0x6'5b47   0x3c  Code  Gb  radio_utils.obj [3]
txDonePER_p                0x6'5bb9   0x2c  Code  Lc  radio_utils.obj [3]
txPkRing                0x2000'a56c    0x4  Data  Gb  tengine.obj [3]
txPkRingBuf             0x2000'a570    0x4  Data  Gb  tengine.obj [3]
tx_p                       0x4'd161   0x9e  Code  Lc  radio_drv.obj [3]
uartTaskStk             0x2000'5a70  0x300  Data  Lc  uart_drv.obj [3]
uartTaskStk             0x2000'5f90  0x300  Data  Lc  uart_raw_drv.obj [3]
uart_checkFragStatus       0x4'6d1d    0xe  Code  Gb  uart.obj [3]
uart_cli_bufCopyToTxBuf
                           0x4'8f61   0xa8  Code  Lc  uart_cli.obj [3]
uart_cli_bytesAvailInTxBuf
                           0x4'8f21   0x40  Code  Gb  uart_cli.obj [3]
uart_cli_getPort           0x4'90a7    0x8  Code  Gb  uart_cli.obj [3]
uart_cli_init              0x4'8df1   0x80  Code  Gb  uart_cli.obj [3]
uart_cli_tx                0x4'8e8f   0x3c  Code  Gb  uart_cli.obj [3]
uart_cli_unlockTxBuf       0x4'8e71   0x1e  Code  Lc  uart_cli.obj [3]
uart_cli_v              0x2000'7b90  0x120  Data  Gb  uart_cli.obj [3]
uart_cli_write             0x4'9009   0x9e  Code  Gb  uart_cli.obj [3]
uart_ctsToRxTimeouts       0x4'708c    0xc  Data  Gb  uart.obj [3]
uart_dmaInit               0x4'6a09  0x102  Code  Lc  uart.obj [3]
uart_drv_close             0x4'e031   0x1c  Code  Gb  uart_drv.obj [3]
uart_drv_init              0x4'dee5   0x12  Code  Gb  uart_drv.obj [3]
uart_drv_ioctl             0x4'e30d   0xd2  Code  Gb  uart_drv.obj [3]
uart_drv_open              0x4'def7  0x13a  Code  Gb  uart_drv.obj [3]
uart_drv_rxEvent           0x4'e0ed  0x1d8  Code  Lc  uart_drv.obj [3]
uart_drv_txDone            0x4'e2c5   0x46  Code  Lc  uart_drv.obj [3]
uart_drv_txTask            0x4'e04d   0x9e  Code  Lc  uart_drv.obj [3]
uart_drv_v              0x2000'5820  0x250  Data  Gb  uart_drv.obj [3]
uart_eopToRtsTimeouts      0x4'7098    0xc  Data  Gb  uart.obj [3]
uart_feedRx                0x4'6d2b   0x44  Code  Gb  uart.obj [3]
uart_getBaudRate           0x4'7007    0x6  Code  Gb  uart.obj [3]
uart_getClkDivider         0x4'6e61    0xa  Code  Gb  uart.obj [3]
uart_ibTimeouts            0x4'7074    0xc  Data  Gb  uart.obj [3]
uart_init                  0x4'6b0b  0x17e  Code  Gb  uart.obj [3]
uart_invalidateLateFeed
                           0x4'6fd3   0x34  Code  Gb  uart.obj [3]
uart_ioconfig              0x4'6c89   0x32  Code  Gb  uart.obj [3]
uart_isBaudRateValid       0x4'6f95   0x3e  Code  Gb  uart.obj [3]
uart_modeSettings          0x4'705c   0x18  Data  Gb  uart.obj [3]
uart_raw_dmaInit           0x6'9ded  0x100  Code  Lc  uart_raw.obj [3]
uart_raw_drv_close         0x6'a651    0x6  Code  Gb  uart_raw_drv.obj [3]
uart_raw_drv_ioctl         0x6'a7c9   0x78  Code  Gb  uart_raw_drv.obj [3]
uart_raw_drv_open          0x6'a51d  0x134  Code  Gb  uart_raw_drv.obj [3]
uart_raw_drv_rxEvent       0x6'a6e5   0xbc  Code  Lc  uart_raw_drv.obj [3]
uart_raw_drv_txDone        0x6'a7a1   0x28  Code  Lc  uart_raw_drv.obj [3]
uart_raw_drv_txTask        0x6'a659   0x8a  Code  Lc  uart_raw_drv.obj [3]
uart_raw_drv_v          0x2000'5d70  0x220  Data  Gb  uart_raw_drv.obj [3]
uart_raw_feedRx            0x6'a043   0x3e  Code  Gb  uart_raw.obj [3]
uart_raw_init              0x6'9eed  0x102  Code  Gb  uart_raw.obj [3]
uart_raw_read              0x6'a023   0x20  Code  Gb  uart_raw.obj [3]
uart_raw_rxIsr             0x6'a0b9   0x28  Code  Lc  uart_raw.obj [3]
uart_raw_setBaudRate       0x6'a0e9   0x7a  Code  Gb  uart_raw.obj [3]
uart_raw_setTout           0x6'a163   0x42  Code  Gb  uart_raw.obj [3]
uart_raw_tx                0x6'9fef   0x34  Code  Gb  uart_raw.obj [3]
uart_raw_txIsr             0x6'a081   0x38  Code  Lc  uart_raw.obj [3]
uart_raw_v              0x2000'88d8   0xa4  Data  Gb  uart_raw.obj [3]
uart_read                  0x4'6cf1   0x2c  Code  Gb  uart.obj [3]
uart_resetRx               0x4'700d   0x10  Code  Gb  uart.obj [3]
uart_rtsToCtsTimeouts      0x4'7080    0xc  Data  Gb  uart.obj [3]
uart_rxIsr                 0x4'6dd5   0x5c  Code  Gb  uart.obj [3]
uart_setBaudRate           0x4'6e6b   0x30  Code  Gb  uart.obj [3]
uart_setCtsOut             0x4'6e49   0x18  Code  Gb  uart.obj [3]
uart_setRtsOut             0x4'6e31   0x18  Code  Gb  uart.obj [3]
uart_setTout               0x4'6e9d   0xba  Code  Gb  uart.obj [3]
uart_shutdown              0x4'6f57   0x3e  Code  Gb  uart.obj [3]
uart_tx                    0x4'6cbb   0x36  Code  Gb  uart.obj [3]
uart_txIsr                 0x4'6d71   0x64  Code  Gb  uart.obj [3]
uart_txToCtsTimeouts       0x4'70a4    0xc  Data  Gb  uart.obj [3]
uart_v                  0x2000'567c   0x58  Data  Gb  uart.obj [3]
uartc_dmaTx                0x4'75fd   0x54  Code  Gb  uartc.obj [3]
uartc_dmaTxDoneEvent       0x4'8ecd   0x50  Code  Gb  uart_cli.obj [3]
uartc_init                 0x4'73e1  0x14e  Code  Gb  uartc.obj [3]
uartc_receiveEvent         0x4'8f1d    0x4  Code  Gb  uart_cli.obj [3]
uartc_registerDmaTxDoneHandler
                           0x4'75ed   0x10  Code  Gb  uartc.obj [3]
uartc_rxIsr                0x4'75bf   0x2e  Code  Gb  uartc.obj [3]
uartc_rxIsr0               0x4'7739    0xe  Code  Gb  uartc.obj [3]
uartc_rxIsr1               0x4'7749    0xe  Code  Gb  uartc.obj [3]
uartc_setBaudRate          0x4'76d1   0x3a  Code  Gb  uartc.obj [3]
uartc_txAndWait            0x4'7651   0x80  Code  Gb  uartc.obj [3]
uartc_txIsr                0x4'752f   0x90  Code  Gb  uartc.obj [3]
uartc_txIsr0               0x4'7719    0xa  Code  Gb  uartc.obj [3]
uartc_txIsr1               0x4'7725    0x8  Code  Gb  uartc.obj [3]
uartc_v                 0x2000'56d4   0xa8  Data  Gb  uartc.obj [3]
uclk_adjFreq               0x4'b57d   0xd0  Code  Gb  pmu.obj [3]
uclk_measFreq              0x4'b535   0x48  Code  Gb  pmu.obj [3]
uclk_tune                  0x4'b36d  0x1c8  Code  Gb  pmu.obj [3]
udp_composeHdr             0x6'62c5   0xfe  Code  Gb  udp.obj [3]
udp_parseHdr               0x6'6211   0xb2  Code  Gb  udp.obj [3]
udp_rx                     0x5'7261   0x88  Code  Gb  socket.obj [3]
uncompressWriting          0x6'71cd   0x7e  Code  Lc  cmd_otap.obj [3]
unknownIsr_handler         0xc'9731         Code  Gb  fault_a.obj [3]
unknownIsr_handlerC        0x6'c375   0x34  Code  Gb  fault_c.obj [3]
usocket_bind               0x5'71a5   0x7e  Code  Gb  socket.obj [3]
usocket_close              0x5'7145   0x60  Code  Gb  socket.obj [3]
usocket_getByIdx           0x5'6ffb    0x8  Code  Gb  socket.obj [3]
usocket_getBySocketId      0x5'708f   0x28  Code  Gb  socket.obj [3]
usocket_initSockets        0x5'7035   0x5a  Code  Gb  socket.obj [3]
usocket_isFree             0x5'6ff9    0x2  Code  Lc  socket.obj [3]
usocket_isMatchPort        0x5'7003   0x12  Code  Lc  socket.obj [3]
usocket_isMatchSocketId
                           0x5'7015   0x12  Code  Lc  socket.obj [3]
usocket_isSocketAvail      0x5'7027    0x2  Code  Lc  socket.obj [3]
usocket_open               0x5'70b7   0x8e  Code  Gb  socket.obj [3]
usocket_sendto             0x5'7223   0x38  Code  Gb  socket.obj [3]
usocket_v               0x2000'7b3c   0x48  Data  Gb  socket.obj [3]
utils_ASN_40to64           0x4'aecd   0x22  Code  Gb  utils.obj [3]
utils_ASN_64to40           0x4'aeef   0x18  Code  Gb  utils.obj [3]
utils_asnToUtc             0x4'af07   0x5c  Code  Gb  utils.obj [3]
utils_binToHex             0x4'afb1   0xa0  Code  Gb  utils.obj [3]
utils_dnerr2str            0x4'b133   0x2a  Code  Gb  utils.obj [3]
utils_hexChar2bin_p        0x4'b063   0x20  Code  Lc  utils.obj [3]
utils_hexStr2Bin           0x4'b083   0xb0  Code  Gb  utils.obj [3]
utils_incrUint16           0x4'af89   0x28  Code  Gb  utils.obj [3]
utils_incrUint8            0x4'af63   0x26  Code  Gb  utils.obj [3]
utils_macToStr             0x4'b051   0x12  Code  Gb  utils.obj [3]
utils_ticks_to_usec        0x4'b15d    0xe  Code  Gb  utils.obj [3]
utils_usec_to_ticks        0x4'b16b   0x12  Code  Gb  utils.obj [3]
vsnprintf                  0x4'7761   0x3c  Code  Gb  vsnprint.o [2]
wd_getResetStatus          0x4'e7fd    0x4  Code  Gb  wd.obj [3]
wd_init                    0x4'e719   0x58  Code  Gb  wd.obj [3]
wd_locVar_v             0x2000'86f4   0x44  Data  Lc  wd.obj [3]
wd_timer_tick_p            0x4'e771   0x82  Code  Lc  wd.obj [3]


[1] = C:\Users\Yesoooof\Documents\GitHub\Team-20-Sensor-Suite\Firmware\On-chip App\onchipsdk-master\projects\iar\SensorSuiteOAP\Debug\Obj
[2] = dl7M_tln.a
[3] = libip_stack.a
[4] = libucos_full.a
[5] = m7M_tl.a
[6] = rt7M_tl.a

  180'362 bytes of readonly  code memory
    6'052 bytes of readwrite code memory
    9'042 bytes of readonly  data memory
   42'387 bytes of readwrite data memory

Errors: none
Warnings: 1
