###############################################################################
#                                                                             #
# IAR ELF Linker V6.50.3.4676/W32 for ARM               04/Mar/2021  21:41:50 #
# Copyright 2007-2013 IAR Systems AB.                                         #
#                                                                             #
#    Output file  =  C:\Users\Yesoooof\Documents\GitHub\Team-20-Sensor-Suite\ #
#                    Firmware\On-chip App\onchipsdk-REL-1.1.0.7\projects\iar\ #
#                    00-hello\Debug\Exe\ocfdk_00_hello.out                    #
#    Map file     =  C:\Users\Yesoooof\Documents\GitHub\Team-20-Sensor-Suite\ #
#                    Firmware\On-chip App\onchipsdk-REL-1.1.0.7\projects\iar\ #
#                    00-hello\Debug\List\ocfdk_00_hello.map                   #
#    Command line =  "C:\Users\Yesoooof\Documents\GitHub\Team-20-Sensor-Suite #
#                    \Firmware\On-chip App\onchipsdk-REL-1.1.0.7\projects\iar #
#                    \00-hello\Debug\Obj\cli_task.o"                          #
#                    "C:\Users\Yesoooof\Documents\GitHub\Team-20-Sensor-Suite #
#                    \Firmware\On-chip App\onchipsdk-REL-1.1.0.7\projects\iar #
#                    \00-hello\Debug\Obj\dnm_local.o"                         #
#                    "C:\Users\Yesoooof\Documents\GitHub\Team-20-Sensor-Suite #
#                    \Firmware\On-chip App\onchipsdk-REL-1.1.0.7\projects\iar #
#                    \00-hello\Debug\Obj\dnm_rate_ctrl.o"                     #
#                    "C:\Users\Yesoooof\Documents\GitHub\Team-20-Sensor-Suite #
#                    \Firmware\On-chip App\onchipsdk-REL-1.1.0.7\projects\iar #
#                    \00-hello\Debug\Obj\dnm_service.o"                       #
#                    "C:\Users\Yesoooof\Documents\GitHub\Team-20-Sensor-Suite #
#                    \Firmware\On-chip App\onchipsdk-REL-1.1.0.7\projects\iar #
#                    \00-hello\Debug\Obj\dnm_ucli.o"                          #
#                    "C:\Users\Yesoooof\Documents\GitHub\Team-20-Sensor-Suite #
#                    \Firmware\On-chip App\onchipsdk-REL-1.1.0.7\projects\iar #
#                    \00-hello\Debug\Obj\hello_app.o"                         #
#                    "C:\Users\Yesoooof\Documents\GitHub\Team-20-Sensor-Suite #
#                    \Firmware\On-chip App\onchipsdk-REL-1.1.0.7\src\lib\libi #
#                    p_stack.a" "C:\Users\Yesoooof\Documents\GitHub\Team-20-S #
#                    ensor-Suite\Firmware\On-chip                             #
#                    App\onchipsdk-REL-1.1.0.7\src\lib\libucos_full.a"        #
#                    "C:\Users\Yesoooof\Documents\GitHub\Team-20-Sensor-Suite #
#                    \Firmware\On-chip App\onchipsdk-REL-1.1.0.7\projects\iar #
#                    \00-hello\Debug\Obj\loc_task.o" --redirect               #
#                    _Printf=_PrintfSmall -o "C:\Users\Yesoooof\Documents\Git #
#                    Hub\Team-20-Sensor-Suite\Firmware\On-chip                #
#                    App\onchipsdk-REL-1.1.0.7\projects\iar\00-hello\Debug\Ex #
#                    e\ocfdk_00_hello.out" --config_def use_loader=1 --map    #
#                    "C:\Users\Yesoooof\Documents\GitHub\Team-20-Sensor-Suite #
#                    \Firmware\On-chip App\onchipsdk-REL-1.1.0.7\projects\iar #
#                    \00-hello\Debug\List\ocfdk_00_hello.map" --config        #
#                    "C:\Users\Yesoooof\Documents\GitHub\Team-20-Sensor-Suite #
#                    \Firmware\On-chip App\onchipsdk-REL-1.1.0.7\projects\iar #
#                    \00-hello\..\..\..\tools\linker_configuration\Eterna.icf #
#                    " --entry __reset_handler --vfe                          #
#                                                                             #
#                                                                             #
###############################################################################

*******************************************************************************
*** RUNTIME MODEL ATTRIBUTES
***

CppFlavor       = *
__SystemLibrary = DLib


*******************************************************************************
*** PLACEMENT SUMMARY
***

"P1":  place in [from 0x00041020 to 0x0007ffff] { ro section .intvec };
"A1":  place at start of [0x00041020-0x0007ffff] { section .reset_start };
"P3":  place in [from 0x00041020 to 0x0007ffff] { ro };
"A2":  place at start of [0x00041000-0x0004101f] { section .kernel_exe_hdr };
"P4":  place in [from 0x000c8000 to 0x000c9fff] { section .code_ram };
"A3":  place at end of [0x20000000-0x2000ffff] { section .heap_end };
"P5":  place in [from 0x20000000 to 0x2000ffff] { block SRAM_D };

  Section                 Kind        Address     Size  Object
  -------                 ----        -------     ----  ------
"A2":                                             0x20
  .kernel_exe_hdr         const    0x00041000     0x20  hello_app.o [1]
                                 - 0x00041020     0x20

"A1":                                             0x10
  .reset_start            ro code  0x00041020     0x10  reset.obj [4]
                                 - 0x00041030     0x10

"P1":                                             0x1c
  .intvec                 const    0x00041030     0x1c  startup_iar.obj [4]
                                 - 0x0004104c     0x1c

"P3":                                          0x28060
  .text                   ro code  0x0004104c   0x2674  radio.obj [4]
  .text                   ro code  0x000436c0    0x130  assert.obj [4]
  .text                   ro code  0x000437f0    0x864  timer_sched.obj [4]
  .text                   ro code  0x00044054    0x4c0  k_cli.obj [4]
  .text                   ro code  0x00044514     0xe8  mem.obj [4]
  .text                   ro code  0x000445fc      0x6  ABImemclr.o [7]
  .text                   ro code  0x00044602     0x22  cmd_paramPwrCostInfo.obj [4]
  .text                   ro code  0x00044624    0x2b8  dma.obj [4]
  .text                   ro code  0x000448dc     0x34  ioconfig.obj [4]
  .text                   ro code  0x00044910    0x1a2  nvic.obj [4]
  .text                   ro code  0x00044ab2     0x1a  xsnprout.o [3]
  .text                   ro code  0x00044acc      0x6  ABImemclr4.o [7]
  .rodata                 const    0x00044ad2      0x2  os_dbg.obj [5]
  .text                   ro code  0x00044ad4    0x214  main.obj [4]
  CODE                    ro code  0x00044ce8     0xa0  os_cpu_a.obj [5]
  .text                   ro code  0x00044d88    0x5f8  clkcomp.obj [4]
  .text                   ro code  0x00045380    0x5d0  dn_os_tmr.obj [4]
  .text                   ro code  0x00045950    0x554  adc_controller.obj [4]
  .text                   ro code  0x00045ea4    0x1a0  flash_info.obj [4]
  .text                   ro code  0x00046044    0x132  I64DivMod.o [7]
  .rodata                 const    0x00046176      0x2  os_dbg.obj [5]
  .text                   ro code  0x00046178    0x330  kernel_monitor.obj [4]
  .text                   ro code  0x000464a8     0xa8  kernel.obj [4]
  .text                   ro code  0x00046550     0x44  snprintf.o [3]
  .text                   ro code  0x00046594    0x238  llog.obj [4]
  .text                   ro code  0x000467cc    0x38c  uartc.obj [4]
  .text                   ro code  0x00046b58     0x3c  vsnprint.o [3]
  .text                   ro code  0x00046b94   0x14b4  ucos_ii.obj [5]
  .text                   ro code  0x00048048     0x6c  strncpy.o [7]
  .text                   ro code  0x000480b4     0xe4  ext_bus.obj [4]
  .text                   ro code  0x00048198    0x2ec  uart_cli.obj [4]
  .text                   ro code  0x00048484     0x84  ring.obj [4]
  .text                   ro code  0x00048508      0x4  mem_drv.obj [4]
  .text                   ro code  0x0004850c     0x36  strlen.o [7]
  .rodata                 const    0x00048542      0x2  os_dbg.obj [5]
  .text                   ro code  0x00048544     0x42  strcmp.o [7]
  .rodata                 const    0x00048586      0x2  os_dbg.obj [5]
  .text                   ro code  0x00048588    0x730  dn_channel.obj [4]
  .text                   ro code  0x00048cb8     0x66  ABImemset.o [7]
  .rodata                 const    0x00048d1e      0x2  os_dbg.obj [5]
  .text                   ro code  0x00048d20     0x76  ABImemcpy.o [7]
  .rodata                 const    0x00048d96      0x2  os_dbg.obj [5]
  .text                   ro code  0x00048d98     0x3a  ABImemset48.o [7]
  .rodata                 const    0x00048dd2      0x2  os_dbg.obj [5]
  .text                   ro code  0x00048dd4     0x44  hw_dbg.obj [4]
  .text                   ro code  0x00048e18     0xb4  block_op.obj [4]
  .text                   ro code  0x00048ecc    0x1f8  cal_struct.obj [4]
  .text                   ro code  0x000490c4     0x28  pwm32k.obj [4]
  .text                   ro code  0x000490ec    0x5d4  pmu.obj [4]
  .text                   ro code  0x000496c0     0x44  charge.obj [4]
  .text                   ro code  0x00049704    0x5f0  aes_hw.obj [4]
  .text                   ro code  0x00049cf4     0x54  mpu.obj [4]
  .text                   ro code  0x00049d48     0xd6  memtest.obj [4]
  .text                   ro code  0x00049e1e     0x9a  ext_bus_mem.obj [4]
  .text                   ro code  0x00049eb8    0x2bc  netpll.obj [4]
  .text                   ro code  0x0004a174    0x26c  timer.obj [4]
  .text                   ro code  0x0004a3e0    0x3dc  adc_drv.obj [4]
  .text                   ro code  0x0004a7bc      0x2  I64DivZer.o [7]
  .rodata                 const    0x0004a7be      0x2  os_dbg.obj [5]
  .text                   ro code  0x0004a7c0    0x1c4  security_drv_selftest.obj [4]
  .text                   ro code  0x0004a984    0xdf8  fs_utils.obj [4]
  .text                   ro code  0x0004b77c      0xa  pps_drv.obj [4]
  .rodata                 const    0x0004b786      0x2  os_dbg.obj [5]
  .text                   ro code  0x0004b788    0x71c  mac.obj [4]
  .text                   ro code  0x0004bea4    0x58c  radio_drv.obj [4]
  .text                   ro code  0x0004c430    0x1f0  mote.obj [4]
  .text                   ro code  0x0004c620     0xf4  hello_app.o [1]
  .text                   ro code  0x0004c714      0x2  nucleus.obj [4]
  .rodata                 const    0x0004c716      0x2  os_dbg.obj [5]
  .text                   ro code  0x0004c718     0x7e  random2.obj [4]
  .rodata                 const    0x0004c796      0x2  os_dbg.obj [5]
  .text                   ro code  0x0004c798    0x20c  dn_time.obj [4]
  .text                   ro code  0x0004c9a4    0x3c0  uart_drv.obj [4]
  .text                   ro code  0x0004cd64    0x300  gpio_drv.obj [4]
  .text                   ro code  0x0004d064    0x11c  wd.obj [4]
  .text                   ro code  0x0004d180    0x368  flash_drv.obj [4]
  .text                   ro code  0x0004d4e8    0x3ac  security_drv.obj [4]
  .text                   ro code  0x0004d894     0xb4  bops_drv.obj [4]
  .text                   ro code  0x0004d948    0x490  xprintfsmall.o [3]
  Veneer                  ro code  0x0004ddd8      0x8  - Linker created -
  .text                   ro code  0x0004dde0    0x298  flash.obj [4]
  .text                   ro code  0x0004e078     0xf4  hwinfo_drv.obj [4]
  .text                   ro code  0x0004e16c    0x644  uart.obj [4]
  .text                   ro code  0x0004e7b0     0x98  os_cpu_c.obj [5]
  .text                   ro code  0x0004e848      0x2  os_dbg.obj [5]
  .rodata                 const    0x0004e84a      0x2  os_dbg.obj [5]
  .text                   ro code  0x0004e84c    0x490  mac_neighb.obj [4]
  .text                   ro code  0x0004ecdc     0x1c  I32ToDbl.o [6]
  .text                   ro code  0x0004ecf8     0xe8  DblAdd.o [6]
  .text                   ro code  0x0004ede0     0x2e  DblCmpLe.o [6]
  .text                   ro code  0x0004ee0e     0x64  llist.obj [4]
  .rodata                 const    0x0004ee72      0x2  os_dbg.obj [5]
  .text                   ro code  0x0004ee74     0x62  memcmp.o [7]
  .text                   ro code  0x0004eed6     0x2a  strncmp.o [3]
  .text                   ro code  0x0004ef00    0x264  fcs.obj [4]
  .text                   ro code  0x0004f164     0xd4  mac_pk.obj [4]
  .text                   ro code  0x0004f238    0x920  mac_join.obj [4]
  .text                   ro code  0x0004fb58    0x79c  lmac.obj [4]
  .text                   ro code  0x000502f4    0x4a2  mac_frame.obj [4]
  .rodata                 const    0x00050796      0x2  os_dbg.obj [5]
  .text                   ro code  0x00050798    0x474  mac_link.obj [4]
  .text                   ro code  0x00050c0c    0x120  mac_graph.obj [4]
  .text                   ro code  0x00050d2c    0x130  mac_dscv.obj [4]
  .text                   ro code  0x00050e5c    0x15c  mac_duplicate.obj [4]
  .text                   ro code  0x00050fb8    0xbe8  mac_api.obj [4]
  .text                   ro code  0x00051ba0     0xd8  membuf.obj [4]
  .text                   ro code  0x00051c78    0x10c  arr.obj [4]
  .text                   ro code  0x00051d84    0x1ea  dev_info.obj [4]
  .rodata                 const    0x00051f6e      0x2  os_dbg.obj [5]
  .text                   ro code  0x00051f70    0x778  join.obj [4]
  .text                   ro code  0x000526e8    0x1b0  time_info.obj [4]
  .text                   ro code  0x00052898    0x7f0  mote_cli.obj [4]
  .text                   ro code  0x00053088    0x4dc  mote_monitor.obj [4]
  .text                   ro code  0x00053564    0x37c  socket.obj [4]
  .text                   ro code  0x000538e0     0xb4  transport_util.obj [4]
  .text                   ro code  0x00053994    0x648  security.obj [4]
  .text                   ro code  0x00053fdc    0x1ac  route.obj [4]
  .text                   ro code  0x00054188    0x220  service.obj [4]
  .text                   ro code  0x000543a8     0x38  net_util.obj [4]
  .text                   ro code  0x000543e0     0x5c  net_cfg.obj [4]
  .text                   ro code  0x0005443c     0xd0  net_pk.obj [4]
  .text                   ro code  0x0005450c    0x110  net_queue.obj [4]
  .text                   ro code  0x0005461c    0x728  net_mac.obj [4]
  .text                   ro code  0x00054d44    0x708  loc_intf.obj [4]
  .text                   ro code  0x0005544c    0x1c0  event.obj [4]
  .text                   ro code  0x0005560c     0xac  alarms.obj [4]
  .text                   ro code  0x000556b8    0x580  report.obj [4]
  .text                   ro code  0x00055c38    0x5d4  dn_system.obj [4]
  .text                   ro code  0x0005620c    0x580  ip_cfg.obj [4]
  .text                   ro code  0x0005678c    0x400  dnm_cli_util.obj [4]
  .text                   ro code  0x00056b8c    0x1cc  dnm_ucli.o [1]
  .text                   ro code  0x00056d58    0x1c0  dnm_local.o [1]
  .text                   ro code  0x00056f18    0x110  settime.obj [4]
  .text                   ro code  0x00057028    0x304  utils.obj [4]
  .text                   ro code  0x0005732c     0xc4  gpio.obj [4]
  .text                   ro code  0x000573f0     0x7c  gpio_radio_inhibit.obj [4]
  .text                   ro code  0x0005746c      0xc  flash_drv_par.obj [4]
  .text                   ro code  0x00057478     0x16  strchr.o [7]
  .rodata                 const    0x0005748e      0x2  os_dbg.obj [5]
  .text                   ro code  0x00057490     0x58  memchr.o [7]
  .text                   ro code  0x000574e8     0x10  flash_charge.obj [4]
  .text                   ro code  0x000574f8     0x34  fuse_table.obj [4]
  .text                   ro code  0x0005752c      0x8  os_hooks.obj [4]
  .text                   ro code  0x00057534    0x106  ilist.obj [4]
  .rodata                 const    0x0005763a      0x2  os_dbg.obj [5]
  .text                   ro code  0x0005763c    0x16c  DblSub.o [6]
  .text                   ro code  0x000577a8    0x33c  mac_net.obj [4]
  .text                   ro code  0x00057ae4    0x11a  mac_asn.obj [4]
  .rodata                 const    0x00057bfe      0x2  os_dbg.obj [5]
  .text                   ro code  0x00057c00    0x104  mac_conn.obj [4]
  .text                   ro code  0x00057d04     0x5c  mac_aux.obj [4]
  .text                   ro code  0x00057d60    0x1c8  mac_proc_adv.obj [4]
  .text                   ro code  0x00057f28    0x64c  tengine.obj [4]
  .text                   ro code  0x00058574     0xe4  lmac_notif.obj [4]
  .text                   ro code  0x00058658     0xac  lmac_pk.obj [4]
  .text                   ro code  0x00058704    0x700  lmac_linkseq.obj [4]
  .text                   ro code  0x00058e04    0x24c  lmac_adv.obj [4]
  .text                   ro code  0x00059050    0x244  mac_tof.obj [4]
  .text                   ro code  0x00059294     0xf8  mac_lmacintf.obj [4]
  .text                   ro code  0x0005938c    0x3c8  lmac_linkseq_util.obj [4]
  .text                   ro code  0x00059754    0xbf4  tengine_header.obj [4]
  .text                   ro code  0x0005a348    0x788  config.obj [4]
  .text                   ro code  0x0005aad0    0x6dc  mac_intf.obj [4]
  .text                   ro code  0x0005b1ac     0x22  I64Shl.o [7]
  .rodata                 const    0x0005b1ce      0x2  os_dbg.obj [5]
  .text                   ro code  0x0005b1d0     0x1e  U64Shr.o [7]
  .rodata                 const    0x0005b1ee      0x2  os_dbg.obj [5]
  .text                   ro code  0x0005b1f0    0x250  dnm_cli.obj [4]
  .text                   ro code  0x0005b440    0x760  net_cli.obj [4]
  .text                   ro code  0x0005bba0   0x1690  pktrace.obj [4]
  .text                   ro code  0x0005d230      0xc  loc_ap.obj [4]
  .text                   ro code  0x0005d23c    0x528  net.obj [4]
  .text                   ro code  0x0005d764     0x8a  security_cntr.obj [4]
  .rodata                 const    0x0005d7ee      0x2  os_dbg.obj [5]
  .text                   ro code  0x0005d7f0    0x448  notif.obj [4]
  .text                   ro code  0x0005dc38     0xb0  rlock.obj [4]
  .text                   ro code  0x0005dce8     0xb4  tof.obj [4]
  .text                   ro code  0x0005dd9c    0x284  mesh.obj [4]
  .text                   ro code  0x0005e020    0x100  cmd_local.obj [4]
  .text                   ro code  0x0005e120     0x48  ip_util.obj [4]
  .text                   ro code  0x0005e168    0x620  fs_api.obj [4]
  .text                   ro code  0x0005e788    0x65c  tengine_pk.obj [4]
  .text                   ro code  0x0005ede4   0x1774  tengine_sched.obj [4]
  .text                   ro code  0x00060558    0x174  xstoul.o [3]
  .text                   ro code  0x000606cc    0x594  radio_utils.obj [4]
  .text                   ro code  0x00060c60     0x3c  bsearch.o [3]
  .text                   ro code  0x00060c9c     0x28  strncat.o [3]
  .text                   ro code  0x00060cc4     0x22  trace_utils.obj [4]
  .rodata                 const    0x00060ce6      0x2  os_dbg.obj [5]
  .text                   ro code  0x00060ce8    0x228  transport.obj [4]
  .text                   ro code  0x00060f10    0x2fc  ip.obj [4]
  .text                   ro code  0x0006120c    0x208  udp.obj [4]
  .text                   ro code  0x00061414      0x6  addrmap.obj [4]
  .rodata                 const    0x0006141a      0x2  os_dbg.obj [5]
  .text                   ro code  0x0006141c      0xc  os_dn_utils.obj [4]
  .text                   ro code  0x00061428    0x2bc  cmd.obj [4]
  .text                   ro code  0x000616e4     0x94  tengine_charge.obj [4]
  .text                   ro code  0x00061778      0xc  errno.o [3]
  .text                   ro code  0x00061784      0x2  xtls.o [3]
  .rodata                 const    0x00061786      0x2  os_dbg.obj [5]
  .text                   ro code  0x00061788    0xfb0  cmd_otap.obj [4]
  .text                   ro code  0x00062738    0x10c  lzss.obj [4]
  .text                   ro code  0x00062844    0x9ec  lmac_macintf.obj [4]
  .text                   ro code  0x00063230    0x794  net_cli_fs.obj [4]
  .text                   ro code  0x000639c4    0x738  one_wire.obj [4]
  .text                   ro code  0x000640fc    0x510  spi_drv.obj [4]
  .text                   ro code  0x0006460c    0x3d8  spi_master.obj [4]
  .text                   ro code  0x000649e4    0x3f0  onewire_drv.obj [4]
  .rodata                 const    0x00064dd4    0x2f4  pktrace.obj [4]
  .text                   ro code  0x000650c8    0x2b0  i2c_drv.obj [4]
  .text                   ro code  0x00065378    0x1f4  i2c.obj [4]
  .text                   ro code  0x0006556c    0x294  cmd_net.obj [4]
  .text                   ro code  0x00065800    0x228  cmd_locRadioTest.obj [4]
  .text                   ro code  0x00065a28    0x21c  cmd_paramPwrSrc.obj [4]
  .rodata                 const    0x00065c44    0x20c  mote_cli.obj [4]
  .text                   ro code  0x00065e50    0x1f8  cmd_param.obj [4]
  .rodata                 const    0x00066048    0x174  utils.obj [4]
  .text                   ro code  0x000661bc    0x13e  cmd_paramTime.obj [4]
  .rodata                 const    0x000662fa      0x2  os_dbg.obj [5]
  .rodata                 const    0x000662fc    0x114  mac_api.obj [4]
  .rodata                 const    0x00066410    0x10c  ip_cfg.obj [4]
  .text                   ro code  0x0006651c     0xc8  cli_drv.obj [4]
  .text                   ro code  0x000665e4     0xc4  fault_c.obj [4]
  .text                   ro code  0x000666a8     0xac  cmd_paramCharge.obj [4]
  .text                   ro code  0x00066754     0xa6  cmd_paramAppInfo.obj [4]
  .rodata                 const    0x000667fa      0x2  os_dbg.obj [5]
  Initializer bytes       ro data  0x000667fc     0x88  <for rw-1>
  .text                   ro code  0x00066884      0xc  cstartup_M.o [7]
  .text                   ro code  0x00066890     0x16  cmain.o [7]
  .text                   ro code  0x000668a6      0x4  low_level_init.o [3]
  .rodata                 const    0x000668aa      0x2  os_dbg.obj [5]
  .text                   ro code  0x000668ac     0x28  data_init.o [7]
  .text                   ro code  0x000668d4      0x4  exit.o [3]
  .text                   ro code  0x000668d8      0xa  cexit.o [7]
  .rodata                 const    0x000668e2      0x2  os_dbg.obj [5]
  .text                   ro code  0x000668e4      0xc  XXexit.o [7]
  .text                   ro code  0x000668f0     0x80  cmd_paramTxPwr.obj [4]
  .text                   ro code  0x00066970     0x7c  cmd_netReadLink.obj [4]
  .text                   ro code  0x000669ec     0x6e  cmd_paramEventMask.obj [4]
  .rodata                 const    0x00066a5a      0x2  os_dbg.obj [5]
  .text                   ro code  0x00066a5c     0x6c  temp_drv.obj [4]
  .text                   ro code  0x00066ac8     0x6c  cmd_netAddMulLink.obj [4]
  .text                   ro code  0x00066b34     0x6c  cmd_netReadSession.obj [4]
  .text                   ro code  0x00066ba0     0x6c  cmd_paramMoteStatus.obj [4]
  .text                   ro code  0x00066c0c     0x68  cmd_paramJoinDC.obj [4]
  .text                   ro code  0x00066c74     0x66  cmd_netDelMulLink.obj [4]
  .text                   ro code  0x00066cda     0x64  cmd_netReqSvc.obj [4]
  .text                   ro code  0x00066d3e     0x64  cmd_netReadFrame.obj [4]
  .text                   ro code  0x00066da2     0x64  cmd_locGetSvcInfo.obj [4]
  .text                   ro code  0x00066e06     0x62  cmd_paramMoteInfo.obj [4]
  .text                   ro code  0x00066e68     0x60  cmd_paramShortAddr.obj [4]
  .text                   ro code  0x00066ec8     0x5c  cmd_netActivate.obj [4]
  .text                   ro code  0x00066f24     0x5c  cmd_paramHrTimer.obj [4]
  .text                   ro code  0x00066f80     0x58  cmd_paramMacAddr.obj [4]
  .text                   ro code  0x00066fd8     0x58  cmd_paramNetId.obj [4]
  .text                   ro code  0x00067030     0x50  cmd_netAddLink.obj [4]
  .text                   ro code  0x00067080     0x50  cmd_paramChannels.obj [4]
  .text                   ro code  0x000670d0     0x4e  cmd_paramAutoJoin.obj [4]
  .text                   ro code  0x0006711e     0x4e  cmd_paramMobility.obj [4]
  .text                   ro code  0x0006716c     0x4e  cmd_paramOtapLockout.obj [4]
  .text                   ro code  0x000671ba     0x4e  cmd_paramRoutingMode.obj [4]
  .text                   ro code  0x00067208     0x4e  cmd_paramSizeInfo.obj [4]
  .text                   ro code  0x00067256     0x4e  cmd_locSvcReq.obj [4]
  .text                   ro code  0x000672a4     0x4c  cmd_netAssignSvc.obj [4]
  .text                   ro code  0x000672f0     0x4c  cmd_netDelLink.obj [4]
  .text                   ro code  0x0006733c     0x4a  cmd_paramIP6Addr.obj [4]
  .rodata                 const    0x00067386      0x2  os_dbg.obj [5]
  .rodata                 const    0x00067388     0x48  mote.obj [4]
  .text                   ro code  0x000673d0     0x46  cmd_paramNetInfo.obj [4]
  .text                   ro code  0x00067416     0x46  cmd_locReadSocket.obj [4]
  .text                   ro code  0x0006745c     0x40  cpu_charge.obj [4]
  .text                   ro code  0x0006749c     0x40  cmd_paramCCAMode.obj [4]
  .text                   ro code  0x000674dc     0x40  cmd_paramAdvGraph.obj [4]
  .text                   ro code  0x0006751c     0x40  cmd_zeroize.obj [4]
  .text                   ro code  0x0006755c     0x38  cmd_netEchoReq.obj [4]
  .text                   ro code  0x00067594     0x38  cmd_paramPathAlarm.obj [4]
  .text                   ro code  0x000675cc     0x38  cmd_locBindSocket.obj [4]
  .text                   ro code  0x00067604     0x38  copy_init3.obj [4]
  .text                   ro code  0x0006763c     0x36  cmd_netAddFrame.obj [4]
  .text                   ro code  0x00067672     0x36  cmd_netChgSizeFrame.obj [4]
  .text                   ro code  0x000676a8     0x34  cmd_locOpenSocket.obj [4]
  .text                   ro code  0x000676dc     0x34  zero_init3.obj [4]
  .text                   ro code  0x00067710     0x32  cmd_moteDisconnect.obj [4]
  .text                   ro code  0x00067742     0x30  charge_drv.obj [4]
  .text                   ro code  0x00067772     0x2e  cmd_locSearch.obj [4]
  .text                   ro code  0x000677a0     0x2a  cmd_paramMacMicKey.obj [4]
  .text                   ro code  0x000677ca     0x2a  cmd_locCloseSocket.obj [4]
  .rodata                 const    0x000677f4     0x28  net_cli_fs.obj [4]
  .text                   ro code  0x0006781c     0x28  cmd_netReadGraphRt.obj [4]
  .text                   ro code  0x00067844     0x26  randhw_drv.obj [4]
  .text                   ro code  0x0006786a     0x26  cmd_netAddConn.obj [4]
  .text                   ro code  0x00067890     0x26  cmd_netAddGraphRoute.obj [4]
  .text                   ro code  0x000678b6     0x26  cmd_netDelConn.obj [4]
  .text                   ro code  0x000678dc     0x24  cmd_netDelGraphRoute.obj [4]
  .text                   ro code  0x00067900     0x24  cmd_netDelSession.obj [4]
  .text                   ro code  0x00067924     0x24  cmd_netSetNbrProp.obj [4]
  .text                   ro code  0x00067948     0x24  cmd_locJoin.obj [4]
  .text                   ro code  0x0006796c     0x22  cmd_paramAdvKey.obj [4]
  .text                   ro code  0x0006798e     0x22  cmd_paramJoinKey.obj [4]
  .iar.init_table         const    0x000679b0     0x58  - Linker created -
  .text                   ro code  0x00067a08     0x20  cmd_paramLog.obj [4]
  .text                   ro code  0x00067a28     0x1e  cmd_netCtrlFrame.obj [4]
  .text                   ro code  0x00067a46     0x1e  cmd_locLowPwrSleep.obj [4]
  .text                   ro code  0x00067a64     0x1a  cmd_netDelFrame.obj [4]
  .text                   ro code  0x00067a7e     0x1a  cmd_moteReset.obj [4]
  .text                   ro code  0x00067a98     0x18  cmd_netAddSession.obj [4]
  .text                   ro code  0x00067ab0     0x18  cmd_netRefreshAdv.obj [4]
  .text                   ro code  0x00067ac8     0x16  cmd_locClearNv.obj [4]
  .text                   ro code  0x00067ade     0x10  flashinfo_drv.obj [4]
  .rodata                 const    0x00067aee      0x2  os_dbg.obj [5]
  .rodata                 const    0x00067af0      0x4  os_dbg.obj [5]
  .rodata                 const    0x00067af4      0x2  os_dbg.obj [5]
  .rodata                 const    0x00067af6      0x2  os_dbg.obj [5]
  .rodata                 const    0x00067af8      0x2  os_dbg.obj [5]
  .rodata                 const    0x00067afa      0x2  os_dbg.obj [5]
  .rodata                 const    0x00067afc      0x2  os_dbg.obj [5]
  .rodata                 const    0x00067afe      0x2  os_dbg.obj [5]
  .rodata                 const    0x00067b00      0x2  os_dbg.obj [5]
  .rodata                 const    0x00067b02      0x2  os_dbg.obj [5]
  .rodata                 const    0x00067b04      0x2  os_dbg.obj [5]
  .rodata                 const    0x00067b06      0x2  os_dbg.obj [5]
  .rodata                 const    0x00067b08      0x2  os_dbg.obj [5]
  .rodata                 const    0x00067b0a      0x2  os_dbg.obj [5]
  .rodata                 const    0x00067b0c      0x2  os_dbg.obj [5]
  .text                   ro code  0x00067b0e      0x2  startup_iar.obj [4]
  .rodata                 const    0x00067b10      0x0  copy_init3.obj [4]
  Initializer bytes       ro data  0x00067b10   0x159c  <for P4 s0>
                                 - 0x000690ac  0x28060

"P4":                                           0x159c
  P4 s0                            0x000c8000   0x159c  <Init block>
    .code_ram             inited   0x000c8000   0x1108  radio.obj [4]
    .code_ram             inited   0x000c9108    0x23c  fault_c.obj [4]
    .code_ram             inited   0x000c9344     0x18  timer_sched.obj [4]
    .code_ram             inited   0x000c935c    0x1c0  dma.obj [4]
    .code_ram             inited   0x000c951c     0x38  fault_a.obj [4]
    .code_ram             inited   0x000c9554     0x2e  nvic.obj [4]
    .code_ram             inited   0x000c9584     0x14  main.obj [4]
    .code_ram             inited   0x000c9598      0x4  os_hooks.obj [4]
                                 - 0x000c959c   0x159c

"P5":                                           0x8e38
  SRAM_D                           0x20000000   0x8e38  <Block>
    .ram_vectors          uninit   0x20000000    0x100  startup_iar.obj [4]
    CSTACK                         0x20000100    0x800  <Block>
      CSTACK              uninit   0x20000100    0x800  <Block tail>
    rw-1                           0x20000900     0x88  <Init block>
      .data               inited   0x20000900     0x10  dnm_ucli.o [1]
      .data               inited   0x20000910      0x8  llog.obj [4]
      .data               inited   0x20000918      0xc  dnm_cli.obj [4]
      .data               inited   0x20000924     0x24  cmd_otap.obj [4]
      .data               inited   0x20000948     0x24  net_cli_fs.obj [4]
      .textrw             inited   0x2000096c     0x18  flash.obj [4]
      __DLIB_PERTHREAD    inited   0x20000984      0x4  errno.o [3]
    .bss                  zero     0x20000988     0x20  kernel_monitor.obj [4]
    .bss                  zero     0x200009a8     0x30  dn_time.obj [4]
    .bss                  zero     0x200009d8    0x290  lmac_linkseq.obj [4]
    .bss                  zero     0x20000c68     0x10  mac_tof.obj [4]
    .bss                  zero     0x20000c78    0x1a4  dnm_local.o [1]
    .bss                  zero     0x20000e1c    0x480  hello_app.o [1]
    .bss                  zero     0x2000129c    0xf94  ucos_ii.obj [5]
    .bss                  zero     0x20002230    0x100  ucos_ii.obj [5]
    .bss                  zero     0x20002330    0x184  ucos_ii.obj [5]
    .bss                  zero     0x200024b4     0xf0  ucos_ii.obj [5]
    .bss                  zero     0x200025a4      0x4  ucos_ii.obj [5]
    .bss                  zero     0x200025a8      0x4  ucos_ii.obj [5]
    .bss                  zero     0x200025ac      0x4  ucos_ii.obj [5]
    .bss                  zero     0x200025b0    0x334  ucos_ii.obj [5]
    .bss                  zero     0x200028e4      0x4  ucos_ii.obj [5]
    .bss                  zero     0x200028e8    0x400  ucos_ii.obj [5]
    .bss                  zero     0x20002ce8      0xc  ucos_ii.obj [5]
    .bss                  zero     0x20002cf4     0x3c  assert.obj [4]
    .bss                  zero     0x20002d30    0x480  dn_channel.obj [4]
    .bss                  zero     0x200031b0      0x4  dn_os_tmr.obj [4]
    .bss                  zero     0x200031b4      0x8  dn_os_tmr.obj [4]
    .bss                  zero     0x200031bc      0xc  hw_dbg.obj [4]
    .bss                  zero     0x200031c8    0x188  k_cli.obj [4]
    .bss                  zero     0x20003350      0x4  kernel.obj [4]
    .bss                  zero     0x20003354    0x30c  kernel_monitor.obj [4]
    .bss                  zero     0x20003660     0x80  kernel_monitor.obj [4]
    .bss                  zero     0x200036e0    0x468  radio.obj [4]
    .bss                  zero     0x20003b48      0x8  radio.obj [4]
    .bss                  zero     0x20003b50    0x47c  radio.obj [4]
    .bss                  zero     0x20003fcc      0x8  radio.obj [4]
    .bss                  zero     0x20003fd4     0x6c  timer_sched.obj [4]
    .bss                  zero     0x20004040     0xa8  uartc.obj [4]
    .bss                  zero     0x200040e8      0x4  bops_drv.obj [4]
    .bss                  zero     0x200040ec     0x40  adc_drv.obj [4]
    .bss                  zero     0x2000412c      0x8  cli_drv.obj [4]
    .bss                  zero     0x20004134     0x10  gpio_drv.obj [4]
    .bss                  zero     0x20004144      0x8  hwinfo_drv.obj [4]
    .bss                  zero     0x2000414c     0x18  i2c_drv.obj [4]
    .bss                  zero     0x20004164     0x10  onewire_drv.obj [4]
    .bss                  zero     0x20004174     0x5c  radio_drv.obj [4]
    .bss                  zero     0x200041d0     0x18  spi_drv.obj [4]
    .bss                  zero     0x200041e8    0x4ac  uart_drv.obj [4]
    .bss                  zero     0x20004694    0x2a4  timer.obj [4]
    .bss                  zero     0x20004938      0x4  block_op.obj [4]
    .bss                  zero     0x2000493c      0x8  main.obj [4]
    .bss                  zero     0x20004944    0x120  uart_cli.obj [4]
    .bss                  zero     0x20004a64     0x38  clkcomp.obj [4]
    .bss                  zero     0x20004a9c      0xc  flash_drv.obj [4]
    .bss                  zero     0x20004aa8    0x940  mac.obj [4]
    .bss                  zero     0x200053e8      0x4  mote.obj [4]
    .bss                  zero     0x200053ec      0x4  random2.obj [4]
    .bss                  zero     0x200053f0     0xb8  security_drv.obj [4]
    .bss                  zero     0x200054a8     0x44  wd.obj [4]
    .bss                  zero     0x200054ec      0xc  pmu.obj [4]
    .bss                  zero     0x200054f8     0x10  flash.obj [4]
    .bss                  zero     0x20005508     0x2c  adc_controller.obj [4]
    .bss                  zero     0x20005534     0x5c  cal_struct.obj [4]
    .bss                  zero     0x20005590     0x40  dma.obj [4]
    .bss                  zero     0x200055d0     0x24  mem.obj [4]
    .bss                  zero     0x200055f4     0x48  uart.obj [4]
    .bss                  zero     0x2000563c      0x8  charge.obj [4]
    .bss                  zero     0x20005644      0x4  gpio_radio_inhibit.obj [4]
    .bss                  zero     0x20005648     0x20  i2c.obj [4]
    .bss                  zero     0x20005668      0x4  one_wire.obj [4]
    .bss                  zero     0x2000566c     0x18  spi_master.obj [4]
    .bss                  zero     0x20005684      0xc  spi_master.obj [4]
    .bss                  zero     0x20005690     0x14  spi_master.obj [4]
    .bss                  zero     0x200056a4      0xc  cpu_charge.obj [4]
    .bss                  zero     0x200056b0     0xb0  aes_hw.obj [4]
    .bss                  zero     0x20005760     0x30  netpll.obj [4]
    .bss                  zero     0x20005790    0x888  fs_api.obj [4]
    .bss                  zero     0x20006018     0x44  lmac.obj [4]
    .bss                  zero     0x2000605c     0x40  mac_graph.obj [4]
    .bss                  zero     0x2000609c    0x12c  mac_info.obj [4]
    .bss                  zero     0x200061c8     0x20  mac_dscv.obj [4]
    .bss                  zero     0x200061e8     0x38  mac_duplicate.obj [4]
    .bss                  zero     0x20006220    0x398  mac_frame.obj [4]
    .bss                  zero     0x200065b8      0x4  mac_link.obj [4]
    .bss                  zero     0x200065bc      0x8  mac_link.obj [4]
    .bss                  zero     0x200065c4      0x8  mac_join.obj [4]
    .bss                  zero     0x200065cc     0x14  mac_net.obj [4]
    .bss                  zero     0x200065e0    0x910  mac_pk.obj [4]
    .bss                  zero     0x20006ef0      0x8  alarms.obj [4]
    .bss                  zero     0x20006ef8     0x18  dev_info.obj [4]
    .bss                  zero     0x20006f10      0x8  ip_cfg.obj [4]
    .bss                  zero     0x20006f18      0x8  ip_cfg.obj [4]
    .bss                  zero     0x20006f20      0xc  event.obj [4]
    .bss                  zero     0x20006f2c    0x628  loc_intf.obj [4]
    .bss                  zero     0x20007554    0x620  mote_monitor.obj [4]
    .bss                  zero     0x20007b74     0x18  net_cfg.obj [4]
    .bss                  zero     0x20007b8c     0x18  join.obj [4]
    .bss                  zero     0x20007ba4    0x618  net_mac.obj [4]
    .bss                  zero     0x200081bc      0xc  net_mac.obj [4]
    .bss                  zero     0x200081c8    0x570  net_pk.obj [4]
    .bss                  zero     0x20008738     0x10  net_queue.obj [4]
    .bss                  zero     0x20008748      0xc  net_util.obj [4]
    .bss                  zero     0x20008754     0x11  report.obj [4]
    .bss                  zero     0x20008765      0x2  assert.obj [4]
    .bss                  zero     0x20008767      0x1  dnm_ucli.o [1]
    .bss                  zero     0x20008768     0x18  route.obj [4]
    .bss                  zero     0x20008780     0x68  security.obj [4]
    .bss                  zero     0x200087e8     0x30  service.obj [4]
    .bss                  zero     0x20008818     0x1c  time_info.obj [4]
    .bss                  zero     0x20008834     0x1c  transport_util.obj [4]
    .bss                  zero     0x20008850     0x48  socket.obj [4]
    .bss                  zero     0x20008898      0x4  lmac_adv.obj [4]
    .bss                  zero     0x2000889c      0x8  lmac_linkseq_util.obj [4]
    .bss                  zero     0x200088a4     0xf0  lmac_notif.obj [4]
    .bss                  zero     0x20008994     0x34  lmac_pk.obj [4]
    .bss                  zero     0x200089c8    0x26c  tengine.obj [4]
    .bss                  zero     0x20008c34     0x74  tengine.obj [4]
    .bss                  zero     0x20008ca8     0x1c  tengine.obj [4]
    .bss                  zero     0x20008cc4     0x1c  tengine.obj [4]
    .bss                  zero     0x20008ce0     0x20  tengine_header.obj [4]
    .bss                  zero     0x20008d00      0xc  mac_proc_adv.obj [4]
    .bss                  zero     0x20008d0c      0x4  cmd_netEchoReq.obj [4]
    .bss                  zero     0x20008d10     0x1c  cmd_otap.obj [4]
    .bss                  zero     0x20008d2c      0x4  cmd.obj [4]
    .bss                  zero     0x20008d30     0x14  net_cli.obj [4]
    .bss                  zero     0x20008d44     0x84  net_cli.obj [4]
    .bss                  zero     0x20008dc8      0x4  net.obj [4]
    .bss                  zero     0x20008dcc      0x4  notif.obj [4]
    .bss                  zero     0x20008dd0      0x8  cmd_locRadioTest.obj [4]
    .bss                  zero     0x20008dd8     0x34  radio_utils.obj [4]
    .bss                  zero     0x20008e0c      0x4  transport.obj [4]
    .bss                  zero     0x20008e10      0x2  ucos_ii.obj [5]
    .bss                  zero     0x20008e12      0x2  ucos_ii.obj [5]
    .bss                  zero     0x20008e14      0x2  os_cpu_c.obj [5]
    .bss                  zero     0x20008e16      0x1  assert.obj [4]
    .bss                  zero     0x20008e17      0x1  flash_info.obj [4]
    .bss                  zero     0x20008e18      0x1  clkcomp.obj [4]
    .bss                  zero     0x20008e19      0x1  dnm_cli.obj [4]
    .bss                  zero     0x20008e1a      0x2  mac_dscv.obj [4]
    .bss                  zero     0x20008e1c      0x1  lmac_linkseq_util.obj [4]
    .coderam_heap_end              0x20008e20      0x4  <Block>
      .coderam_heap_end   zero     0x20008e20      0x1  mem.obj [4]
    .coderam_heap_start            0x20008e24      0x4  <Block>
      .coderam_heap_start
                          zero     0x20008e24      0x1  mem.obj [4]
    .noinit               uninit   0x20008e28      0xc  hw_dbg.obj [4]
    .heap_start                    0x20008e34      0x4  <Block>
      .heap_start         zero     0x20008e34      0x1  mem.obj [4]
                                 - 0x20008e38   0x8e38

"A3":                                              0x4
  .heap_end                        0x2000fffc      0x4  <Block>
    .heap_end             zero     0x2000fffc      0x1  mem.obj [4]
                                 - 0x20010000      0x4


*******************************************************************************
*** INIT TABLE
***

          Address     Size
          -------     ----
Zero (__iar_zero_init3)
    5 destination ranges, total size 0x8499:
          0x20000988  0x8495
          0x20008e20     0x1
          0x20008e24     0x1
          0x20008e34     0x1
          0x2000fffc     0x1

Copy (__iar_copy_init3)
    1 source range, total size 0x88:
          0x000667fc    0x88
    1 destination range, total size 0x88:
          0x20000900    0x88

Copy (__iar_copy_init3)
    1 source range, total size 0x159c:
          0x00067b10  0x159c
    1 destination range, total size 0x159c:
          0x000c8000  0x159c



*******************************************************************************
*** MODULE SUMMARY
***

    Module                     ro code  rw code  ro data  rw data
    ------                     -------  -------  -------  -------
C:\Users\Yesoooof\Documents\GitHub\Team-20-Sensor-Suite\Firmware\On-chip App\onchipsdk-REL-1.1.0.7\projects\iar\00-hello\Debug\Obj: [1]
    dnm_local.o                    448                        420
    dnm_ucli.o                     460                16       17
    hello_app.o                    244                32    1 152
    -------------------------------------------------------------
    Total:                       1 152                48    1 589

command line: [2]
    -------------------------------------------------------------
    Total:

dl7M_tln.a: [3]
    bsearch.o                       60
    errno.o                         12                 4        4
    exit.o                           4
    low_level_init.o                 4
    snprintf.o                      68
    strncat.o                       40
    strncmp.o                       42
    vsnprint.o                      60
    xprintfsmall.o               1 168
    xsnprout.o                      26
    xstoul.o                       372
    xtls.o                           2
    -------------------------------------------------------------
    Total:                       1 858                 4        4

libip_stack.a: [4]
    adc_controller.obj           1 364                         44
    adc_drv.obj                    988                         64
    addrmap.obj                      6
    aes_hw.obj                   1 520                        176
    alarms.obj                     172                          8
    arr.obj                        268
    assert.obj                     304                         63
    block_op.obj                   180                          4
    bops_drv.obj                   180                          4
    cal_struct.obj                 504                         92
    charge.obj                      68                          8
    charge_drv.obj                  48
    cli_drv.obj                    200                          8
    clkcomp.obj                  1 528                         57
    cmd.obj                        700                          4
    cmd_locBindSocket.obj           56
    cmd_locClearNv.obj              22
    cmd_locCloseSocket.obj          42
    cmd_locGetSvcInfo.obj          100
    cmd_locJoin.obj                 36
    cmd_locLowPwrSleep.obj          30
    cmd_locOpenSocket.obj           52
    cmd_locRadioTest.obj           552                          8
    cmd_locReadSocket.obj           70
    cmd_locSearch.obj               46
    cmd_locSvcReq.obj               78
    cmd_local.obj                  256
    cmd_moteDisconnect.obj          50
    cmd_moteReset.obj               26
    cmd_net.obj                    660
    cmd_netActivate.obj             92
    cmd_netAddConn.obj              38
    cmd_netAddFrame.obj             54
    cmd_netAddGraphRoute.obj        38
    cmd_netAddLink.obj              80
    cmd_netAddMulLink.obj          108
    cmd_netAddSession.obj           24
    cmd_netAssignSvc.obj            76
    cmd_netChgSizeFrame.obj         54
    cmd_netCtrlFrame.obj            30
    cmd_netDelConn.obj              38
    cmd_netDelFrame.obj             26
    cmd_netDelGraphRoute.obj        36
    cmd_netDelLink.obj              76
    cmd_netDelMulLink.obj          102
    cmd_netDelSession.obj           36
    cmd_netEchoReq.obj              56                          4
    cmd_netReadFrame.obj           100
    cmd_netReadGraphRt.obj          40
    cmd_netReadLink.obj            124
    cmd_netReadSession.obj         108
    cmd_netRefreshAdv.obj           24
    cmd_netReqSvc.obj              100
    cmd_netSetNbrProp.obj           36
    cmd_otap.obj                 4 016                36       64
    cmd_param.obj                  504
    cmd_paramAdvGraph.obj           64
    cmd_paramAdvKey.obj             34
    cmd_paramAppInfo.obj           166
    cmd_paramAutoJoin.obj           78
    cmd_paramCCAMode.obj            64
    cmd_paramChannels.obj           80
    cmd_paramCharge.obj            172
    cmd_paramEventMask.obj         110
    cmd_paramHrTimer.obj            92
    cmd_paramIP6Addr.obj            74
    cmd_paramJoinDC.obj            104
    cmd_paramJoinKey.obj            34
    cmd_paramLog.obj                32
    cmd_paramMacAddr.obj            88
    cmd_paramMacMicKey.obj          42
    cmd_paramMobility.obj           78
    cmd_paramMoteInfo.obj           98
    cmd_paramMoteStatus.obj        108
    cmd_paramNetId.obj              88
    cmd_paramNetInfo.obj            70
    cmd_paramOtapLockout.obj        78
    cmd_paramPathAlarm.obj          56
    cmd_paramPwrCostInfo.obj        34
    cmd_paramPwrSrc.obj            540
    cmd_paramRoutingMode.obj        78
    cmd_paramShortAddr.obj          96
    cmd_paramSizeInfo.obj           78
    cmd_paramTime.obj              318
    cmd_paramTxPwr.obj             128
    cmd_zeroize.obj                 64
    config.obj                   1 928
    copy_init3.obj                  56
    cpu_charge.obj                  64                         12
    dev_info.obj                   490                         24
    dma.obj                        696      448      448       64
    dn_channel.obj               1 840                      1 152
    dn_os_tmr.obj                1 488                         12
    dn_system.obj                1 492
    dn_time.obj                    524                         48
    dnm_cli.obj                    592                12       13
    dnm_cli_util.obj             1 024
    event.obj                      448                         12
    ext_bus.obj                    228
    ext_bus_mem.obj                154
    fault_a.obj                              56       56
    fault_c.obj                    196      572      572
    fcs.obj                        612
    flash.obj                      664       24       24       16
    flash_charge.obj                16
    flash_drv.obj                  872                         12
    flash_drv_par.obj               12
    flash_info.obj                 416                          1
    flashinfo_drv.obj               16
    fs_api.obj                   1 568                      2 184
    fs_utils.obj                 3 576
    fuse_table.obj                  52
    gpio.obj                       196
    gpio_drv.obj                   768                         16
    gpio_radio_inhibit.obj         124                          4
    hw_dbg.obj                      68                         24
    hwinfo_drv.obj                 244                          8
    i2c.obj                        500                         32
    i2c_drv.obj                    688                         24
    ilist.obj                      262
    ioconfig.obj                    52
    ip.obj                         764
    ip_cfg.obj                   1 408               268       16
    ip_util.obj                     72
    join.obj                     1 912                         24
    k_cli.obj                    1 216                        392
    kernel.obj                     168                          4
    kernel_monitor.obj             816                        940
    llist.obj                      100
    llog.obj                       568                 8        8
    lmac.obj                     1 948                         68
    lmac_adv.obj                   588                          4
    lmac_linkseq.obj             1 792                        656
    lmac_linkseq_util.obj          968                          9
    lmac_macintf.obj             2 540
    lmac_notif.obj                 228                        240
    lmac_pk.obj                    172                         52
    loc_ap.obj                      12
    loc_intf.obj                 1 800                      1 576
    lzss.obj                       268
    mac.obj                      1 820                      2 368
    mac_api.obj                  3 048               276
    mac_asn.obj                    282
    mac_aux.obj                     92
    mac_conn.obj                   260
    mac_dscv.obj                   304                         34
    mac_duplicate.obj              348                         56
    mac_frame.obj                1 186                        920
    mac_graph.obj                  288                         64
    mac_info.obj                                              300
    mac_intf.obj                 1 756
    mac_join.obj                 2 336                          8
    mac_link.obj                 1 140                         12
    mac_lmacintf.obj               248
    mac_neighb.obj               1 168
    mac_net.obj                    828                         20
    mac_pk.obj                     212                      2 320
    mac_proc_adv.obj               456                         12
    mac_tof.obj                    580                         16
    main.obj                       532       20       22        8
    mem.obj                        232                         40
    mem_drv.obj                      4
    membuf.obj                     216
    memtest.obj                    214
    mesh.obj                       644
    mote.obj                       496                72        4
    mote_cli.obj                 2 032               524
    mote_monitor.obj             1 244                      1 568
    mpu.obj                         84
    net.obj                      1 320                          4
    net_cfg.obj                     92                         24
    net_cli.obj                  1 888                        152
    net_cli_fs.obj               1 940                76       36
    net_mac.obj                  1 832                      1 572
    net_pk.obj                     208                      1 392
    net_queue.obj                  272                         16
    net_util.obj                    56                         12
    netpll.obj                     700                         48
    notif.obj                    1 096                          4
    nucleus.obj                      2
    nvic.obj                       418       46       46
    one_wire.obj                 1 848                          4
    onewire_drv.obj              1 008                         16
    os_dn_utils.obj                 12
    os_hooks.obj                     8        4        4
    pktrace.obj                  5 776               756
    pmu.obj                      1 492                         12
    pps_drv.obj                     10
    pwm32k.obj                      40
    radio.obj                    9 844    4 360    4 360    2 292
    radio_drv.obj                1 420                         92
    radio_utils.obj              1 428                         52
    randhw_drv.obj                  38
    random2.obj                    126                          4
    report.obj                   1 408                         17
    reset.obj                       16
    ring.obj                       132
    rlock.obj                      176
    route.obj                      428                         24
    security.obj                 1 608                        104
    security_cntr.obj              138
    security_drv.obj               940                        184
    security_drv_selftest.obj      452
    service.obj                    544                         48
    settime.obj                    272
    socket.obj                     892                         72
    spi_drv.obj                  1 296                         24
    spi_master.obj                 984                         56
    startup_iar.obj                  2                28      256
    temp_drv.obj                   108
    tengine.obj                  1 612                        792
    tengine_charge.obj             148
    tengine_header.obj           3 060                         32
    tengine_pk.obj               1 628
    tengine_sched.obj            6 004
    time_info.obj                  432                         28
    timer.obj                      620                        676
    timer_sched.obj              2 148       24       24      108
    tof.obj                        180
    trace_utils.obj                 34
    transport.obj                  552                          4
    transport_util.obj             180                         28
    uart.obj                     1 604                         72
    uart_cli.obj                   748                        288
    uart_drv.obj                   960                      1 196
    uartc.obj                      908                        168
    udp.obj                        520
    utils.obj                      772               372
    wd.obj                         284                         68
    zero_init3.obj                  52
    -------------------------------------------------------------
    Total:                     145 300    5 554    7 984   25 982

libucos_full.a: [5]
    os_cpu_a.obj                   160
    os_cpu_c.obj                   152                          2
    os_dbg.obj                       2                92
    ucos_ii.obj                  5 300                      6 748
    -------------------------------------------------------------
    Total:                       5 614                92    6 750

m7M_tl.a: [6]
    DblAdd.o                       232
    DblCmpLe.o                      46
    DblSub.o                       364
    I32ToDbl.o                      28
    -------------------------------------------------------------
    Total:                         670

rt7M_tl.a: [7]
    ABImemclr.o                      6
    ABImemclr4.o                     6
    ABImemcpy.o                    118
    ABImemset.o                    102
    ABImemset48.o                   58
    I64DivMod.o                    306
    I64DivZer.o                      2
    I64Shl.o                        34
    U64Shr.o                        30
    XXexit.o                        12
    cexit.o                         10
    cmain.o                         22
    cstartup_M.o                    12
    data_init.o                     40
    memchr.o                        88
    memcmp.o                        98
    strchr.o                        22
    strcmp.o                        66
    strlen.o                        54
    strncpy.o                      108
    -------------------------------------------------------------
    Total:                       1 194

    Gaps                                      2
    Linker created                   8                88    2 048
-----------------------------------------------------------------
    Grand Total:               155 796    5 556    8 216   36 373


*******************************************************************************
*** ENTRY LIST
***

Entry                      Address   Size  Type      Object
-----                      -------   ----  ----      ------
.coderam_heap_end$$Base
                        0x20008e20          --   Gb  - Linker created -
.coderam_heap_end$$Limit
                        0x20008e24          --   Gb  - Linker created -
.coderam_heap_start$$Base
                        0x20008e24          --   Gb  - Linker created -
.coderam_heap_start$$Limit
                        0x20008e28          --   Gb  - Linker created -
.heap_end$$Base         0x2000fffc          --   Gb  - Linker created -
.heap_end$$Limit        0x20010000          --   Gb  - Linker created -
.heap_start$$Base       0x20008e34          --   Gb  - Linker created -
.heap_start$$Limit      0x20008e38          --   Gb  - Linker created -
?main                   0x00066891         Code  Gb  cmain.o [7]
App_TCBInitHook         0x00057531    0x2  Code  Gb  os_hooks.obj [4]
App_TaskCreateHook      0x00057533    0x2  Code  Gb  os_hooks.obj [4]
App_TaskIdleHook        0x000c9599    0x4  Code  Gb  os_hooks.obj [4]
App_TaskSwHook          0x0005752d    0x4  Code  Gb  os_hooks.obj [4]
BSPACE                  0x00044510    0x4  Data  Lc  k_cli.obj [4]
CRLF                    0x0004450c    0x2  Data  Lc  k_cli.obj [4]
CSTACK$$Base            0x20000100          --   Gb  - Linker created -
CSTACK$$Limit           0x20000900          --   Gb  - Linker created -
DN_BCAST_LONG_ADDR      0x000673b8    0x8  Data  Gb  mote.obj [4]
DN_IPV6_LOCALHOST_ADDR  0x000673a8   0x10  Data  Gb  mote.obj [4]
DN_MGR_IPV6_MULTICAST_ADDR
                        0x00067398   0x10  Data  Gb  mote.obj [4]
DN_MGR_LONG_ADDR        0x0004c618    0x8  Data  Gb  mote.obj [4]
DN_MOTE_IPV6_BCAST_ADDR
                        0x00067388   0x10  Data  Gb  mote.obj [4]
DN_ZERO_ASN             0x000673c8    0x8  Data  Gb  mote.obj [4]
DN_ZERO_LONG_ADDR       0x000673c0    0x8  Data  Gb  mote.obj [4]
IntDefaultHandler       0x00067b0f    0x2  Code  Lc  startup_iar.obj [4]
LOW_LEVEL_WAIT_FOR_EVENT
                        0x00044aa5    0xe  Code  Gb  nvic.obj [4]
MOTE_CLI_COMMANDS       0x00052f58   0xb0  Data  Lc  mote_cli.obj [4]
MOTE_CLI_SHOWSUBCMD     0x00053008   0x80  Data  Lc  mote_cli.obj [4]
OSCtxSw                 0x00044d13         Code  Gb  os_cpu_a.obj [5]
OSCtxSwCtr              0x200012ac    0x4  Data  Gb  ucos_ii.obj [5]
OSDataSize              0x00067b0c    0x2  Data  Gb  os_dbg.obj [5]
OSDebugEn               0x00044ad2    0x2  Data  Gb  os_dbg.obj [5]
OSDebugInit             0x0004e849    0x2  Code  Gb  os_dbg.obj [5]
OSEndiannessTest        0x00067af0    0x4  Data  Gb  os_dbg.obj [5]
OSEventEn               0x00048586    0x2  Data  Gb  os_dbg.obj [5]
OSEventFreeList         0x200012b0    0x4  Data  Gb  ucos_ii.obj [5]
OSEventMax              0x00046176    0x2  Data  Gb  os_dbg.obj [5]
OSEventNameSize         0x00048542    0x2  Data  Gb  os_dbg.obj [5]
OSEventPendMulti        0x00046b95  0x204  Code  Gb  ucos_ii.obj [5]
OSEventSize             0x00048d1e    0x2  Data  Gb  os_dbg.obj [5]
OSEventTbl              0x200012d4  0x6e0  Data  Gb  ucos_ii.obj [5]
OSEventTblSize          0x00048d96    0x2  Data  Gb  os_dbg.obj [5]
OSFlagCreate            0x0004737b   0x46  Code  Gb  ucos_ii.obj [5]
OSFlagEn                0x00048dd2    0x2  Data  Gb  os_dbg.obj [5]
OSFlagFreeList          0x200012b4    0x4  Data  Gb  ucos_ii.obj [5]
OSFlagGrpSize           0x0004a7be    0x2  Data  Gb  os_dbg.obj [5]
OSFlagMax               0x0004c796    0x2  Data  Gb  os_dbg.obj [5]
OSFlagNameSize          0x0004e84a    0x2  Data  Gb  os_dbg.obj [5]
OSFlagNodeSize          0x0004b786    0x2  Data  Gb  os_dbg.obj [5]
OSFlagPend              0x000473cd  0x1d2  Code  Gb  ucos_ii.obj [5]
OSFlagPost              0x0004759f   0xac  Code  Gb  ucos_ii.obj [5]
OSFlagTbl               0x200019b4   0x70  Data  Gb  ucos_ii.obj [5]
OSFlagWidth             0x0004c716    0x2  Data  Gb  os_dbg.obj [5]
OSGetCurPrio            0x0006141d    0xc  Code  Gb  os_dn_utils.obj [4]
OSIdleCtr               0x200012b8    0x4  Data  Gb  ucos_ii.obj [5]
OSInit                  0x00046d99  0x106  Code  Gb  ucos_ii.obj [5]
OSInitHookBegin         0x0004e7b1    0x8  Code  Gb  os_cpu_c.obj [5]
OSInitHookEnd           0x0004e7b9    0x2  Code  Gb  os_cpu_c.obj [5]
OSIntCtxSw              0x00044d1b         Code  Gb  os_cpu_a.obj [5]
OSIntEnter              0x00046eb1   0x28  Code  Gb  ucos_ii.obj [5]
OSIntExit               0x00046ed9   0x6c  Code  Gb  ucos_ii.obj [5]
OSIntNesting            0x2000129c    0x1  Data  Gb  ucos_ii.obj [5]
OSLockNesting           0x2000129d    0x1  Data  Gb  ucos_ii.obj [5]
OSLowestPrio            0x0004ee72    0x2  Data  Gb  os_dbg.obj [5]
OSMboxEn                0x00050796    0x2  Data  Gb  os_dbg.obj [5]
OSMemCreate             0x00047705   0x6c  Code  Gb  ucos_ii.obj [5]
OSMemEn                 0x00051f6e    0x2  Data  Gb  os_dbg.obj [5]
OSMemFreeList           0x20002330    0x4  Data  Gb  ucos_ii.obj [5]
OSMemGet                0x0004777d   0x36  Code  Gb  ucos_ii.obj [5]
OSMemMax                0x0005748e    0x2  Data  Gb  os_dbg.obj [5]
OSMemNameSize           0x0005763a    0x2  Data  Gb  os_dbg.obj [5]
OSMemPut                0x000477b9   0x34  Code  Gb  ucos_ii.obj [5]
OSMemQuery              0x000477ed   0x3a  Code  Gb  ucos_ii.obj [5]
OSMemSize               0x00057bfe    0x2  Data  Gb  os_dbg.obj [5]
OSMemTbl                0x20002334  0x180  Data  Gb  ucos_ii.obj [5]
OSMemTblSize            0x0005b1ce    0x2  Data  Gb  os_dbg.obj [5]
OSMutexEn               0x0005b1ee    0x2  Data  Gb  os_dbg.obj [5]
OSPrioCur               0x2000129e    0x1  Data  Gb  ucos_ii.obj [5]
OSPrioHighRdy           0x2000129f    0x1  Data  Gb  ucos_ii.obj [5]
OSPtrSize               0x0005d7ee    0x2  Data  Gb  os_dbg.obj [5]
OSQCreate               0x0004786d   0x72  Code  Gb  ucos_ii.obj [5]
OSQDel                  0x000478e5   0xc4  Code  Gb  ucos_ii.obj [5]
OSQEn                   0x00060ce6    0x2  Data  Gb  os_dbg.obj [5]
OSQFreeList             0x200012cc    0x4  Data  Gb  ucos_ii.obj [5]
OSQMax                  0x0006141a    0x2  Data  Gb  os_dbg.obj [5]
OSQPend                 0x000479a9   0xda  Code  Gb  ucos_ii.obj [5]
OSQPost                 0x00047a8b   0x6a  Code  Gb  ucos_ii.obj [5]
OSQQuery                0x00047aff   0x80  Code  Gb  ucos_ii.obj [5]
OSQSize                 0x00061786    0x2  Data  Gb  os_dbg.obj [5]
OSQTbl                  0x200024b4   0xf0  Data  Gb  ucos_ii.obj [5]
OSRdyGrp                0x200012a0    0x1  Data  Gb  ucos_ii.obj [5]
OSRdyTbl                0x200012a4    0x8  Data  Gb  ucos_ii.obj [5]
OSRdyTblSize            0x000662fa    0x2  Data  Gb  os_dbg.obj [5]
OSRunning               0x200012a1    0x1  Data  Gb  ucos_ii.obj [5]
OSSemAccept             0x00047bc5   0x22  Code  Gb  ucos_ii.obj [5]
OSSemCreate             0x00047bef   0x3e  Code  Gb  ucos_ii.obj [5]
OSSemDel                0x00047c2d   0xac  Code  Gb  ucos_ii.obj [5]
OSSemEn                 0x000667fa    0x2  Data  Gb  os_dbg.obj [5]
OSSemPend               0x00047ce9   0xc0  Code  Gb  ucos_ii.obj [5]
OSSemPost               0x00047db1   0x5c  Code  Gb  ucos_ii.obj [5]
OSSemQuery              0x00047e0d   0x6e  Code  Gb  ucos_ii.obj [5]
OSSemSet                0x00047e7b   0x3e  Code  Gb  ucos_ii.obj [5]
OSStart                 0x00046f45   0x28  Code  Gb  ucos_ii.obj [5]
OSStartHighRdy          0x00044cf7         Code  Gb  os_cpu_a.obj [5]
OSStkWidth              0x000668aa    0x2  Data  Gb  os_dbg.obj [5]
OSTCBCur                0x200012bc    0x4  Data  Gb  ucos_ii.obj [5]
OSTCBFreeList           0x200012c0    0x4  Data  Gb  ucos_ii.obj [5]
OSTCBHighRdy            0x200012c4    0x4  Data  Gb  ucos_ii.obj [5]
OSTCBInitHook           0x0004e83f    0x4  Code  Gb  os_cpu_c.obj [5]
OSTCBList               0x200012c8    0x4  Data  Gb  ucos_ii.obj [5]
OSTCBPrioTbl            0x20002230  0x100  Data  Gb  ucos_ii.obj [5]
OSTCBPrioTblMax         0x00067b02    0x2  Data  Gb  os_dbg.obj [5]
OSTCBSize               0x00067b04    0x2  Data  Gb  os_dbg.obj [5]
OSTCBTbl                0x20001b24  0x70c  Data  Gb  ucos_ii.obj [5]
OSTaskCreateEn          0x000668e2    0x2  Data  Gb  os_dbg.obj [5]
OSTaskCreateExt         0x00047eb9   0x9a  Code  Gb  ucos_ii.obj [5]
OSTaskCreateExtEn       0x00066a5a    0x2  Data  Gb  os_dbg.obj [5]
OSTaskCreateHook        0x0004e7bb    0x4  Code  Gb  os_cpu_c.obj [5]
OSTaskCtr               0x200012a2    0x1  Data  Gb  ucos_ii.obj [5]
OSTaskDelEn             0x00067386    0x2  Data  Gb  os_dbg.obj [5]
OSTaskIdleHook          0x0004e7bf    0x4  Code  Gb  os_cpu_c.obj [5]
OSTaskIdleStk           0x20001a24  0x100  Data  Gb  ucos_ii.obj [5]
OSTaskIdleStkSize       0x00067aee    0x2  Data  Gb  os_dbg.obj [5]
OSTaskMax               0x00067af6    0x2  Data  Gb  os_dbg.obj [5]
OSTaskNameSet           0x00047f5d   0x56  Code  Gb  ucos_ii.obj [5]
OSTaskNameSize          0x00067af8    0x2  Data  Gb  os_dbg.obj [5]
OSTaskProfileEn         0x00067af4    0x2  Data  Gb  os_dbg.obj [5]
OSTaskStatEn            0x00067afa    0x2  Data  Gb  os_dbg.obj [5]
OSTaskStatStkChkEn      0x00067afe    0x2  Data  Gb  os_dbg.obj [5]
OSTaskStatStkSize       0x00067afc    0x2  Data  Gb  os_dbg.obj [5]
OSTaskStkChk            0x00047fb3   0x6c  Code  Gb  ucos_ii.obj [5]
OSTaskStkInit           0x0004e7c3   0x78  Code  Gb  os_cpu_c.obj [5]
OSTaskSwHook            0x0004e83b    0x4  Code  Gb  os_cpu_c.obj [5]
OSTaskSwHookEn          0x00067b00    0x2  Data  Gb  os_dbg.obj [5]
OSTicksPerSec           0x00067b06    0x2  Data  Gb  os_dbg.obj [5]
OSTime                  0x200012d0    0x4  Data  Gb  ucos_ii.obj [5]
OSTimeDly               0x00045735   0x2a  Code  Gb  dn_os_tmr.obj [4]
OSTimeGet               0x0004575f   0x1a  Code  Gb  dn_os_tmr.obj [4]
OSTimeTickHookEn        0x00067b08    0x2  Data  Gb  os_dbg.obj [5]
OSTmrCreate             0x00045381   0x98  Code  Gb  dn_os_tmr.obj [4]
OSTmrCtr                0x20008e14    0x2  Data  Lc  os_cpu_c.obj [5]
OSTmrDel                0x00045419   0x86  Code  Gb  dn_os_tmr.obj [4]
OSTmrDnStartUsec        0x00045507   0x74  Code  Gb  dn_os_tmr.obj [4]
OSTmrFree               0x20008e10    0x2  Data  Gb  ucos_ii.obj [5]
OSTmrFreeList           0x200028e4    0x4  Data  Gb  ucos_ii.obj [5]
OSTmrMaxNumb            0x200031b0    0x4  Data  Gb  dn_os_tmr.obj [4]
OSTmrSem                0x200025a8    0x4  Data  Gb  ucos_ii.obj [5]
OSTmrSemSignal          0x200025ac    0x4  Data  Gb  ucos_ii.obj [5]
OSTmrSignal             0x000455a9    0x8  Code  Gb  dn_os_tmr.obj [4]
OSTmrStart              0x0004549f   0x68  Code  Gb  dn_os_tmr.obj [4]
OSTmrStop               0x0004557b   0x2e  Code  Gb  dn_os_tmr.obj [4]
OSTmrTaskStk            0x200028e8  0x400  Data  Gb  ucos_ii.obj [5]
OSTmrTbl                0x200025b0  0x334  Data  Gb  ucos_ii.obj [5]
OSTmrTime               0x200025a4    0x4  Data  Gb  ucos_ii.obj [5]
OSTmrUsed               0x20008e12    0x2  Data  Gb  ucos_ii.obj [5]
OSTmrWheelTbl           0x20002ce8    0xc  Data  Gb  ucos_ii.obj [5]
OSTmr_Init              0x000455b1   0xe4  Code  Gb  dn_os_tmr.obj [4]
OSTmr_Task              0x0004569d   0x98  Code  Lc  dn_os_tmr.obj [4]
OSUnMapTbl              0x0004716c  0x100  Data  Gb  ucos_ii.obj [5]
OSVersionNbr            0x00067b0a    0x2  Data  Gb  os_dbg.obj [5]
OS_CPU_PendSVHandler    0x00044d23         Code  Gb  os_cpu_a.obj [5]
OS_CPU_SR_Restore       0x00044cf1         Code  Gb  os_cpu_a.obj [5]
OS_CPU_SR_Save          0x00044ce9         Code  Gb  os_cpu_a.obj [5]
OS_EventTaskRdy         0x00046f6d   0x74  Code  Gb  ucos_ii.obj [5]
OS_EventTaskRemove      0x0004708d   0x24  Code  Gb  ucos_ii.obj [5]
OS_EventTaskRemoveMulti
                        0x000470b1   0x30  Code  Gb  ucos_ii.obj [5]
OS_EventTaskWait        0x00046fe1   0x4c  Code  Gb  ucos_ii.obj [5]
OS_EventTaskWaitMulti   0x0004702d   0x58  Code  Gb  ucos_ii.obj [5]
OS_EventWaitListInit    0x000470e1   0x16  Code  Gb  ucos_ii.obj [5]
OS_FlagInit             0x0004764b   0x4c  Code  Gb  ucos_ii.obj [5]
OS_FlagTaskRdy          0x00047697   0x44  Code  Lc  ucos_ii.obj [5]
OS_FlagUnlink           0x000476db   0x20  Code  Gb  ucos_ii.obj [5]
OS_MemClr               0x000470f7    0xa  Code  Gb  ucos_ii.obj [5]
OS_MemInit              0x00047827   0x3c  Code  Gb  ucos_ii.obj [5]
OS_QInit                0x00047b87   0x3e  Code  Gb  ucos_ii.obj [5]
OS_Sched                0x00047101   0x4a  Code  Gb  ucos_ii.obj [5]
OS_SchedNew             0x00047153   0x1a  Code  Lc  ucos_ii.obj [5]
OS_TCBInit              0x00047285   0xf0  Code  Gb  ucos_ii.obj [5]
OS_TaskIdle             0x0004726d   0x18  Code  Gb  ucos_ii.obj [5]
OS_TaskStkClr           0x0004802d   0x14  Code  Gb  ucos_ii.obj [5]
OTAP_KEY                0x00062728   0x10  Data  Gb  cmd_otap.obj [4]
Region$$Table$$Base     0x000679b0          --   Gb  - Linker created -
Region$$Table$$Limit    0x00067a08          --   Gb  - Linker created -
SB                      0x00067b10         Data  Gb  copy_init3.obj [4]
SRAM_D$$Base            0x20000000          --   Gb  - Linker created -
SRAM_D$$Limit           0x20008e38          --   Gb  - Linker created -
TEST_CALC_MIC           0x0004a980    0x4  Data  Gb  security_drv_selftest.obj [4]
TEST_KEY                0x0004a940   0x10  Data  Gb  security_drv_selftest.obj [4]
TEST_NONCE              0x0004a950   0x10  Data  Gb  security_drv_selftest.obj [4]
TEST_PACKET_IN          0x0004a960   0x10  Data  Gb  security_drv_selftest.obj [4]
TEST_PACKET_OUT         0x0004a970   0x10  Data  Gb  security_drv_selftest.obj [4]
WAIT_FOR_EVENT          0x000c9575    0xe  Code  Gb  nvic.obj [4]
WAIT_FOR_INTERRUPT      0x000c9555   0x20  Code  Gb  nvic.obj [4]
_LitobSmall             0x0004dcd3   0xce  Code  Lc  xprintfsmall.o [3]
_PrintfSmall            0x0004d949  0x384  Code  Gb  xprintfsmall.o [3]
_PutcharsSmall          0x0004dda1   0x2e  Code  Lc  xprintfsmall.o [3]
_SNProut                0x00044ab3   0x1a  Code  Gb  xsnprout.o [3]
__aeabi_cdcmple         0x0004ede1         Code  Gb  DblCmpLe.o [6]
__aeabi_dadd            0x0004ecf9         Code  Gb  DblAdd.o [6]
__aeabi_errno_addr      0x00061779    0x6  Code  Gb  errno.o [3]
__aeabi_ldiv0           0x0004a7bd         Code  Gb  I64DivZer.o [7]
__aeabi_ldivmod         0x00046045         Code  Gb  I64DivMod.o [7]
__aeabi_llsl            0x0005b1ad         Code  Gb  I64Shl.o [7]
__aeabi_llsr            0x0005b1d1         Code  Gb  U64Shr.o [7]
__aeabi_memclr          0x000445fd         Code  Gb  ABImemclr.o [7]
__aeabi_memclr4         0x00044acd         Code  Gb  ABImemclr4.o [7]
__aeabi_memcpy          0x00048d21         Code  Gb  ABImemcpy.o [7]
__aeabi_memcpy4         0x00048d41         Code  Gb  ABImemcpy.o [7]
__aeabi_memcpy8         0x00048d41         Code  Gb  ABImemcpy.o [7]
__aeabi_memset          0x00048cb9         Code  Gb  ABImemset.o [7]
__aeabi_memset4         0x00048d99         Code  Gb  ABImemset48.o [7]
__aeabi_memset8         0x00048d99         Code  Gb  ABImemset48.o [7]
__aeabi_ui2d            0x0004ecdd         Code  Gb  I32ToDbl.o [6]
__aeabi_uldivmod        0x00046089         Code  Gb  I64DivMod.o [7]
__cmain                 0x00066891         Code  Gb  cmain.o [7]
__exit                  0x000668e5         Code  Gb  XXexit.o [7]
__iar_Errno             0x20000984    0x4  Data  Gb  errno.o [3]
__iar_Memchr            0x00057491         Code  Gb  memchr.o [7]
__iar_Memset            0x00048cb9         Code  Gb  ABImemset.o [7]
__iar_Memset4_word      0x00048da1         Code  Gb  ABImemset48.o [7]
__iar_Memset8_word      0x00048da1         Code  Gb  ABImemset48.o [7]
__iar_Memset_word       0x00048cc1         Code  Gb  ABImemset.o [7]
__iar_Stoul             0x00060677    0x4  Code  Gb  xstoul.o [3]
__iar_Stoulx            0x00060559  0x118  Code  Gb  xstoul.o [3]
__iar_Strchr            0x00057479         Code  Gb  strchr.o [7]
__iar_copy_init3        0x00067605   0x38  Code  Gb  copy_init3.obj [4]
__iar_dadd              0x0004ed0d         Code  Gb  DblAdd.o [6]
__iar_data_init3        0x000668ad   0x28  Code  Gb  data_init.o [7]
__iar_dlib_perthread_access
                        0x00061785    0x2  Code  Gb  xtls.o [3]
__iar_dsub              0x0005763d         Code  Gb  DblSub.o [6]
__iar_dsubStart         0x0005764f         Code  Gb  DblSub.o [6]
__iar_program_start     0x00066885         Code  Gb  cstartup_M.o [7]
__iar_strcmp            0x00048545         Code  Gb  strcmp.o [7]
__iar_ui2d              0x0004ece1         Code  Gb  I32ToDbl.o [6]
__iar_zero_init3        0x000676dd   0x34  Code  Gb  zero_init3.obj [4]
__low_level_init        0x000668a7    0x4  Code  Gb  low_level_init.o [3]
__reset_handler         0x00041021         Code  Gb  reset.obj [4]
__vector_table          0x00041030   0x1c  Data  Gb  startup_iar.obj [4]
_call_main              0x0006689d         Code  Gb  cmain.o [7]
_exit                   0x000668d9         Code  Gb  cexit.o [7]
_main                   0x000668a3         Code  Gb  cmain.o [7]
adc_aiISR               0x00045d25   0x38  Code  Lc  adc_controller.obj [4]
adc_calcVgaOffset       0x0004a761   0x4c  Code  Lc  adc_drv.obj [4]
adc_completeVgaOffsetSample
                        0x00045da3   0x12  Code  Gb  adc_controller.obj [4]
adc_configManualSampling
                        0x000459af   0x50  Code  Gb  adc_controller.obj [4]
adc_convertAdcToVoltage
                        0x00045dc1   0x22  Code  Gb  adc_controller.obj [4]
adc_convertVgaToVoltage
                        0x00045de3   0x52  Code  Gb  adc_controller.obj [4]
adc_disableLoads        0x00045db5    0xc  Code  Gb  adc_controller.obj [4]
adc_drv_close           0x0004a55d   0x30  Code  Gb  adc_drv.obj [4]
adc_drv_confAndProcSample
                        0x0004a6e9   0x78  Code  Lc  adc_drv.obj [4]
adc_drv_init            0x0004a41d   0x70  Code  Gb  adc_drv.obj [4]
adc_drv_ioctl           0x0004a609   0x90  Code  Gb  adc_drv.obj [4]
adc_drv_mapId           0x0004a3e1   0x3c  Code  Gb  adc_drv.obj [4]
adc_drv_open            0x0004a48d   0xd0  Code  Gb  adc_drv.obj [4]
adc_drv_processSample   0x00045e65   0x40  Code  Gb  adc_controller.obj [4]
adc_drv_read            0x0004a58d   0x7c  Code  Gb  adc_drv.obj [4]
adc_drv_v               0x200040ec   0x40  Data  Gb  adc_drv.obj [4]
adc_getManualSample     0x000459ff  0x1c4  Code  Gb  adc_controller.obj [4]
adc_init                0x00045951   0x5e  Code  Gb  adc_controller.obj [4]
adc_prepareVgaOffsetSample
                        0x00045d91   0x12  Code  Gb  adc_controller.obj [4]
adc_ptatISR             0x00045d5d   0x2c  Code  Lc  adc_controller.obj [4]
adc_resetAdc            0x00045bc9  0x14a  Code  Gb  adc_controller.obj [4]
adc_samplePtat          0x0004a699   0x24  Code  Gb  adc_drv.obj [4]
adc_samplePtatInit      0x0004a6bd   0x22  Code  Gb  adc_drv.obj [4]
adc_swISR               0x00045d15    0xe  Code  Lc  adc_controller.obj [4]
adc_v                   0x20005508   0x2c  Data  Gb  adc_controller.obj [4]
addPkToBuffer           0x00050f8b   0x28  Code  Gb  mac_duplicate.obj [4]
addrmap_get             0x00061415    0x6  Code  Gb  addrmap.obj [4]
aes_Isr                 0x00049c99   0x20  Code  Lc  aes_hw.obj [4]
aes_cbcMac              0x00049b1b   0xf4  Code  Gb  aes_hw.obj [4]
aes_ccmCalcMIC          0x00049aa9   0x72  Code  Gb  aes_hw.obj [4]
aes_ccmDecrypt          0x000499b9   0xf0  Code  Gb  aes_hw.obj [4]
aes_ccmEncrypt          0x000498c3   0xf0  Code  Gb  aes_hw.obj [4]
aes_ccmPrepare          0x0004981d   0xa6  Code  Gb  aes_hw.obj [4]
aes_checkDone           0x00049c1f   0x52  Code  Gb  aes_hw.obj [4]
aes_getGetNonceCtrResult
                        0x00049c71    0x8  Code  Gb  aes_hw.obj [4]
aes_init                0x00049705  0x118  Code  Gb  aes_hw.obj [4]
aes_reset               0x00049c79   0x1c  Code  Gb  aes_hw.obj [4]
aes_v                   0x200056b0   0xb0  Data  Gb  aes_hw.obj [4]
aes_waitManualDone      0x00049cb9   0x14  Code  Gb  aes_hw.obj [4]
agc_state               0x20003b4c    0x4  Data  Gb  radio.obj [4]
alarm_getAlarms         0x00055665    0x6  Code  Gb  alarms.obj [4]
alarm_init              0x0005560d   0x26  Code  Gb  alarms.obj [4]
alarm_lockAlarms        0x0005566b   0x20  Code  Gb  alarms.obj [4]
alarm_setAlarm          0x00055633   0x22  Code  Gb  alarms.obj [4]
alarm_unlockAlarms      0x0005568b   0x1c  Code  Gb  alarms.obj [4]
alarm_v                 0x20006ef0    0x8  Data  Gb  alarms.obj [4]
appVer_v                0x20004144    0x8  Data  Lc  hwinfo_drv.obj [4]
arr_decrCount           0x00051d49    0x4  Code  Gb  arr.obj [4]
arr_find                0x00051cd7   0x6c  Code  Gb  arr.obj [4]
arr_getCount            0x00051d53    0x4  Code  Gb  arr.obj [4]
arr_getElement          0x00051d57   0x14  Code  Gb  arr.obj [4]
arr_getSize             0x00051d81    0x4  Code  Gb  arr.obj [4]
arr_incrCount           0x00051d43    0x6  Code  Gb  arr.obj [4]
arr_init                0x00051c79   0x18  Code  Gb  arr.obj [4]
arr_isFull              0x00051d6b   0x10  Code  Gb  arr.obj [4]
arr_iterate             0x00051c91   0x46  Code  Gb  arr.obj [4]
arr_resetCount          0x00051d7b    0x6  Code  Gb  arr.obj [4]
asnFromNet              0x00060cc5   0x22  Code  Gb  trace_utils.obj [4]
assertBuf               0x20002cf4   0x3c  Data  Gb  assert.obj [4]
assert_handler          0x000436c1   0x62  Code  Gb  assert.obj [4]
assert_openCliPort      0x00043731   0x42  Code  Gb  assert.obj [4]
assert_printFault       0x00043723    0xe  Code  Gb  assert.obj [4]
assert_printFault_v     0x00043795   0x2a  Code  Gb  assert.obj [4]
block_copy              0x00048e41   0x16  Code  Gb  block_op.obj [4]
block_crc               0x00048e6f   0x14  Code  Gb  block_op.obj [4]
block_getCrc            0x00048e83    0x8  Code  Gb  block_op.obj [4]
block_init              0x00048e19   0x28  Code  Gb  block_op.obj [4]
block_initCrc           0x00048e57   0x18  Code  Gb  block_op.obj [4]
[...]
teng_fillDisassocPayload
                        0x00059e8b   0x48  Code  Gb  tengine_header.obj [4]
teng_fillLongDstAck     0x0005987b   0x1e  Code  Gb  tengine_header.obj [4]
teng_fillLongDstMacHdr  0x00059849   0x26  Code  Gb  tengine_header.obj [4]
teng_fillLongSrcMacHdr  0x00059803   0x46  Code  Gb  tengine_header.obj [4]
teng_fillShortDstAck    0x00059899   0x16  Code  Gb  tengine_header.obj [4]
teng_fillShortMacHdr    0x000597bb   0x48  Code  Gb  tengine_header.obj [4]
teng_fillSrcDstAck      0x000598af   0x1e  Code  Gb  tengine_header.obj [4]
teng_fillTofSlaveTxStamp
                        0x000598cd   0x18  Code  Gb  tengine_header.obj [4]
teng_findAdv            0x0005e965   0x14  Code  Gb  tengine_pk.obj [4]
teng_findJoinPk         0x0005e979   0x14  Code  Gb  tengine_pk.obj [4]
teng_findNextSlot       0x0005f249   0xc6  Code  Gb  tengine_sched.obj [4]
teng_findPkMatchingLink
                        0x0005ea35   0x2c  Code  Gb  tengine_pk.obj [4]
teng_findQueue          0x0005e949   0x1c  Code  Gb  tengine_pk.obj [4]
teng_forwardPk          0x00059f67   0x8e  Code  Gb  tengine_header.obj [4]
teng_getAckAdj          0x00059a23   0x20  Code  Gb  tengine_header.obj [4]
teng_getAckBuf          0x0005a09f   0x2a  Code  Gb  tengine_header.obj [4]
teng_getAckRspCode      0x00059a43   0x64  Code  Gb  tengine_header.obj [4]
teng_getCorrectedTofRx  0x000584b1   0x3c  Code  Gb  tengine.obj [4]
teng_getFrameGraphMap   0x000602f7   0x38  Code  Gb  tengine_sched.obj [4]
teng_getLastSchedAsn    0x000581b9    0x8  Code  Gb  tengine.obj [4]
teng_getLink            0x0005f30f  0x414  Code  Gb  tengine_sched.obj [4]
teng_getPkPriority      0x0005a251   0x28  Code  Gb  tengine_header.obj [4]
teng_getRadioChan       0x000584a5    0xc  Code  Gb  tengine.obj [4]
teng_getShortFrameTxAsn
                        0x000602c3   0x34  Code  Gb  tengine_sched.obj [4]
teng_getStats           0x000581c1    0x4  Code  Gb  tengine.obj [4]
teng_handleMacCommand   0x000583bd   0x9a  Code  Gb  tengine.obj [4]
teng_handleRxHeader     0x0005ff65   0x70  Code  Gb  tengine_sched.obj [4]
teng_handleSlotDone     0x0005fbb5  0x3ac  Code  Gb  tengine_sched.obj [4]
teng_handleSlotEvent    0x0005f939  0x262  Code  Gb  tengine_sched.obj [4]
teng_isAckDisconnack    0x0005a2eb    0x4  Code  Gb  tengine_header.obj [4]
teng_isBcastSlot        0x00060125   0x14  Code  Gb  tengine_sched.obj [4]
teng_isDestAddrLong     0x0005a2bf   0x12  Code  Gb  tengine_header.obj [4]
teng_isKeepAliveSlot    0x00060101   0x12  Code  Gb  tengine_sched.obj [4]
teng_isLinkNoPF         0x0005a2e1    0xa  Code  Gb  tengine_header.obj [4]
teng_isNbrDisconnecting
                        0x0005a2ef    0x4  Code  Gb  tengine_header.obj [4]
teng_isPkExpired        0x0005e9d9   0x28  Code  Gb  tengine_pk.obj [4]
teng_isPkToForward      0x00059ed3   0x94  Code  Gb  tengine_header.obj [4]
teng_isRxBcastPk        0x0005a279   0x20  Code  Gb  tengine_header.obj [4]
teng_isSchedNextSlotTooLate
                        0x0006050d   0x2c  Code  Gb  tengine_sched.obj [4]
teng_isSrcAddrLong      0x0005a2d1   0x10  Code  Gb  tengine_header.obj [4]
teng_isTengRunning      0x00058149   0x1e  Code  Gb  tengine.obj [4]
teng_isTimeAdjValid     0x0005a2f3   0x16  Code  Gb  tengine_header.obj [4]
teng_isTimeToSendKA     0x0006041b   0x30  Code  Gb  tengine_sched.obj [4]
teng_isTofSlot          0x00060119    0xc  Code  Gb  tengine_sched.obj [4]
teng_isTxGapOK          0x0005ef3f   0x54  Code  Gb  tengine_sched.obj [4]
teng_longPwrUpCutoff    0x0005f8ed   0x40  Code  Gb  tengine_sched.obj [4]
teng_prepareNonce       0x0005ea61   0x44  Code  Gb  tengine_pk.obj [4]
teng_processTimingUpdate
                        0x0006009b   0x60  Code  Gb  tengine_sched.obj [4]
teng_pushBufAvail       0x0005ed0d   0x4e  Code  Gb  tengine_pk.obj [4]
teng_pushReschedNotif   0x0005ed81   0x46  Code  Gb  tengine_pk.obj [4]
teng_pushRxNotif        0x0005ebe9   0x6e  Code  Gb  tengine_pk.obj [4]
teng_pushRxPk           0x0005eb45   0xa4  Code  Gb  tengine_pk.obj [4]
teng_pushTofNotif       0x00059ff5   0xaa  Code  Gb  tengine_header.obj [4]
teng_pushTxNotif        0x0005ec57   0xb6  Code  Gb  tengine_pk.obj [4]
teng_queueNewTxPackets  0x0005e789   0x5e  Code  Gb  tengine_pk.obj [4]
teng_reschedule         0x0005ef09   0x36  Code  Gb  tengine_sched.obj [4]
teng_resetBackoff       0x00060005    0x8  Code  Gb  tengine_sched.obj [4]
teng_saveEvDbgInfo      0x000603c1   0x48  Code  Gb  tengine_sched.obj [4]
teng_schedIdleTx        0x0005f82d   0x44  Code  Gb  tengine_sched.obj [4]
teng_schedRadioEvent    0x0005f72b   0x68  Code  Gb  tengine_sched.obj [4]
teng_scheduleNextOperation
                        0x0005ef93  0x2b6  Code  Gb  tengine_sched.obj [4]
teng_sendSwIsr          0x000581c5    0xc  Code  Gb  tengine.obj [4]
teng_setAckFlag         0x0005a2ad   0x12  Code  Gb  tengine_header.obj [4]
teng_setParentOffset    0x0005829b   0x66  Code  Gb  tengine.obj [4]
teng_setSrcInNonce      0x0005eaa5   0x4a  Code  Gb  tengine_pk.obj [4]
teng_shortPwrUpCutoff   0x0005f8ad   0x40  Code  Gb  tengine_sched.obj [4]
teng_skipTxUpdateStats  0x00060451   0x62  Code  Gb  tengine_sched.obj [4]
teng_startTengine       0x0005810b   0x1c  Code  Gb  tengine.obj [4]
teng_stop               0x00058457   0x4e  Code  Gb  tengine.obj [4]
teng_stopRxMIC          0x0005eb33   0x12  Code  Gb  tengine_pk.obj [4]
teng_stopTengine        0x00058127   0x22  Code  Gb  tengine.obj [4]
teng_subticksToTicksQ7  0x00058333   0x18  Code  Gb  tengine.obj [4]
teng_updateAdv          0x00059e4d   0x3e  Code  Gb  tengine_header.obj [4]
teng_updateGraphQueues  0x000581d1   0xca  Code  Gb  tengine.obj [4]
teng_updateMaxQCnt      0x0005e927   0x22  Code  Gb  tengine_pk.obj [4]
teng_updateRxBcastNbr   0x0006015b   0x64  Code  Gb  tengine_sched.obj [4]
teng_updateTxBcastNbr   0x00060139   0x22  Code  Gb  tengine_sched.obj [4]
teng_verifyMIC          0x0005eaef   0x44  Code  Gb  tengine_pk.obj [4]
teng_waitForFullHdr     0x0005a309   0x2c  Code  Gb  tengine_header.obj [4]
teng_waitOcfsmIdle      0x0006032f   0x3e  Code  Gb  tengine_sched.obj [4]
teng_wakeReschedule     0x00058555   0x12  Code  Gb  tengine.obj [4]
teng_wasPacketAcked     0x0005a299   0x14  Code  Gb  tengine_header.obj [4]
teng_writeTengCmd       0x0005834b   0x72  Code  Gb  tengine.obj [4]
tengine_charge_reportRadioRx
                        0x00061737   0x3e  Code  Gb  tengine_charge.obj [4]
tengine_charge_reportRadioTx
                        0x000616e5   0x52  Code  Gb  tengine_charge.obj [4]
tengine_init            0x00057f51  0x1ba  Code  Gb  tengine.obj [4]
tengine_preInit         0x00057f29   0x28  Code  Gb  tengine.obj [4]
time_close              0x0004c7a1    0x4  Code  Gb  dn_time.obj [4]
time_info_checkTimeNotifRetry
                        0x0005282b   0x4a  Code  Gb  time_info.obj [4]
time_info_init          0x000526e9    0x8  Code  Gb  time_info.obj [4]
time_info_procTimePinNotif
                        0x000526f1  0x13a  Code  Gb  time_info.obj [4]
time_info_v             0x20008818   0x1c  Data  Gb  time_info.obj [4]
time_init               0x0004c799    0x4  Code  Gb  dn_time.obj [4]
time_ioctl              0x0004c7a5   0xb0  Code  Gb  dn_time.obj [4]
time_open               0x0004c79d    0x4  Code  Gb  dn_time.obj [4]
time_setUTCTime         0x00056f19  0x10a  Code  Gb  settime.obj [4]
timepinEvent_p          0x0004c8ed   0xb0  Code  Lc  dn_time.obj [4]
timerCallback_p         0x00060a41  0x12e  Code  Lc  radio_utils.obj [4]
timer_delay             0x0004a287   0x60  Code  Gb  timer.obj [4]
timer_delayCallback     0x0004a26d   0x1a  Code  Gb  timer.obj [4]
timer_delete            0x0004a32b   0x68  Code  Gb  timer.obj [4]
timer_eventTimer1       0x0004a2e9   0x42  Code  Gb  timer.obj [4]
timer_init              0x0004a175   0x44  Code  Gb  timer.obj [4]
timer_scheduleNext      0x0004a227   0x2e  Code  Lc  timer.obj [4]
timer_setFreqError      0x0004a393   0x24  Code  Gb  timer.obj [4]
timer_setFreqErrorNetClrTemp
                        0x0004a3b7   0x16  Code  Gb  timer.obj [4]
timer_setTimer          0x0004a1b9   0x6e  Code  Gb  timer.obj [4]
timer_v                 0x20004694  0x2a4  Data  Gb  timer.obj [4]
tlv_readArray           0x0005a349   0x5e  Code  Gb  config.obj [4]
tlv_readList            0x0005a3a7   0x5e  Code  Gb  config.obj [4]
tlv_writeArray          0x0005a405   0x7e  Code  Gb  config.obj [4]
tmr_ActiveSlotISR       0x00043d0d    0xa  Code  Lc  timer_sched.obj [4]
tmr_AsnGenISR           0x00043d19    0x8  Code  Lc  timer_sched.obj [4]
tmr_AsnOverflowISR      0x00043d4d   0x12  Code  Lc  timer_sched.obj [4]
tmr_LowPowerISR         0x00043d89   0x3e  Code  Lc  timer_sched.obj [4]
tmr_PreslotISR          0x00043d2d    0xa  Code  Lc  timer_sched.obj [4]
tmr_SysTimeOverflowISR  0x00043d39   0x12  Code  Lc  timer_sched.obj [4]
tmr_TimePinISR          0x00043e05   0x58  Code  Lc  timer_sched.obj [4]
tmr_Timer1ISR           0x00043d61   0x14  Code  Lc  timer_sched.obj [4]
tmr_Timer2ISR           0x00043d75   0x14  Code  Lc  timer_sched.obj [4]
tmr_Timer8ISR           0x00043dc9   0x34  Code  Lc  timer_sched.obj [4]
tmr_decrementAsn        0x00043f87   0x18  Code  Gb  timer_sched.obj [4]
tmr_enableActiveSlotEvent
                        0x00043bc5   0x16  Code  Gb  timer_sched.obj [4]
tmr_enableAsnCapture    0x00043c1b   0x16  Code  Gb  timer_sched.obj [4]
tmr_enableAsnEvent      0x00043ba7   0x16  Code  Gb  timer_sched.obj [4]
tmr_enableDeltaSigma    0x00043c05   0x16  Code  Gb  timer_sched.obj [4]
tmr_enablePreslotEvent  0x00043b91   0x16  Code  Gb  timer_sched.obj [4]
tmr_enableSlotAccum     0x00043b6d   0x24  Code  Gb  timer_sched.obj [4]
tmr_enableWatchdog      0x00043cdb   0x1a  Code  Gb  timer_sched.obj [4]
tmr_feedWatchdog        0x000c9345   0x18  Code  Gb  timer_sched.obj [4]
tmr_getAsn              0x00043a11   0x30  Code  Gb  timer_sched.obj [4]
tmr_getAsn64            0x00043aef   0x2a  Code  Gb  timer_sched.obj [4]
tmr_getAsnOffset        0x00043a41   0xae  Code  Gb  timer_sched.obj [4]
tmr_getCapturedAsn      0x00043e5d  0x118  Code  Gb  timer_sched.obj [4]
tmr_getSlotOffset       0x00043b43    0x8  Code  Gb  timer_sched.obj [4]
tmr_getSlotTimeAcc      0x00043b3b    0x8  Code  Gb  timer_sched.obj [4]
tmr_getSlotWidth        0x00043b33    0x8  Code  Gb  timer_sched.obj [4]
tmr_getSysTimeCtr       0x00043947    0x8  Code  Gb  timer_sched.obj [4]
tmr_getSysTimeCtr64     0x0004394f   0x12  Code  Gb  timer_sched.obj [4]
tmr_getSysTimer1Start   0x000439b7    0xe  Code  Gb  timer_sched.obj [4]
tmr_incrAsnByInt8       0x00044031   0x14  Code  Gb  timer_sched.obj [4]
tmr_incrementAsn        0x00043f75   0x12  Code  Gb  timer_sched.obj [4]
tmr_init                0x000437f1   0x8e  Code  Gb  timer_sched.obj [4]
tmr_initTimer16         0x00043c37   0x42  Code  Gb  timer_sched.obj [4]
tmr_isrCallback         0x00043cfb   0x10  Code  Lc  timer_sched.obj [4]
tmr_loadAsn             0x00043b19   0x12  Code  Gb  timer_sched.obj [4]
tmr_lpWaitTick          0x00043975   0x1c  Code  Gb  timer_sched.obj [4]
tmr_registerCallback    0x0004392d   0x1a  Code  Gb  timer_sched.obj [4]
tmr_resetAsnAndChanCtr  0x00043f9f   0x40  Code  Gb  timer_sched.obj [4]
tmr_setAsnEvent         0x00043bbd    0x8  Code  Gb  timer_sched.obj [4]
tmr_setChannelCtr       0x00043cf5    0x6  Code  Gb  timer_sched.obj [4]
tmr_setFreqError        0x00043bdb   0x22  Code  Gb  timer_sched.obj [4]
tmr_setParentOffset     0x00043b4b   0x22  Code  Gb  timer_sched.obj [4]
tmr_setSlotWidth        0x00043b2b    0x8  Code  Gb  timer_sched.obj [4]
tmr_setSysTimer1Delta   0x00043991   0x26  Code  Gb  timer_sched.obj [4]
tmr_setWatchdogPeriod   0x00043cbd   0x1e  Code  Gb  timer_sched.obj [4]
tmr_startTimer16PWM     0x00043c79   0x24  Code  Gb  timer_sched.obj [4]
tmr_stopTimer16         0x00043ca7   0x16  Code  Gb  timer_sched.obj [4]
tmr_syncAsn             0x000439c5   0x4c  Code  Gb  timer_sched.obj [4]
tmr_timenPinInit        0x0004387f   0xae  Code  Gb  timer_sched.obj [4]
tmr_v                   0x20003fd4   0x6c  Data  Gb  timer_sched.obj [4]
tmr_waitTick            0x00043961   0x14  Code  Gb  timer_sched.obj [4]
traceFlagMap            0x00052ee8   0x70  Data  Lc  mote_cli.obj [4]
transp_allocSession     0x00053935   0x42  Code  Gb  transport_util.obj [4]
transp_composeHdr       0x00060eb5   0x4e  Code  Gb  transport.obj [4]
transp_findSession      0x0005390d   0x28  Code  Gb  transport_util.obj [4]
transp_init             0x000538e1   0x2c  Code  Gb  transport_util.obj [4]
transp_parseHdr         0x00060e77   0x3e  Code  Gb  transport.obj [4]
transp_pkCopy           0x0005397d    0x4  Code  Gb  transport_util.obj [4]
transp_rxProc           0x00060ce9   0xe8  Code  Gb  transport.obj [4]
transp_stats            0x20008e0c    0x4  Data  Gb  transport.obj [4]
transp_txProc           0x00060dd5   0xa2  Code  Gb  transport.obj [4]
transp_v                0x20008834   0x1c  Data  Gb  transport_util.obj [4]
tune20Mhz_p             0x00060bad   0x32  Code  Gb  radio_utils.obj [4]
txPkRing                0x20008cd0    0x4  Data  Gb  tengine.obj [4]
txPkRingBuf             0x20008cd4    0x4  Data  Gb  tengine.obj [4]
tx_p                    0x0004c1b7   0x98  Code  Lc  radio_drv.obj [4]
uartTaskStk             0x20004394  0x300  Data  Lc  uart_drv.obj [4]
uart_checkFragStatus    0x0004e43d    0xc  Code  Gb  uart.obj [4]
uart_cli_bufCopyToTxBuf
                        0x0004830d   0xb0  Code  Lc  uart_cli.obj [4]
uart_cli_bytesAvailInTxBuf
                        0x000482cd   0x40  Code  Gb  uart_cli.obj [4]
uart_cli_getPort        0x00048469    0x8  Code  Gb  uart_cli.obj [4]
uart_cli_init           0x00048199   0x92  Code  Gb  uart_cli.obj [4]
uart_cli_tx             0x0004822b   0x4a  Code  Gb  uart_cli.obj [4]
uart_cli_v              0x20004944  0x120  Data  Gb  uart_cli.obj [4]
uart_cli_write          0x000483bd   0xac  Code  Gb  uart_cli.obj [4]
uart_ctsToRxTimeouts    0x0004e78c    0xc  Data  Gb  uart.obj [4]
uart_dmaInit            0x0004e16d  0x10c  Code  Lc  uart.obj [4]
uart_drv_close          0x0004cadf   0x1a  Code  Gb  uart_drv.obj [4]
uart_drv_init           0x0004c9a5   0x12  Code  Gb  uart_drv.obj [4]
uart_drv_ioctl          0x0004cc85   0xc8  Code  Gb  uart_drv.obj [4]
uart_drv_open           0x0004c9b7  0x128  Code  Gb  uart_drv.obj [4]
uart_drv_rxEvent        0x0004cb95   0xb2  Code  Lc  uart_drv.obj [4]
uart_drv_txDone         0x0004cc49   0x3a  Code  Lc  uart_drv.obj [4]
uart_drv_txTask         0x0004caf9   0x9c  Code  Lc  uart_drv.obj [4]
uart_drv_v              0x200041e8  0x1ac  Data  Gb  uart_drv.obj [4]
uart_eopToRtsTimeouts   0x0004e798    0xc  Data  Gb  uart.obj [4]
uart_feedRx             0x0004e449   0x42  Code  Gb  uart.obj [4]
uart_getClkDivider      0x0004e575    0xa  Code  Gb  uart.obj [4]
uart_getTimeoutVal      0x0004e57f   0x22  Code  Gb  uart.obj [4]
uart_ibTimeouts         0x0004e774    0xc  Data  Gb  uart.obj [4]
uart_init               0x0004e279  0x13c  Code  Gb  uart.obj [4]
uart_invalidateLateFeed
                        0x0004e6ff   0x32  Code  Gb  uart.obj [4]
uart_ioconfig           0x0004e3b5   0x32  Code  Gb  uart.obj [4]
uart_isBaudRateValid    0x0004e6ad   0x40  Code  Gb  uart.obj [4]
uart_isReceiving        0x0004e6ed   0x12  Code  Gb  uart.obj [4]
uart_modeSettings       0x0004e760   0x14  Data  Gb  uart.obj [4]
uart_read               0x0004e41d   0x20  Code  Gb  uart.obj [4]
uart_rtsToCtsTimeouts   0x0004e780    0xc  Data  Gb  uart.obj [4]
uart_rxIsr              0x0004e4f9   0x54  Code  Gb  uart.obj [4]
uart_setBaudRate        0x0004e5a1   0x30  Code  Gb  uart.obj [4]
uart_setCtsOut          0x0004e561   0x14  Code  Gb  uart.obj [4]
uart_setCtsOutMode      0x0004e54d   0x14  Code  Gb  uart.obj [4]
uart_setTout            0x0004e5d1   0x9e  Code  Gb  uart.obj [4]
uart_shutdown           0x0004e66f   0x3e  Code  Gb  uart.obj [4]
uart_tx                 0x0004e3e7   0x36  Code  Gb  uart.obj [4]
uart_txIsr              0x0004e48d   0x6a  Code  Gb  uart.obj [4]
uart_txToCtsTimeouts    0x0004e7a4    0xc  Data  Gb  uart.obj [4]
uart_v                  0x200055f4   0x48  Data  Gb  uart.obj [4]
uartc_dmaTx             0x000469eb   0x52  Code  Gb  uartc.obj [4]
uartc_dmaTxDoneEvent    0x00048275   0x52  Code  Gb  uart_cli.obj [4]
uartc_getRegBase        0x00046af1   0x12  Code  Gb  uartc.obj [4]
uartc_init              0x000467cd  0x146  Code  Gb  uartc.obj [4]
uartc_receiveEvent      0x000482c9    0x4  Code  Gb  uart_cli.obj [4]
uartc_registerDmaTxDoneHandler
                        0x000469db   0x10  Code  Gb  uartc.obj [4]
uartc_rxIsr             0x000469ad   0x2e  Code  Gb  uartc.obj [4]
uartc_rxIsr0            0x00046b31    0xe  Code  Gb  uartc.obj [4]
uartc_rxIsr1            0x00046b41    0xe  Code  Gb  uartc.obj [4]
uartc_setBaudRate       0x00046abd   0x34  Code  Gb  uartc.obj [4]
uartc_txAndWait         0x00046a3d   0x80  Code  Gb  uartc.obj [4]
uartc_txIsr             0x00046913   0x9a  Code  Gb  uartc.obj [4]
uartc_txIsr0            0x00046b11    0xa  Code  Gb  uartc.obj [4]
uartc_txIsr1            0x00046b1d    0x8  Code  Gb  uartc.obj [4]
uartc_v                 0x20004040   0xa8  Data  Gb  uartc.obj [4]
uclk_adjFreq            0x000493a3   0x96  Code  Gb  pmu.obj [4]
uclk_measFreq           0x0004935d   0x46  Code  Gb  pmu.obj [4]
uclk_tune               0x000491d5  0x188  Code  Gb  pmu.obj [4]
udp_calcHdrSize         0x000613a7   0x64  Code  Gb  udp.obj [4]
udp_composeHdr          0x000612c3   0xe4  Code  Gb  udp.obj [4]
udp_parseHdr            0x0006120d   0xb6  Code  Gb  udp.obj [4]
udp_rx                  0x000537d1   0x8a  Code  Gb  socket.obj [4]
uncompressWriting       0x000621d9   0x82  Code  Lc  cmd_otap.obj [4]
unknownIsr_handler      0x000c9541         Code  Gb  fault_a.obj [4]
unknownIsr_handlerC     0x0006662b   0x34  Code  Gb  fault_c.obj [4]
unlock_p                0x0004c417    0x8  Code  Lc  radio_drv.obj [4]
usocket_bind            0x00053713   0x80  Code  Gb  socket.obj [4]
usocket_close           0x000536b3   0x60  Code  Gb  socket.obj [4]
usocket_getByIdx        0x00053567    0x8  Code  Gb  socket.obj [4]
usocket_getBySocketId   0x000535fb   0x28  Code  Gb  socket.obj [4]
usocket_initSockets     0x000535a1   0x5a  Code  Gb  socket.obj [4]
usocket_isFree          0x00053565    0x2  Code  Lc  socket.obj [4]
usocket_isMatchPort     0x0005356f   0x12  Code  Lc  socket.obj [4]
usocket_isMatchSocketId
                        0x00053581   0x12  Code  Lc  socket.obj [4]
usocket_isSocketAvail   0x00053593    0x2  Code  Lc  socket.obj [4]
usocket_open            0x00053623   0x90  Code  Gb  socket.obj [4]
usocket_sendto          0x00053793   0x38  Code  Gb  socket.obj [4]
usocket_v               0x20008850   0x48  Data  Gb  socket.obj [4]
utils_ASN_40to64        0x00057029   0x22  Code  Gb  utils.obj [4]
utils_ASN_64to40        0x0005704b   0x18  Code  Gb  utils.obj [4]
utils_asnToUtc          0x00057063   0x5a  Code  Gb  utils.obj [4]
utils_binToHex          0x000570bd   0xa4  Code  Gb  utils.obj [4]
utils_dnerr2str         0x00057241   0x2c  Code  Gb  utils.obj [4]
utils_hexStr2Bin        0x00057173   0xce  Code  Gb  utils.obj [4]
utils_macToStr          0x00057161   0x12  Code  Gb  utils.obj [4]
vsnprintf               0x00046b59   0x3c  Code  Gb  vsnprint.o [3]
wd_getResetStatus       0x0004d14d    0x4  Code  Gb  wd.obj [4]
wd_init                 0x0004d065   0x58  Code  Gb  wd.obj [4]
wd_locVar_v             0x200054a8   0x44  Data  Lc  wd.obj [4]
wd_timer_tick_p         0x0004d0bd   0x86  Code  Lc  wd.obj [4]


[1] = C:\Users\Yesoooof\Documents\GitHub\Team-20-Sensor-Suite\Firmware\On-chip App\onchipsdk-REL-1.1.0.7\projects\iar\00-hello\Debug\Obj
[2] = command line
[3] = dl7M_tln.a
[4] = libip_stack.a
[5] = libucos_full.a
[6] = m7M_tl.a
[7] = rt7M_tl.a

  155 796 bytes of readonly  code memory
    5 556 bytes of readwrite code memory
    8 216 bytes of readonly  data memory
   36 373 bytes of readwrite data memory

Errors: none
Warnings: none
